2026-10-09T09:59:23.1923637Z Current runner version: '2.337.0'
2026-10-09T09:59:23.1944675Z ##[group]Runner Image Provisioner
2026-10-09T09:59:23.1945493Z Hosted Compute Agent
2026-10-09T09:59:23.1946000Z Version: 20261002.596
2026-10-09T09:59:23.1946608Z Commit: c3d12f3313a95f25162a1503be624f3b0617f8c0
2026-10-09T09:59:23.1947240Z Build Date: 2026-10-02T22:28:27Z
2026-10-09T09:59:23.1947816Z Worker ID: {7241c464-9fb5-49e6-82f2-950d47008c2a}
2026-10-09T09:59:23.1948476Z Region: westus
2026-10-09T09:59:23.1948975Z Cloud: Azure
2026-10-09T09:59:23.1949430Z ##[endgroup]
2026-10-09T09:59:23.1950572Z ##[group]Operating System
2026-10-09T09:59:23.1951105Z Ubuntu
2026-10-09T09:59:23.1951848Z 24.04.5
2026-10-09T09:59:23.1952309Z LTS
2026-10-09T09:59:23.1952758Z ##[endgroup]
2026-10-09T09:59:23.1953302Z ##[group]Runner Image
2026-10-09T09:59:23.1953820Z Image: ubuntu-24.04
2026-10-09T09:59:23.1954352Z Version: 20261004.327.1
2026-10-09T09:59:23.1955418Z Included Software: https://github.com/actions/runner-images/blob/ubuntu24/20261004.327/images/ubuntu/Ubuntu2404-Readme.md
2026-10-09T09:59:23.1956750Z Image Release: https://github.com/actions/runner-images/releases/tag/ubuntu24%2F20261004.327
2026-10-09T09:59:23.1957564Z ##[endgroup]
2026-10-09T09:59:23.1960100Z ##[group]GITHUB_TOKEN Permissions
2026-10-09T09:59:23.1962019Z Actions: write
2026-10-09T09:59:23.1962603Z ArtifactMetadata: write
2026-10-09T09:59:23.1963179Z Attestations: write
2026-10-09T09:59:23.1963695Z Checks: write
2026-10-09T09:59:23.1964226Z CodeQuality: write
2026-10-09T09:59:23.1964717Z Contents: write
2026-10-09T09:59:23.1965231Z CopilotRequests: write
2026-10-09T09:59:23.1965749Z Deployments: write
2026-10-09T09:59:23.1966261Z Discussions: write
2026-10-09T09:59:23.1966768Z Drives: write
2026-10-09T09:59:23.1967226Z Issues: write
2026-10-09T09:59:23.1967812Z Metadata: read
2026-10-09T09:59:23.1968292Z Models: read
2026-10-09T09:59:23.1968783Z Packages: write
2026-10-09T09:59:23.1969309Z Pages: write
2026-10-09T09:59:23.1969787Z PullRequests: write
2026-10-09T09:59:23.1970285Z RepositoryProjects: write
2026-10-09T09:59:23.1970867Z SecurityEvents: write
2026-10-09T09:59:23.1971476Z Statuses: write
2026-10-09T09:59:23.1971988Z VulnerabilityAlerts: read
2026-10-09T09:59:23.1972513Z ##[endgroup]
2026-10-09T09:59:23.1974271Z Secret source: Actions
2026-10-09T09:59:23.1975117Z Cache mode: write
2026-10-09T09:59:23.1975740Z Prepare workflow directory
2026-10-09T09:59:23.2236300Z Prepare all required actions
2026-10-09T09:59:23.2274317Z Getting action download info
2026-10-09T09:59:23.5875171Z Download action repository 'actions/checkout@v5' (SHA:fbc6f3992d24b796d5a048ff273f7fcc4a7b6c09)
2026-10-09T09:59:23.6662940Z Download action repository 'actions/setup-node@v5' (SHA:a0853c24544627f65ddf259abe73b1d18a591444)
2026-10-09T09:59:23.7760278Z Download action repository 'actions/download-artifact@v7' (SHA:37930b1c2abaa49bbe596cd826c3c89aef350131)
2026-10-09T09:59:24.2339508Z Download action repository 'actions/upload-artifact@v6' (SHA:b7c566a772e6b6bfb58ed0dc250532a479d7789f)
2026-10-09T09:59:24.4400857Z Complete job name: Error Scenario Tests
2026-10-09T09:59:24.5056852Z ##[group]Run actions/checkout@v5
2026-10-09T09:59:24.5057607Z with:
2026-10-09T09:59:24.5058048Z   repository: chainlesschain/chainlesschain
2026-10-09T09:59:24.5061806Z   token: ***
2026-10-09T09:59:24.5062216Z   ssh-strict: true
2026-10-09T09:59:24.5062627Z   ssh-user: git
2026-10-09T09:59:24.5063033Z   persist-credentials: true
2026-10-09T09:59:24.5063484Z   clean: true
2026-10-09T09:59:24.5063895Z   sparse-checkout-cone-mode: true
2026-10-09T09:59:24.5064387Z   fetch-depth: 1
2026-10-09T09:59:24.5064779Z   fetch-tags: false
2026-10-09T09:59:24.5065183Z   show-progress: true
2026-10-09T09:59:24.5065591Z   lfs: false
2026-10-09T09:59:24.5065979Z   submodules: false
2026-10-09T09:59:24.5066396Z   set-safe-directory: true
2026-10-09T09:59:24.5066859Z   allow-unsafe-pr-checkout: false
2026-10-09T09:59:24.5067541Z ##[endgroup]
2026-10-09T09:59:24.5955853Z Syncing repository: chainlesschain/chainlesschain
2026-10-09T09:59:24.5957916Z ##[group]Getting Git version info
2026-10-09T09:59:24.5958679Z Working directory is '/home/runner/work/chainlesschain/chainlesschain'
2026-10-09T09:59:24.5959645Z [command]/usr/bin/git version
2026-10-09T09:59:24.6114870Z git version 2.55.0
2026-10-09T09:59:24.6134324Z ##[endgroup]
2026-10-09T09:59:24.6148139Z Temporarily overriding HOME='/home/runner/work/_temp/64e8599f-3297-449f-83ea-5e1a1fa3cd31' before making global git config changes
2026-10-09T09:59:24.6150018Z Adding repository directory to the temporary git global config as a safe directory
2026-10-09T09:59:24.6152671Z [command]/usr/bin/git config --global --add safe.directory /home/runner/work/chainlesschain/chainlesschain
2026-10-09T09:59:24.6201541Z Deleting the contents of '/home/runner/work/chainlesschain/chainlesschain'
2026-10-09T09:59:24.6209796Z ##[group]Initializing the repository
2026-10-09T09:59:24.6216289Z [command]/usr/bin/git init /home/runner/work/chainlesschain/chainlesschain
2026-10-09T09:59:24.6338927Z hint: Using 'master' as the name for the initial branch. This default branch name
2026-10-09T09:59:24.6340831Z hint: will change to "main" in Git 3.0. To configure the initial branch name
2026-10-09T09:59:24.6342654Z hint: to use in all of your new repositories, which will suppress this warning,
2026-10-09T09:59:24.6343974Z hint: call:
2026-10-09T09:59:24.6344977Z hint:
2026-10-09T09:59:24.6345804Z hint: 	git config --global init.defaultBranch <name>
2026-10-09T09:59:24.6346706Z hint:
2026-10-09T09:59:24.6347527Z hint: Names commonly chosen instead of 'master' are 'main', 'trunk' and
2026-10-09T09:59:24.6348879Z hint: 'development'. The just-created branch can be renamed via this command:
2026-10-09T09:59:24.6349934Z hint:
2026-10-09T09:59:24.6350565Z hint: 	git branch -m <name>
2026-10-09T09:59:24.6351252Z hint:
2026-10-09T09:59:24.6352457Z hint: Disable this message with "git config set advice.defaultBranchName false"
2026-10-09T09:59:24.6354054Z Initialized empty Git repository in /home/runner/work/chainlesschain/chainlesschain/.git/
2026-10-09T09:59:24.6356904Z [command]/usr/bin/git remote add origin https://github.com/chainlesschain/chainlesschain
2026-10-09T09:59:24.6414390Z ##[endgroup]
2026-10-09T09:59:24.6415557Z ##[group]Disabling automatic garbage collection
2026-10-09T09:59:24.6489603Z [command]/usr/bin/git config --local gc.auto 0
2026-10-09T09:59:24.6497653Z ##[endgroup]
2026-10-09T09:59:24.6498664Z ##[group]Setting up auth
2026-10-09T09:59:24.6499684Z [command]/usr/bin/git config --local --name-only --get-regexp core\.sshCommand
2026-10-09T09:59:24.6517470Z [command]/usr/bin/git submodule foreach --recursive sh -c "git config --local --name-only --get-regexp 'core\.sshCommand' && git config --local --unset-all 'core.sshCommand' || :"
2026-10-09T09:59:24.7201794Z [command]/usr/bin/git config --local --name-only --get-regexp http\.https\:\/\/github\.com\/\.extraheader
2026-10-09T09:59:24.7232099Z [command]/usr/bin/git submodule foreach --recursive sh -c "git config --local --name-only --get-regexp 'http\.https\:\/\/github\.com\/\.extraheader' && git config --local --unset-all 'http.https://github.com/.extraheader' || :"
2026-10-09T09:59:24.7422777Z [command]/usr/bin/git config --local --name-only --get-regexp ^includeIf\.gitdir:
2026-10-09T09:59:24.7452939Z [command]/usr/bin/git submodule foreach --recursive git config --local --show-origin --name-only --get-regexp remote.origin.url
2026-10-09T09:59:24.7643402Z [command]/usr/bin/git config --local http.https://github.com/.extraheader AUTHORIZATION: basic ***
2026-10-09T09:59:24.7679155Z ##[endgroup]
2026-10-09T09:59:24.7679949Z ##[group]Fetching the repository
2026-10-09T09:59:24.7686970Z [command]/usr/bin/git -c protocol.version=2 fetch --no-tags --prune --no-recurse-submodules --depth=1 origin +b26d7135c25592fd17c8ae8cc25765cdb867df33:refs/remotes/pull/425/merge
2026-10-09T09:59:36.2745703Z From https://github.com/chainlesschain/chainlesschain
2026-10-09T09:59:36.2746466Z  * [new ref]           b26d7135c25592fd17c8ae8cc25765cdb867df33 -> pull/425/merge
2026-10-09T09:59:36.2748990Z ##[endgroup]
2026-10-09T09:59:36.2749550Z ##[group]Determining the checkout info
2026-10-09T09:59:36.2750649Z ##[endgroup]
2026-10-09T09:59:36.2756191Z [command]/usr/bin/git sparse-checkout disable
2026-10-09T09:59:36.2813574Z [command]/usr/bin/git config --local --unset-all extensions.worktreeConfig
2026-10-09T09:59:36.2841223Z ##[group]Checking out the ref
2026-10-09T09:59:36.2844242Z [command]/usr/bin/git checkout --progress --force refs/remotes/pull/425/merge
2026-10-09T09:59:37.4168196Z Updating files:  56% (12849/22727)
2026-10-09T09:59:37.7777422Z Updating files:  57% (12955/22727)
2026-10-09T09:59:38.0779453Z Updating files:  58% (13182/22727)
2026-10-09T09:59:38.1359155Z Updating files:  59% (13409/22727)
2026-10-09T09:59:38.1567085Z Updating files:  60% (13637/22727)
2026-10-09T09:59:38.1896367Z Updating files:  61% (13864/22727)
2026-10-09T09:59:38.2272877Z Updating files:  62% (14091/22727)
2026-10-09T09:59:38.2420565Z Updating files:  63% (14319/22727)
2026-10-09T09:59:38.2602724Z Updating files:  64% (14546/22727)
2026-10-09T09:59:38.2744000Z Updating files:  65% (14773/22727)
2026-10-09T09:59:38.2855518Z Updating files:  66% (15000/22727)
2026-10-09T09:59:38.3018033Z Updating files:  67% (15228/22727)
2026-10-09T09:59:38.3046596Z Updating files:  68% (15455/22727)
2026-10-09T09:59:38.3184263Z Updating files:  68% (15496/22727)
2026-10-09T09:59:38.3304771Z Updating files:  69% (15682/22727)
2026-10-09T09:59:38.3461562Z Updating files:  70% (15909/22727)
2026-10-09T09:59:38.3649764Z Updating files:  71% (16137/22727)
2026-10-09T09:59:38.3791564Z Updating files:  72% (16364/22727)
2026-10-09T09:59:38.3915792Z Updating files:  73% (16591/22727)
2026-10-09T09:59:38.4069853Z Updating files:  74% (16818/22727)
2026-10-09T09:59:38.4220451Z Updating files:  75% (17046/22727)
2026-10-09T09:59:38.4377549Z Updating files:  76% (17273/22727)
2026-10-09T09:59:38.4499728Z Updating files:  77% (17500/22727)
2026-10-09T09:59:38.4632504Z Updating files:  78% (17728/22727)
2026-10-09T09:59:38.4782600Z Updating files:  79% (17955/22727)
2026-10-09T09:59:38.4933179Z Updating files:  80% (18182/22727)
2026-10-09T09:59:38.5063647Z Updating files:  81% (18409/22727)
2026-10-09T09:59:38.5228713Z Updating files:  82% (18637/22727)
2026-10-09T09:59:38.5439738Z Updating files:  83% (18864/22727)
2026-10-09T09:59:38.5647280Z Updating files:  84% (19091/22727)
2026-10-09T09:59:38.5850684Z Updating files:  85% (19318/22727)
2026-10-09T09:59:38.6030846Z Updating files:  86% (19546/22727)
2026-10-09T09:59:38.6204287Z Updating files:  87% (19773/22727)
2026-10-09T09:59:38.6381691Z Updating files:  88% (20000/22727)
2026-10-09T09:59:38.6553031Z Updating files:  89% (20228/22727)
2026-10-09T09:59:38.6677173Z Updating files:  90% (20455/22727)
2026-10-09T09:59:38.6801737Z Updating files:  91% (20682/22727)
2026-10-09T09:59:38.6962776Z Updating files:  92% (20909/22727)
2026-10-09T09:59:38.7080642Z Updating files:  93% (21137/22727)
2026-10-09T09:59:38.7230930Z Updating files:  94% (21364/22727)
2026-10-09T09:59:38.7386013Z Updating files:  95% (21591/22727)
2026-10-09T09:59:38.7527900Z Updating files:  96% (21818/22727)
2026-10-09T09:59:38.7654933Z Updating files:  97% (22046/22727)
2026-10-09T09:59:38.7787568Z Updating files:  98% (22273/22727)
2026-10-09T09:59:38.7914351Z Updating files:  99% (22500/22727)
2026-10-09T09:59:38.7914617Z Updating files: 100% (22727/22727)
2026-10-09T09:59:38.7914856Z Updating files: 100% (22727/22727), done.
2026-10-09T09:59:38.8109648Z Note: switching to 'refs/remotes/pull/425/merge'.
2026-10-09T09:59:38.8109920Z 
2026-10-09T09:59:38.8110224Z You are in 'detached HEAD' state. You can look around, make experimental
2026-10-09T09:59:38.8110610Z changes and commit them, and you can discard any commits you make in this
2026-10-09T09:59:38.8111051Z state without impacting any branches by switching back to a branch.
2026-10-09T09:59:38.8111880Z 
2026-10-09T09:59:38.8112208Z If you want to create a new branch to retain commits you create, you may
2026-10-09T09:59:38.8112798Z do so (now or later) by using -c with the switch command. Example:
2026-10-09T09:59:38.8113392Z 
2026-10-09T09:59:38.8113673Z   git switch -c <new-branch-name>
2026-10-09T09:59:38.8113880Z 
2026-10-09T09:59:38.8114012Z Or undo this operation with:
2026-10-09T09:59:38.8114217Z 
2026-10-09T09:59:38.8114324Z   git switch -
2026-10-09T09:59:38.8114484Z 
2026-10-09T09:59:38.8114736Z Turn off this advice by setting config variable advice.detachedHead to false
2026-10-09T09:59:38.8115125Z 
2026-10-09T09:59:38.8115543Z HEAD is now at b26d7135 Merge d4b936395ee40726bff956fd3adfd4f01ff24e77 into 976c4f394fbab4fccc041787051f00abe08113c9
2026-10-09T09:59:38.8154555Z ##[endgroup]
2026-10-09T09:59:38.8194429Z [command]/usr/bin/git log -1 --format=%H
2026-10-09T09:59:38.8219526Z b26d7135c25592fd17c8ae8cc25765cdb867df33
2026-10-09T09:59:38.8452268Z ##[group]Run actions/setup-node@v5
2026-10-09T09:59:38.8452519Z with:
2026-10-09T09:59:38.8452698Z   node-version: 22.x
2026-10-09T09:59:38.8452886Z   cache: npm
2026-10-09T09:59:38.8453061Z   always-auth: false
2026-10-09T09:59:38.8453258Z   check-latest: false
2026-10-09T09:59:38.8455020Z   token: ***
2026-10-09T09:59:38.8455214Z   package-manager-cache: true
2026-10-09T09:59:38.8455433Z ##[endgroup]
2026-10-09T09:59:38.9641670Z Found in cache @ /opt/hostedtoolcache/node/22.23.3/x64
2026-10-09T09:59:38.9644763Z (node:2127) [DEP0040] DeprecationWarning: The `punycode` module is deprecated. Please use a userland alternative instead.
2026-10-09T09:59:38.9645290Z (Use `node --trace-deprecation ...` to show where the warning was created)
2026-10-09T09:59:38.9646887Z ##[group]Environment details
2026-10-09T09:59:39.3347205Z node: v22.23.3
2026-10-09T09:59:39.3347647Z npm: 10.9.9
2026-10-09T09:59:39.3347931Z yarn: 1.22.22
2026-10-09T09:59:39.3349289Z ##[endgroup]
2026-10-09T09:59:39.3368098Z [command]/opt/hostedtoolcache/node/22.23.3/x64/bin/npm config get cache
2026-10-09T09:59:39.4253957Z /home/runner/.npm
2026-10-09T09:59:39.6852774Z Cache hit for: node-cache-Linux-x64-npm-100da48ce2844122a8dd5992bb8735a06118c0b061a63a964dbfa6c63c37e2e0
2026-10-09T09:59:39.6960007Z (node:2127) [DEP0169] DeprecationWarning: `url.parse()` behavior is not standardized and prone to errors that have security implications. Use the WHATWG URL API instead. CVEs are not issued for `url.parse()` vulnerabilities.
2026-10-09T09:59:40.9720585Z Received 0 of 660679075 (0.0%), 0.0 MBs/sec
2026-10-09T09:59:41.9729763Z Received 125829120 of 660679075 (19.0%), 60.0 MBs/sec
2026-10-09T09:59:42.9752607Z Received 264241152 of 660679075 (40.0%), 83.9 MBs/sec
2026-10-09T09:59:43.9731706Z Received 335544320 of 660679075 (50.8%), 80.0 MBs/sec
2026-10-09T09:59:44.9742713Z Received 419430400 of 660679075 (63.5%), 80.0 MBs/sec
2026-10-09T09:59:45.9750863Z Received 536870912 of 660679075 (81.3%), 85.3 MBs/sec
2026-10-09T09:59:46.7690046Z Received 660679075 of 660679075 (100.0%), 92.7 MBs/sec
2026-10-09T09:59:46.7690500Z Cache Size: ~630 MB (660679075 B)
2026-10-09T09:59:46.7747013Z [command]/usr/bin/tar -xf /home/runner/work/_temp/223e424d-eafb-4ae4-9567-e3a07ab6c737/cache.tzst -P -C /home/runner/work/chainlesschain/chainlesschain --use-compress-program unzstd
2026-10-09T09:59:47.8720790Z Cache restored successfully
2026-10-09T09:59:47.8982833Z Cache restored from key: node-cache-Linux-x64-npm-100da48ce2844122a8dd5992bb8735a06118c0b061a63a964dbfa6c63c37e2e0
2026-10-09T09:59:47.9699592Z ##[group]Run actions/download-artifact@v7
2026-10-09T09:59:47.9699847Z with:
2026-10-09T09:59:47.9700033Z   name: electron-build
2026-10-09T09:59:47.9700243Z   path: desktop-app-vue/dist
2026-10-09T09:59:47.9700464Z   merge-multiple: false
2026-10-09T09:59:47.9700690Z   repository: chainlesschain/chainlesschain
2026-10-09T09:59:47.9700930Z   run-id: 37912152813
2026-10-09T09:59:47.9701122Z ##[endgroup]
2026-10-09T09:59:48.1074568Z Downloading single artifact
2026-10-09T09:59:48.3938478Z Preparing to download the following artifacts:
2026-10-09T09:59:48.3939381Z - electron-build (ID: 11607441718, Size: 18749163, Expected Digest: sha256:422d7a2ed37c2462b3d19e7eb171556d1463bbe4323091a1aa9cf1d61a30b43b)
2026-10-09T09:59:48.9359051Z Redirecting to blob download url: https://productionresultssa8.blob.core.windows.net/actions-results/c0dfa655-02e5-8ded-a743-3bde96df2294/workflow-job-run-9e3e48f7-94d8-5c1f-911b-c1c97b102b9e/artifacts/8e22e3bdd216fd2fef052ed125c64127f9de8b1447537e40482849a65f2ed74f.zip
2026-10-09T09:59:48.9360407Z Starting download of artifact to: /home/runner/work/chainlesschain/chainlesschain/desktop-app-vue/dist
2026-10-09T09:59:49.2295433Z (node:2178) [DEP0005] DeprecationWarning: Buffer() is deprecated due to security and usability issues. Please use the Buffer.alloc(), Buffer.allocUnsafe(), or Buffer.from() methods instead.
2026-10-09T09:59:49.2296739Z (Use `node --trace-deprecation ...` to show where the warning was created)
2026-10-09T09:59:50.7686214Z SHA256 digest of downloaded artifact is 422d7a2ed37c2462b3d19e7eb171556d1463bbe4323091a1aa9cf1d61a30b43b
2026-10-09T09:59:50.7687226Z Artifact download completed successfully.
2026-10-09T09:59:50.7687710Z Total of 1 artifact(s) downloaded
2026-10-09T09:59:50.7693394Z Download artifact has finished successfully
2026-10-09T09:59:50.7958115Z ##[group]Run npm ci
2026-10-09T09:59:50.7958395Z [36;1mnpm ci[0m
2026-10-09T09:59:50.9453896Z shell: /usr/bin/bash -e {0}
2026-10-09T09:59:50.9454164Z ##[endgroup]
2026-10-09T09:59:53.3915656Z npm warn skipping integrity check for git dependency ssh://git@github.com/electron/node-gyp.git
2026-10-09T10:00:03.7369015Z npm warn deprecated inflight@1.0.6: This module is not supported, and leaks memory. Do not use it. Check out lru-cache if you want a good and tested way to coalesce async requests by a key value, which is much more comprehensive and powerful.
2026-10-09T10:00:03.7418010Z npm warn deprecated gar@1.0.4: Package no longer supported. Contact Support at https://www.npmjs.com/support for more info.
2026-10-09T10:00:03.8090802Z npm warn deprecated lodash.get@4.4.2: This package is deprecated. Use the optional chaining (?.) operator instead.
2026-10-09T10:00:03.8309962Z npm warn deprecated @npmcli/move-file@2.0.1: This functionality has been moved to @npmcli/fs
2026-10-09T10:00:03.8840258Z npm warn deprecated npmlog@6.0.2: This package is no longer supported.
2026-10-09T10:00:03.9228004Z npm warn deprecated rimraf@2.6.3: Rimraf versions prior to v4 are no longer supported
2026-10-09T10:00:03.9268419Z npm warn deprecated rimraf@2.7.1: Rimraf versions prior to v4 are no longer supported
2026-10-09T10:00:03.9506686Z npm warn deprecated lodash.isequal@4.5.0: This package is deprecated. Use require('node:util').isDeepStrictEqual instead.
2026-10-09T10:00:03.9775143Z npm warn deprecated @humanwhocodes/config-array@0.13.0: Use @eslint/config-array instead
2026-10-09T10:00:03.9888311Z npm warn deprecated npmlog@4.1.2: This package is no longer supported.
2026-10-09T10:00:04.0096558Z npm warn deprecated rimraf@3.0.2: Rimraf versions prior to v4 are no longer supported
2026-10-09T10:00:04.1603132Z npm warn deprecated are-we-there-yet@1.1.7: This package is no longer supported.
2026-10-09T10:00:04.1738914Z npm warn deprecated whatwg-encoding@3.1.1: Use @exodus/bytes instead for a more spec-conformant and faster implementation
2026-10-09T10:00:04.2049661Z npm warn deprecated glob@7.2.3: Old versions of glob are not supported, and contain widely publicized security vulnerabilities, which have been fixed in the current version. Please update. Support for old versions may be purchased (at exorbitant rates) by contacting i@izs.me
2026-10-09T10:00:04.2059347Z npm warn deprecated glob@7.2.3: Old versions of glob are not supported, and contain widely publicized security vulnerabilities, which have been fixed in the current version. Please update. Support for old versions may be purchased (at exorbitant rates) by contacting i@izs.me
2026-10-09T10:00:04.2070654Z npm warn deprecated glob@7.2.3: Old versions of glob are not supported, and contain widely publicized security vulnerabilities, which have been fixed in the current version. Please update. Support for old versions may be purchased (at exorbitant rates) by contacting i@izs.me
2026-10-09T10:00:04.2099903Z npm warn deprecated glob@7.2.3: Old versions of glob are not supported, and contain widely publicized security vulnerabilities, which have been fixed in the current version. Please update. Support for old versions may be purchased (at exorbitant rates) by contacting i@izs.me
2026-10-09T10:00:04.2104976Z npm warn deprecated glob@7.2.3: Old versions of glob are not supported, and contain widely publicized security vulnerabilities, which have been fixed in the current version. Please update. Support for old versions may be purchased (at exorbitant rates) by contacting i@izs.me
2026-10-09T10:00:04.2115990Z npm warn deprecated glob@7.2.3: Old versions of glob are not supported, and contain widely publicized security vulnerabilities, which have been fixed in the current version. Please update. Support for old versions may be purchased (at exorbitant rates) by contacting i@izs.me
2026-10-09T10:00:04.2125049Z npm warn deprecated glob@8.1.0: Old versions of glob are not supported, and contain widely publicized security vulnerabilities, which have been fixed in the current version. Please update. Support for old versions may be purchased (at exorbitant rates) by contacting i@izs.me
2026-10-09T10:00:04.2198078Z npm warn deprecated glob@8.1.0: Old versions of glob are not supported, and contain widely publicized security vulnerabilities, which have been fixed in the current version. Please update. Support for old versions may be purchased (at exorbitant rates) by contacting i@izs.me
2026-10-09T10:00:04.2199842Z npm warn deprecated glob@7.2.3: Old versions of glob are not supported, and contain widely publicized security vulnerabilities, which have been fixed in the current version. Please update. Support for old versions may be purchased (at exorbitant rates) by contacting i@izs.me
2026-10-09T10:00:04.7677068Z npm warn deprecated prebuild-install@7.1.3: No longer maintained. Please contact the author of the relevant native addon; alternatives are available.
2026-10-09T10:00:04.7835466Z npm warn deprecated @humanwhocodes/object-schema@2.0.3: Use @eslint/object-schema instead
2026-10-09T10:00:04.8241917Z npm warn deprecated are-we-there-yet@3.0.1: This package is no longer supported.
2026-10-09T10:00:04.9811147Z npm warn deprecated prebuild-install@5.3.6: No longer maintained. Please contact the author of the relevant native addon; alternatives are available.
2026-10-09T10:00:05.1316754Z npm warn deprecated gauge@2.7.4: This package is no longer supported.
2026-10-09T10:00:06.3460302Z npm warn deprecated boolean@3.2.0: Package no longer supported. Contact Support at https://www.npmjs.com/support for more info.
2026-10-09T10:00:06.4588433Z npm warn deprecated gauge@4.0.4: This package is no longer supported.
2026-10-09T10:00:06.7156482Z npm warn deprecated fstream@1.0.12: This package is no longer supported.
2026-10-09T10:00:08.1546678Z npm warn deprecated node-domexception@1.0.0: Use your platform's native DOMException instead
2026-10-09T10:00:08.9724474Z npm warn deprecated multiaddr@10.0.1: This module is deprecated, please upgrade to @multiformats/multiaddr
2026-10-09T10:00:09.5036131Z npm warn deprecated vue-i18n@9.14.5: v9 and v10 no longer supported. please migrate to v11. about maintenance status, see https://vue-i18n.intlify.dev/guide/maintenance.html
2026-10-09T10:00:10.9995210Z npm warn deprecated uuid@8.3.2: uuid@10 and below is no longer supported.  For ESM codebases, update to uuid@latest.  For CommonJS codebases, use uuid@11 (but be aware this version will likely be deprecated in 2028).
2026-10-09T10:00:11.0005204Z npm warn deprecated uuid@8.3.2: uuid@10 and below is no longer supported.  For ESM codebases, update to uuid@latest.  For CommonJS codebases, use uuid@11 (but be aware this version will likely be deprecated in 2028).
2026-10-09T10:00:11.4772301Z npm warn deprecated uuid@9.0.1: uuid@10 and below is no longer supported.  For ESM codebases, update to uuid@latest.  For CommonJS codebases, use uuid@11 (but be aware this version will likely be deprecated in 2028).
2026-10-09T10:00:12.2431868Z npm warn deprecated glob@10.5.0: Old versions of glob are not supported, and contain widely publicized security vulnerabilities, which have been fixed in the current version. Please update. Support for old versions may be purchased (at exorbitant rates) by contacting i@izs.me
2026-10-09T10:00:12.2433580Z npm warn deprecated glob@10.5.0: Old versions of glob are not supported, and contain widely publicized security vulnerabilities, which have been fixed in the current version. Please update. Support for old versions may be purchased (at exorbitant rates) by contacting i@izs.me
2026-10-09T10:00:12.2472932Z npm warn deprecated glob@10.5.0: Old versions of glob are not supported, and contain widely publicized security vulnerabilities, which have been fixed in the current version. Please update. Support for old versions may be purchased (at exorbitant rates) by contacting i@izs.me
2026-10-09T10:00:17.3847611Z npm warn deprecated fluent-ffmpeg@2.1.3: Package no longer supported. Contact Support at https://www.npmjs.com/support for more info.
2026-10-09T10:00:19.9610369Z npm warn deprecated eslint@8.57.1: This version is no longer supported. Please see https://eslint.org/version-support for other options.
2026-10-09T10:00:39.6339293Z 
2026-10-09T10:00:39.6340113Z added 2540 packages, and audited 2556 packages in 49s
2026-10-09T10:00:39.6340551Z 
2026-10-09T10:00:39.6341141Z 482 packages are looking for funding
2026-10-09T10:00:39.6342046Z   run `npm fund` for details
2026-10-09T10:00:39.8800838Z 
2026-10-09T10:00:39.8801770Z 150 vulnerabilities (8 low, 53 moderate, 88 high, 1 critical)
2026-10-09T10:00:39.8802079Z 
2026-10-09T10:00:39.8802286Z To address issues that do not require attention, run:
2026-10-09T10:00:39.8802592Z   npm audit fix
2026-10-09T10:00:39.8802718Z 
2026-10-09T10:00:39.8802937Z To address all issues possible (including breaking changes), run:
2026-10-09T10:00:39.8803265Z   npm audit fix --force
2026-10-09T10:00:39.8803399Z 
2026-10-09T10:00:39.8803555Z Some issues need review, and may require choosing
2026-10-09T10:00:39.8803873Z a different dependency.
2026-10-09T10:00:39.8804018Z 
2026-10-09T10:00:39.8804348Z Run `npm audit` for details.
2026-10-09T10:00:40.1127145Z ##[group]Run npx playwright install chromium --with-deps
2026-10-09T10:00:40.1127721Z [36;1mnpx playwright install chromium --with-deps[0m
2026-10-09T10:00:40.1190465Z shell: /usr/bin/bash -e {0}
2026-10-09T10:00:40.1190709Z ##[endgroup]
2026-10-09T10:00:40.8814310Z Installing dependencies...
2026-10-09T10:00:40.8869028Z Switching to root user to install dependencies...
2026-10-09T10:00:40.9682845Z Get:1 file:/etc/apt/apt-mirrors.txt Mirrorlist [144 B]
2026-10-09T10:00:41.0048427Z Hit:2 http://azure.archive.ubuntu.com/ubuntu noble InRelease
2026-10-09T10:00:41.0056280Z Get:6 https://packages.microsoft.com/ubuntu/24.04/prod noble InRelease [3600 B]
2026-10-09T10:00:41.0064645Z Get:3 http://azure.archive.ubuntu.com/ubuntu noble-updates InRelease [126 kB]
2026-10-09T10:00:41.0095083Z Get:4 http://azure.archive.ubuntu.com/ubuntu noble-backports InRelease [126 kB]
2026-10-09T10:00:41.0122188Z Get:5 http://azure.archive.ubuntu.com/ubuntu noble-security InRelease [126 kB]
2026-10-09T10:00:41.1170449Z Get:7 https://packages.microsoft.com/ubuntu/24.04/prod noble/main arm64 Packages [475 kB]
2026-10-09T10:00:41.1347297Z Get:8 https://packages.microsoft.com/ubuntu/24.04/prod noble/main armhf Packages [12.3 kB]
2026-10-09T10:00:41.1365576Z Get:9 https://packages.microsoft.com/ubuntu/24.04/prod noble/main all Packages [640 B]
2026-10-09T10:00:41.1412276Z Get:10 https://packages.microsoft.com/ubuntu/24.04/prod noble/main amd64 Packages [531 kB]
2026-10-09T10:00:41.1623421Z Get:11 http://azure.archive.ubuntu.com/ubuntu noble-updates/main amd64 Packages [1375 kB]
2026-10-09T10:00:41.1723030Z Get:12 http://azure.archive.ubuntu.com/ubuntu noble-updates/main Translation-en [306 kB]
2026-10-09T10:00:41.1726451Z Get:13 http://azure.archive.ubuntu.com/ubuntu noble-updates/universe amd64 Packages [1702 kB]
2026-10-09T10:00:41.1807903Z Get:14 http://azure.archive.ubuntu.com/ubuntu noble-updates/universe Translation-en [342 kB]
2026-10-09T10:00:41.1827585Z Get:15 http://azure.archive.ubuntu.com/ubuntu noble-updates/restricted amd64 Packages [1761 kB]
2026-10-09T10:00:41.1901517Z Get:16 http://azure.archive.ubuntu.com/ubuntu noble-updates/restricted Translation-en [401 kB]
2026-10-09T10:00:41.1927745Z Get:17 http://azure.archive.ubuntu.com/ubuntu noble-updates/multiverse amd64 Packages [55.0 kB]
2026-10-09T10:00:41.1930699Z Get:18 http://azure.archive.ubuntu.com/ubuntu noble-updates/multiverse Translation-en [14.3 kB]
2026-10-09T10:00:41.2469626Z Get:19 http://azure.archive.ubuntu.com/ubuntu noble-security/main amd64 Packages [1118 kB]
2026-10-09T10:00:41.2525587Z Get:20 http://azure.archive.ubuntu.com/ubuntu noble-security/main Translation-en [228 kB]
2026-10-09T10:00:41.2949218Z Get:21 http://azure.archive.ubuntu.com/ubuntu noble-security/universe amd64 Packages [1220 kB]
2026-10-09T10:00:41.3005444Z Get:22 http://azure.archive.ubuntu.com/ubuntu noble-security/universe Translation-en [245 kB]
2026-10-09T10:00:41.3023886Z Get:23 http://azure.archive.ubuntu.com/ubuntu noble-security/restricted amd64 Packages [1667 kB]
2026-10-09T10:00:41.3100310Z Get:24 http://azure.archive.ubuntu.com/ubuntu noble-security/restricted Translation-en [383 kB]
2026-10-09T10:00:41.3120695Z Get:25 http://azure.archive.ubuntu.com/ubuntu noble-security/multiverse amd64 Packages [49.8 kB]
2026-10-09T10:00:41.3129772Z Get:26 http://azure.archive.ubuntu.com/ubuntu noble-security/multiverse Translation-en [12.4 kB]
2026-10-09T10:00:47.7861256Z Fetched 12.3 MB in 1s (11.5 MB/s)
2026-10-09T10:00:48.4908169Z Reading package lists...
2026-10-09T10:00:48.5117479Z Reading package lists...
2026-10-09T10:00:48.7245295Z Building dependency tree...
2026-10-09T10:00:48.7251083Z Reading state information...
2026-10-09T10:00:48.8546020Z libasound2t64 is already the newest version (1.2.11-1ubuntu0.3).
2026-10-09T10:00:48.8546726Z libasound2t64 set to manually installed.
2026-10-09T10:00:48.8547393Z libatk-bridge2.0-0t64 is already the newest version (2.52.0-1build1).
2026-10-09T10:00:48.8548097Z libatk-bridge2.0-0t64 set to manually installed.
2026-10-09T10:00:48.8549257Z libatk1.0-0t64 is already the newest version (2.52.0-1build1).
2026-10-09T10:00:48.8549759Z libatk1.0-0t64 set to manually installed.
2026-10-09T10:00:48.8550251Z libatspi2.0-0t64 is already the newest version (2.52.0-1build1).
2026-10-09T10:00:48.8550604Z libatspi2.0-0t64 set to manually installed.
2026-10-09T10:00:48.8550938Z libcairo2 is already the newest version (1.18.0-3build1).
2026-10-09T10:00:48.8551259Z libcairo2 set to manually installed.
2026-10-09T10:00:48.8551862Z libcups2t64 is already the newest version (2.4.7-1.2ubuntu7.14).
2026-10-09T10:00:48.8552219Z libcups2t64 set to manually installed.
2026-10-09T10:00:48.8552582Z libdbus-1-3 is already the newest version (1.14.10-4ubuntu4.1).
2026-10-09T10:00:48.8552912Z libdbus-1-3 set to manually installed.
2026-10-09T10:00:48.8553268Z libdrm2 is already the newest version (2.4.125-1ubuntu0.1~24.04.2).
2026-10-09T10:00:48.8553702Z libdrm2 set to manually installed.
2026-10-09T10:00:48.8554104Z libgbm1 is already the newest version (25.2.8-0ubuntu0.24.04.4).
2026-10-09T10:00:48.8554428Z libgbm1 set to manually installed.
2026-10-09T10:00:48.8554782Z libglib2.0-0t64 is already the newest version (2.80.0-6ubuntu3.9).
2026-10-09T10:00:48.8555127Z libglib2.0-0t64 set to manually installed.
2026-10-09T10:00:48.8555491Z libnspr4 is already the newest version (2:4.35-1.1build1).
2026-10-09T10:00:48.8555914Z libnspr4 set to manually installed.
2026-10-09T10:00:48.8556270Z libnss3 is already the newest version (2:3.98-1ubuntu0.2).
2026-10-09T10:00:48.8556581Z libnss3 set to manually installed.
2026-10-09T10:00:48.8556924Z libpango-1.0-0 is already the newest version (1.52.1+ds-1build1).
2026-10-09T10:00:48.8557271Z libpango-1.0-0 set to manually installed.
2026-10-09T10:00:48.8557604Z libx11-6 is already the newest version (2:1.8.7-1build1).
2026-10-09T10:00:48.8557915Z libx11-6 set to manually installed.
2026-10-09T10:00:48.8558445Z libxcb1 is already the newest version (1.15-1ubuntu2).
2026-10-09T10:00:48.8558872Z libxcb1 set to manually installed.
2026-10-09T10:00:48.8559358Z libxcomposite1 is already the newest version (1:0.4.5-1build3).
2026-10-09T10:00:48.8559860Z libxcomposite1 set to manually installed.
2026-10-09T10:00:48.8560384Z libxdamage1 is already the newest version (1:1.1.6-1build1).
2026-10-09T10:00:48.8560879Z libxdamage1 set to manually installed.
2026-10-09T10:00:48.8561287Z libxext6 is already the newest version (2:1.3.4-1build2).
2026-10-09T10:00:48.8561751Z libxext6 set to manually installed.
2026-10-09T10:00:48.8562088Z libxfixes3 is already the newest version (1:6.0.0-2build1).
2026-10-09T10:00:48.8562405Z libxfixes3 set to manually installed.
2026-10-09T10:00:48.8562890Z libxkbcommon0 is already the newest version (1.6.0-1build1).
2026-10-09T10:00:48.8563405Z libxkbcommon0 set to manually installed.
2026-10-09T10:00:48.8563922Z libxrandr2 is already the newest version (2:1.5.2-2build1).
2026-10-09T10:00:48.8564360Z libxrandr2 set to manually installed.
2026-10-09T10:00:48.8564698Z xvfb is already the newest version (2:21.1.12-1ubuntu1.8).
2026-10-09T10:00:48.8565146Z fonts-noto-color-emoji is already the newest version (2.047-0ubuntu0.24.04.1).
2026-10-09T10:00:48.8565618Z libfontconfig1 is already the newest version (2.15.0-1.1ubuntu2).
2026-10-09T10:00:48.8566033Z libfontconfig1 set to manually installed.
2026-10-09T10:00:48.8566536Z fonts-liberation is already the newest version (1:2.1.5-3).
2026-10-09T10:00:48.8567071Z fonts-liberation set to manually installed.
2026-10-09T10:00:48.8567590Z The following additional packages will be installed:
2026-10-09T10:00:48.8568045Z   xfonts-encodings xfonts-utils
2026-10-09T10:00:48.8568394Z Recommended packages:
2026-10-09T10:00:48.8568753Z   fonts-ipafont-mincho fonts-tlwg-loma
2026-10-09T10:00:48.8888484Z The following NEW packages will be installed:
2026-10-09T10:00:48.8889286Z   fonts-freefont-ttf fonts-ipafont-gothic fonts-tlwg-loma-otf fonts-unifont
2026-10-09T10:00:48.8896783Z   fonts-wqy-zenhei xfonts-cyrillic xfonts-encodings xfonts-scalable
2026-10-09T10:00:48.8897717Z   xfonts-utils
2026-10-09T10:00:48.8901728Z The following packages will be upgraded:
2026-10-09T10:00:48.8906408Z   libfreetype6
2026-10-09T10:00:48.9063237Z 1 upgraded, 9 newly installed, 0 to remove and 22 not upgraded.
2026-10-09T10:00:48.9063826Z Need to get 21.5 MB of archives.
2026-10-09T10:00:48.9064388Z After this operation, 79.5 MB of additional disk space will be used.
2026-10-09T10:00:48.9065032Z Get:1 file:/etc/apt/apt-mirrors.txt Mirrorlist [144 B]
2026-10-09T10:00:48.9997631Z Get:2 http://azure.archive.ubuntu.com/ubuntu noble/universe amd64 fonts-ipafont-gothic all 00303-21ubuntu1 [3513 kB]
2026-10-09T10:00:49.1607528Z Get:3 http://azure.archive.ubuntu.com/ubuntu noble/main amd64 fonts-freefont-ttf all 20211204+svn4273-2 [5641 kB]
2026-10-09T10:00:49.3731066Z Get:4 http://azure.archive.ubuntu.com/ubuntu noble/universe amd64 fonts-tlwg-loma-otf all 1:0.7.3-1 [107 kB]
2026-10-09T10:00:49.4507824Z Get:5 http://azure.archive.ubuntu.com/ubuntu noble/universe amd64 fonts-unifont all 1:15.1.01-1build1 [2993 kB]
2026-10-09T10:00:49.5987884Z Get:6 http://azure.archive.ubuntu.com/ubuntu noble/universe amd64 fonts-wqy-zenhei all 0.9.45-8 [7472 kB]
2026-10-09T10:00:49.8546252Z Get:7 http://azure.archive.ubuntu.com/ubuntu noble-updates/main amd64 libfreetype6 amd64 2.13.2+dfsg-1ubuntu0.2 [403 kB]
2026-10-09T10:00:49.9403374Z Get:8 http://azure.archive.ubuntu.com/ubuntu noble/main amd64 xfonts-encodings all 1:1.0.5-0ubuntu2 [578 kB]
2026-10-09T10:00:50.0294186Z Get:9 http://azure.archive.ubuntu.com/ubuntu noble/main amd64 xfonts-utils amd64 1:7.7+6build3 [94.4 kB]
2026-10-09T10:00:50.1082975Z Get:10 http://azure.archive.ubuntu.com/ubuntu noble/universe amd64 xfonts-cyrillic all 1:1.0.5+nmu1 [384 kB]
2026-10-09T10:00:50.1923233Z Get:11 http://azure.archive.ubuntu.com/ubuntu noble/main amd64 xfonts-scalable all 1:1.0.3-1.3 [304 kB]
2026-10-09T10:00:50.4192992Z Fetched 21.5 MB in 1s (16.5 MB/s)
2026-10-09T10:00:50.4379251Z Selecting previously unselected package fonts-ipafont-gothic.
2026-10-09T10:00:50.4635569Z (Reading database ... 
2026-10-09T10:00:50.4635830Z (Reading database ... 5%
2026-10-09T10:00:50.4636064Z (Reading database ... 10%
2026-10-09T10:00:50.4636285Z (Reading database ... 15%
2026-10-09T10:00:50.4636497Z (Reading database ... 20%
2026-10-09T10:00:50.4636708Z (Reading database ... 25%
2026-10-09T10:00:50.4637364Z (Reading database ... 30%
2026-10-09T10:00:50.4637740Z (Reading database ... 35%
2026-10-09T10:00:50.4637954Z (Reading database ... 40%
2026-10-09T10:00:50.4638175Z (Reading database ... 45%
2026-10-09T10:00:50.4638483Z (Reading database ... 50%
2026-10-09T10:00:50.4681773Z (Reading database ... 55%
2026-10-09T10:00:50.5701569Z (Reading database ... 60%
2026-10-09T10:00:50.8942487Z (Reading database ... 65%
2026-10-09T10:00:51.0980548Z (Reading database ... 70%
2026-10-09T10:00:51.2842468Z (Reading database ... 75%
2026-10-09T10:00:51.5692750Z (Reading database ... 80%
2026-10-09T10:00:51.7448717Z (Reading database ... 85%
2026-10-09T10:00:52.0346886Z (Reading database ... 90%
2026-10-09T10:00:52.1538124Z (Reading database ... 95%
2026-10-09T10:00:52.1538562Z (Reading database ... 100%
2026-10-09T10:00:52.1539133Z (Reading database ... 203191 files and directories currently installed.)
2026-10-09T10:00:52.1580822Z Preparing to unpack .../0-fonts-ipafont-gothic_00303-21ubuntu1_all.deb ...
2026-10-09T10:00:52.1660079Z Unpacking fonts-ipafont-gothic (00303-21ubuntu1) ...
2026-10-09T10:00:52.4446606Z Selecting previously unselected package fonts-freefont-ttf.
2026-10-09T10:00:52.4558557Z Preparing to unpack .../1-fonts-freefont-ttf_20211204+svn4273-2_all.deb ...
2026-10-09T10:00:52.4564894Z Unpacking fonts-freefont-ttf (20211204+svn4273-2) ...
2026-10-09T10:00:52.5318844Z Selecting previously unselected package fonts-tlwg-loma-otf.
2026-10-09T10:00:52.5432740Z Preparing to unpack .../2-fonts-tlwg-loma-otf_1%3a0.7.3-1_all.deb ...
2026-10-09T10:00:52.5438829Z Unpacking fonts-tlwg-loma-otf (1:0.7.3-1) ...
2026-10-09T10:00:52.5618552Z Selecting previously unselected package fonts-unifont.
2026-10-09T10:00:52.5734019Z Preparing to unpack .../3-fonts-unifont_1%3a15.1.01-1build1_all.deb ...
2026-10-09T10:00:52.5740312Z Unpacking fonts-unifont (1:15.1.01-1build1) ...
2026-10-09T10:00:52.7617884Z Selecting previously unselected package fonts-wqy-zenhei.
2026-10-09T10:00:52.7732759Z Preparing to unpack .../4-fonts-wqy-zenhei_0.9.45-8_all.deb ...
2026-10-09T10:00:52.7825342Z Unpacking fonts-wqy-zenhei (0.9.45-8) ...
2026-10-09T10:00:53.4321025Z Preparing to unpack .../5-libfreetype6_2.13.2+dfsg-1ubuntu0.2_amd64.deb ...
2026-10-09T10:00:53.6155822Z Unpacking libfreetype6:amd64 (2.13.2+dfsg-1ubuntu0.2) over (2.13.2+dfsg-1ubuntu0.1) ...
2026-10-09T10:00:53.6381902Z Selecting previously unselected package xfonts-encodings.
2026-10-09T10:00:53.6497001Z Preparing to unpack .../6-xfonts-encodings_1%3a1.0.5-0ubuntu2_all.deb ...
2026-10-09T10:00:53.6503189Z Unpacking xfonts-encodings (1:1.0.5-0ubuntu2) ...
2026-10-09T10:00:53.6754823Z Selecting previously unselected package xfonts-utils.
2026-10-09T10:00:53.6868193Z Preparing to unpack .../7-xfonts-utils_1%3a7.7+6build3_amd64.deb ...
2026-10-09T10:00:53.6877212Z Unpacking xfonts-utils (1:7.7+6build3) ...
2026-10-09T10:00:53.7176976Z Selecting previously unselected package xfonts-cyrillic.
2026-10-09T10:00:53.7288389Z Preparing to unpack .../8-xfonts-cyrillic_1%3a1.0.5+nmu1_all.deb ...
2026-10-09T10:00:53.7296314Z Unpacking xfonts-cyrillic (1:1.0.5+nmu1) ...
2026-10-09T10:00:53.7571328Z Selecting previously unselected package xfonts-scalable.
2026-10-09T10:00:53.7683255Z Preparing to unpack .../9-xfonts-scalable_1%3a1.0.3-1.3_all.deb ...
2026-10-09T10:00:53.7688652Z Unpacking xfonts-scalable (1:1.0.3-1.3) ...
2026-10-09T10:00:53.8088110Z Setting up fonts-wqy-zenhei (0.9.45-8) ...
2026-10-09T10:00:53.8185353Z Setting up fonts-freefont-ttf (20211204+svn4273-2) ...
2026-10-09T10:00:53.8199400Z Setting up fonts-tlwg-loma-otf (1:0.7.3-1) ...
2026-10-09T10:00:53.8213761Z Setting up libfreetype6:amd64 (2.13.2+dfsg-1ubuntu0.2) ...
2026-10-09T10:00:53.8227340Z Setting up xfonts-encodings (1:1.0.5-0ubuntu2) ...
2026-10-09T10:00:53.8239868Z Setting up fonts-ipafont-gothic (00303-21ubuntu1) ...
2026-10-09T10:00:53.8300478Z update-alternatives: using /usr/share/fonts/opentype/ipafont-gothic/ipag.ttf to provide /usr/share/fonts/truetype/fonts-japanese-gothic.ttf (fonts-japanese-gothic.ttf) in auto mode
2026-10-09T10:00:53.8323478Z Setting up fonts-unifont (1:15.1.01-1build1) ...
2026-10-09T10:00:53.8337347Z Setting up xfonts-utils (1:7.7+6build3) ...
2026-10-09T10:00:53.8371085Z Setting up xfonts-cyrillic (1:1.0.5+nmu1) ...
2026-10-09T10:00:53.8617722Z Setting up xfonts-scalable (1:1.0.3-1.3) ...
2026-10-09T10:00:53.8845432Z Processing triggers for libc-bin (2.39-0ubuntu8.9) ...
2026-10-09T10:00:54.1083242Z Processing triggers for man-db (2.12.0-4build2) ...
2026-10-09T10:00:54.1102003Z Not building database; man-db/auto-update is not 'true'.
2026-10-09T10:00:54.1115124Z Processing triggers for fontconfig (2.15.0-1.1ubuntu2) ...
2026-10-09T10:00:54.8994522Z 
2026-10-09T10:00:54.8995167Z Running kernel seems to be up-to-date.
2026-10-09T10:00:54.8995468Z 
2026-10-09T10:00:54.8995611Z Restarting services...
2026-10-09T10:00:54.9937802Z  systemctl restart php8.3-fpm.service
2026-10-09T10:00:55.1420810Z 
2026-10-09T10:00:55.1422986Z No containers need to be restarted.
2026-10-09T10:00:55.1423378Z 
2026-10-09T10:00:55.1423709Z No user sessions are running outdated binaries.
2026-10-09T10:00:55.1423932Z 
2026-10-09T10:00:55.1424336Z No VM guests are running outdated hypervisor (qemu) binaries on this host.
2026-10-09T10:00:56.0744582Z Downloading Chrome for Testing 149.0.7827.55 (playwright chromium v1228) from https://cdn.playwright.dev/builds/cft/149.0.7827.55/linux64/chrome-linux64.zip
2026-10-09T10:00:57.0406182Z |                                                                                |   0% of 177 MiB
2026-10-09T10:00:57.2029889Z |■■■■■■■■                                                                        |  10% of 177 MiB
2026-10-09T10:00:57.3013735Z |■■■■■■■■■■■■■■■■                                                                |  20% of 177 MiB
2026-10-09T10:00:57.3865603Z |■■■■■■■■■■■■■■■■■■■■■■■■                                                        |  30% of 177 MiB
2026-10-09T10:00:57.4824117Z |■■■■■■■■■■■■■■■■■■■■■■■■■■■■■■■■                                                |  40% of 177 MiB
2026-10-09T10:00:57.5685726Z |■■■■■■■■■■■■■■■■■■■■■■■■■■■■■■■■■■■■■■■■                                        |  50% of 177 MiB
2026-10-09T10:00:57.6616392Z |■■■■■■■■■■■■■■■■■■■■■■■■■■■■■■■■■■■■■■■■■■■■■■■■                                |  60% of 177 MiB
2026-10-09T10:00:57.7572571Z |■■■■■■■■■■■■■■■■■■■■■■■■■■■■■■■■■■■■■■■■■■■■■■■■■■■■■■■■                        |  70% of 177 MiB
2026-10-09T10:00:57.8454026Z |■■■■■■■■■■■■■■■■■■■■■■■■■■■■■■■■■■■■■■■■■■■■■■■■■■■■■■■■■■■■■■■■                |  80% of 177 MiB
2026-10-09T10:00:57.9525675Z |■■■■■■■■■■■■■■■■■■■■■■■■■■■■■■■■■■■■■■■■■■■■■■■■■■■■■■■■■■■■■■■■■■■■■■■■        |  90% of 177 MiB
2026-10-09T10:00:58.0428622Z |■■■■■■■■■■■■■■■■■■■■■■■■■■■■■■■■■■■■■■■■■■■■■■■■■■■■■■■■■■■■■■■■■■■■■■■■■■■■■■■■| 100% of 177 MiB
2026-10-09T10:01:00.0754973Z Chrome for Testing 149.0.7827.55 (playwright chromium v1228) downloaded to /home/runner/.cache/ms-playwright/chromium-1228
2026-10-09T10:01:00.0757471Z Downloading FFmpeg (playwright ffmpeg v1011) from https://cdn.playwright.dev/dbazure/download/playwright/builds/ffmpeg/1011/ffmpeg-linux.zip
2026-10-09T10:01:00.9666588Z |                                                                                |   0% of 2.3 MiB
2026-10-09T10:01:00.9699614Z |■■■■■■■■                                                                        |  10% of 2.3 MiB
2026-10-09T10:01:00.9730385Z |■■■■■■■■■■■■■■■■                                                                |  20% of 2.3 MiB
2026-10-09T10:01:00.9751694Z |■■■■■■■■■■■■■■■■■■■■■■■■                                                        |  30% of 2.3 MiB
2026-10-09T10:01:00.9767003Z |■■■■■■■■■■■■■■■■■■■■■■■■■■■■■■■■                                                |  40% of 2.3 MiB
2026-10-09T10:01:00.9781547Z |■■■■■■■■■■■■■■■■■■■■■■■■■■■■■■■■■■■■■■■■                                        |  50% of 2.3 MiB
2026-10-09T10:01:00.9790151Z |■■■■■■■■■■■■■■■■■■■■■■■■■■■■■■■■■■■■■■■■■■■■■■■■                                |  60% of 2.3 MiB
2026-10-09T10:01:00.9801752Z |■■■■■■■■■■■■■■■■■■■■■■■■■■■■■■■■■■■■■■■■■■■■■■■■■■■■■■■■                        |  70% of 2.3 MiB
2026-10-09T10:01:00.9811809Z |■■■■■■■■■■■■■■■■■■■■■■■■■■■■■■■■■■■■■■■■■■■■■■■■■■■■■■■■■■■■■■■■                |  80% of 2.3 MiB
2026-10-09T10:01:00.9823019Z |■■■■■■■■■■■■■■■■■■■■■■■■■■■■■■■■■■■■■■■■■■■■■■■■■■■■■■■■■■■■■■■■■■■■■■■■        |  90% of 2.3 MiB
2026-10-09T10:01:00.9832575Z |■■■■■■■■■■■■■■■■■■■■■■■■■■■■■■■■■■■■■■■■■■■■■■■■■■■■■■■■■■■■■■■■■■■■■■■■■■■■■■■■| 100% of 2.3 MiB
2026-10-09T10:01:01.0285663Z FFmpeg (playwright ffmpeg v1011) downloaded to /home/runner/.cache/ms-playwright/ffmpeg-1011
2026-10-09T10:01:01.0288741Z Downloading Chrome Headless Shell 149.0.7827.55 (playwright chromium-headless-shell v1228) from https://cdn.playwright.dev/builds/cft/149.0.7827.55/linux64/chrome-headless-shell-linux64.zip
2026-10-09T10:01:01.9916277Z |                                                                                |   0% of 114.2 MiB
2026-10-09T10:01:02.1221731Z |■■■■■■■■                                                                        |  10% of 114.2 MiB
2026-10-09T10:01:02.1760856Z |■■■■■■■■■■■■■■■■                                                                |  20% of 114.2 MiB
2026-10-09T10:01:02.2281244Z |■■■■■■■■■■■■■■■■■■■■■■■■                                                        |  30% of 114.2 MiB
2026-10-09T10:01:02.2778448Z |■■■■■■■■■■■■■■■■■■■■■■■■■■■■■■■■                                                |  40% of 114.2 MiB
2026-10-09T10:01:02.3310107Z |■■■■■■■■■■■■■■■■■■■■■■■■■■■■■■■■■■■■■■■■                                        |  50% of 114.2 MiB
2026-10-09T10:01:02.3918354Z |■■■■■■■■■■■■■■■■■■■■■■■■■■■■■■■■■■■■■■■■■■■■■■■■                                |  60% of 114.2 MiB
2026-10-09T10:01:02.4502085Z |■■■■■■■■■■■■■■■■■■■■■■■■■■■■■■■■■■■■■■■■■■■■■■■■■■■■■■■■                        |  70% of 114.2 MiB
2026-10-09T10:01:02.5030651Z |■■■■■■■■■■■■■■■■■■■■■■■■■■■■■■■■■■■■■■■■■■■■■■■■■■■■■■■■■■■■■■■■                |  80% of 114.2 MiB
2026-10-09T10:01:02.5629931Z |■■■■■■■■■■■■■■■■■■■■■■■■■■■■■■■■■■■■■■■■■■■■■■■■■■■■■■■■■■■■■■■■■■■■■■■■        |  90% of 114.2 MiB
2026-10-09T10:01:02.6186679Z |■■■■■■■■■■■■■■■■■■■■■■■■■■■■■■■■■■■■■■■■■■■■■■■■■■■■■■■■■■■■■■■■■■■■■■■■■■■■■■■■| 100% of 114.2 MiB
2026-10-09T10:01:04.0781313Z Chrome Headless Shell 149.0.7827.55 (playwright chromium-headless-shell v1228) downloaded to /home/runner/.cache/ms-playwright/chromium_headless_shell-1228
2026-10-09T10:01:04.1511628Z ##[group]Run xvfb-run --auto-servernum --server-args="-screen 0 1280x960x24" npx playwright test tests/e2e/error-scenarios.e2e.test.ts --timeout=180000 --reporter=html,json
2026-10-09T10:01:04.1512839Z [36;1mxvfb-run --auto-servernum --server-args="-screen 0 1280x960x24" npx playwright test tests/e2e/error-scenarios.e2e.test.ts --timeout=180000 --reporter=html,json[0m
2026-10-09T10:01:04.2427144Z shell: /usr/bin/bash -e {0}
2026-10-09T10:01:04.2427412Z env:
2026-10-09T10:01:04.2427614Z   NODE_ENV: test
2026-10-09T10:01:04.2427814Z ##[endgroup]
2026-10-09T10:01:08.2668003Z /home/runner/work/chainlesschain/chainlesschain/node_modules/playwright-core/lib/coreBundle.js:9515
2026-10-09T10:01:08.2668603Z       process2.stdout.on("data", (data) => stdout += data.toString());
2026-10-09T10:01:08.2668978Z                                                           ^
2026-10-09T10:01:08.2669159Z 
2026-10-09T10:01:08.2669304Z RangeError: Invalid string length
2026-10-09T10:01:08.2670085Z     at Socket.<anonymous> (/home/runner/work/chainlesschain/chainlesschain/node_modules/playwright-core/lib/coreBundle.js:9515:59)
2026-10-09T10:01:08.2670639Z     at Socket.emit (node:events:519:28)
2026-10-09T10:01:08.2670964Z     at addChunk (node:internal/streams/readable:561:12)
2026-10-09T10:01:08.2671556Z     at readableAddChunkPushByteMode (node:internal/streams/readable:512:3)
2026-10-09T10:01:08.2671998Z     at Socket.Readable.push (node:internal/streams/readable:392:5)
2026-10-09T10:01:08.2672386Z     at Pipe.onStreamRead (node:internal/stream_base_commons:189:23)
2026-10-09T10:01:08.2672605Z 
2026-10-09T10:01:08.2672697Z Node.js v22.23.3
2026-10-09T10:01:08.3298514Z ##[error]Process completed with exit code 1.
2026-10-09T10:01:08.3356457Z ##[group]Run actions/upload-artifact@v6
2026-10-09T10:01:08.3356713Z with:
2026-10-09T10:01:08.3356900Z   name: error-test-results
2026-10-09T10:01:08.3357149Z   path: playwright-report/
test-results/

2026-10-09T10:01:08.3357407Z   retention-days: 7
2026-10-09T10:01:08.3357604Z   if-no-files-found: warn
2026-10-09T10:01:08.3357858Z   compression-level: 6
2026-10-09T10:01:08.3358054Z   overwrite: false
2026-10-09T10:01:08.3358255Z   include-hidden-files: false
2026-10-09T10:01:08.3358490Z ##[endgroup]
2026-10-09T10:01:08.4686211Z Multiple search paths detected. Calculating the least common ancestor of all paths
2026-10-09T10:01:08.4693690Z The least common ancestor is /home/runner/work/chainlesschain/chainlesschain. This will be the root directory of the artifact
2026-10-09T10:01:08.4708758Z ##[warning]No files were found with the provided path: playwright-report/
test-results/. No artifacts will be uploaded.
2026-10-09T10:01:08.4913150Z Post job cleanup.
2026-10-09T10:01:08.5645966Z [command]/usr/bin/git version
2026-10-09T10:01:08.5680784Z git version 2.55.0
2026-10-09T10:01:08.5709541Z Temporarily overriding HOME='/home/runner/work/_temp/0e3ef385-5ab1-45c8-97a6-a38aba21dca8' before making global git config changes
2026-10-09T10:01:08.5710924Z Adding repository directory to the temporary git global config as a safe directory
2026-10-09T10:01:08.5713882Z [command]/usr/bin/git config --global --add safe.directory /home/runner/work/chainlesschain/chainlesschain
2026-10-09T10:01:08.5745835Z [command]/usr/bin/git config --local --name-only --get-regexp core\.sshCommand
2026-10-09T10:01:08.5774166Z [command]/usr/bin/git submodule foreach --recursive sh -c "git config --local --name-only --get-regexp 'core\.sshCommand' && git config --local --unset-all 'core.sshCommand' || :"
2026-10-09T10:01:08.6003721Z [command]/usr/bin/git config --local --name-only --get-regexp http\.https\:\/\/github\.com\/\.extraheader
2026-10-09T10:01:08.6026493Z http.https://github.com/.extraheader
2026-10-09T10:01:08.6035770Z [command]/usr/bin/git config --local --unset-all http.https://github.com/.extraheader
2026-10-09T10:01:08.6066697Z [command]/usr/bin/git submodule foreach --recursive sh -c "git config --local --name-only --get-regexp 'http\.https\:\/\/github\.com\/\.extraheader' && git config --local --unset-all 'http.https://github.com/.extraheader' || :"
2026-10-09T10:01:08.6337904Z [command]/usr/bin/git config --local --name-only --get-regexp ^includeIf\.gitdir:
2026-10-09T10:01:08.6364392Z [command]/usr/bin/git submodule foreach --recursive git config --local --show-origin --name-only --get-regexp remote.origin.url
2026-10-09T10:01:08.6780351Z Cleaning up orphan processes
