2026-10-09T16:12:53.4757152Z Current runner version: '2.337.0'
2026-10-09T16:12:53.4778452Z ##[group]Runner Image Provisioner
2026-10-09T16:12:53.4779190Z Hosted Compute Agent
2026-10-09T16:12:53.4779630Z Version: 20260901.588
2026-10-09T16:12:53.4780154Z Commit: f88ec8081b781fac6c440065ac7ff9e710ce3d0b
2026-10-09T16:12:53.4780732Z Build Date: 2026-09-01T19:56:44Z
2026-10-09T16:12:53.4781253Z Worker ID: {a9327519-1409-425a-9a5f-f085b190636b}
2026-10-09T16:12:53.4781859Z Azure Region: centralus
2026-10-09T16:12:53.4782320Z ##[endgroup]
2026-10-09T16:12:53.4783382Z ##[group]Operating System
2026-10-09T16:12:53.4783933Z Microsoft Windows Server 2025
2026-10-09T16:12:53.4784465Z 10.0.26100
2026-10-09T16:12:53.4784888Z Datacenter
2026-10-09T16:12:53.4785367Z ##[endgroup]
2026-10-09T16:12:53.4785845Z ##[group]Runner Image
2026-10-09T16:12:53.4786359Z Image: windows-2025-vs2026
2026-10-09T16:12:53.4786871Z Version: 20260925.250.1
2026-10-09T16:12:53.4788929Z Included Software: https://github.com/actions/runner-images/blob/win25-vs2026/20260925.250/images/windows/Windows2025-VS2026-Readme.md
2026-10-09T16:12:53.4790298Z Image Release: https://github.com/actions/runner-images/releases/tag/win25-vs2026%2F20260925.250
2026-10-09T16:12:53.4791079Z ##[endgroup]
2026-10-09T16:12:53.4794232Z ##[group]GITHUB_TOKEN Permissions
2026-10-09T16:12:53.4796795Z Actions: write
2026-10-09T16:12:53.4797454Z ArtifactMetadata: write
2026-10-09T16:12:53.4798079Z Attestations: write
2026-10-09T16:12:53.4798638Z Checks: write
2026-10-09T16:12:53.4799235Z CodeQuality: write
2026-10-09T16:12:53.4799828Z Contents: write
2026-10-09T16:12:53.4800404Z CopilotRequests: write
2026-10-09T16:12:53.4801081Z Deployments: write
2026-10-09T16:12:53.4801672Z Discussions: write
2026-10-09T16:12:53.4802299Z Drives: write
2026-10-09T16:12:53.4802856Z Issues: write
2026-10-09T16:12:53.4803391Z Metadata: read
2026-10-09T16:12:53.4804024Z Models: read
2026-10-09T16:12:53.4804555Z Packages: write
2026-10-09T16:12:53.4805177Z Pages: write
2026-10-09T16:12:53.4805725Z PullRequests: write
2026-10-09T16:12:53.4806282Z RepositoryProjects: write
2026-10-09T16:12:53.4807010Z SecurityEvents: write
2026-10-09T16:12:53.4807598Z Statuses: write
2026-10-09T16:12:53.4808802Z VulnerabilityAlerts: read
2026-10-09T16:12:53.4809457Z ##[endgroup]
2026-10-09T16:12:53.4811671Z Secret source: Actions
2026-10-09T16:12:53.4812628Z Cache mode: write
2026-10-09T16:12:53.4813353Z Prepare workflow directory
2026-10-09T16:12:53.5260382Z Prepare all required actions
2026-10-09T16:12:53.5319528Z Getting action download info
2026-10-09T16:12:53.7741767Z Download action repository 'actions/checkout@v5' (SHA:fbc6f3992d24b796d5a048ff273f7fcc4a7b6c09)
2026-10-09T16:12:53.8804974Z Download action repository 'actions/setup-node@v5' (SHA:a0853c24544627f65ddf259abe73b1d18a591444)
2026-10-09T16:12:54.0638052Z Download action repository 'actions/upload-artifact@v4' (SHA:ea165f8d65b6e75b540449e92b4886f43607fa02)
2026-10-09T16:12:54.6163058Z Uses: chainlesschain/chainlesschain/.github/workflows/_cli-test.yml@refs/pull/425/merge (731a02c0d737b4e80c4960033dd618029b794ebd)
2026-10-09T16:12:54.6168638Z ##[group] Inputs
2026-10-09T16:12:54.6169611Z   commit_sha: 9f4df1157e493daaee137655c4e1d37c066c50e8
2026-10-09T16:12:54.6170595Z   runs-on: windows-latest
2026-10-09T16:12:54.6171726Z   shards: 4
2026-10-09T16:12:54.6172398Z   unit-shards: 16
2026-10-09T16:12:54.6173278Z   include-e2e: true
2026-10-09T16:12:54.6174019Z ##[endgroup]
2026-10-09T16:12:54.6174945Z Complete job name: test-windows / unit (windows-latest, shard 2/16)
2026-10-09T16:12:54.8388133Z ##[group]Run actions/checkout@v5
2026-10-09T16:12:54.8389788Z with:
2026-10-09T16:12:54.8390487Z   ref: 9f4df1157e493daaee137655c4e1d37c066c50e8
2026-10-09T16:12:54.8391373Z   repository: chainlesschain/chainlesschain
2026-10-09T16:12:54.8398194Z   token: ***
2026-10-09T16:12:54.8398938Z   ssh-strict: true
2026-10-09T16:12:54.8400688Z   ssh-user: git
2026-10-09T16:12:54.8401502Z   persist-credentials: true
2026-10-09T16:12:54.8404649Z   clean: true
2026-10-09T16:12:54.8405548Z   sparse-checkout-cone-mode: true
2026-10-09T16:12:54.8406303Z   fetch-depth: 1
2026-10-09T16:12:54.8406860Z   fetch-tags: false
2026-10-09T16:12:54.8407436Z   show-progress: true
2026-10-09T16:12:54.8407975Z   lfs: false
2026-10-09T16:12:54.8408568Z   submodules: false
2026-10-09T16:12:54.8409210Z   set-safe-directory: true
2026-10-09T16:12:54.8410185Z   allow-unsafe-pr-checkout: false
2026-10-09T16:12:54.8411574Z env:
2026-10-09T16:12:54.8412453Z   CC_SECURE_FS_WINDOWS_ACL_TIMEOUT_MS: 120000
2026-10-09T16:12:54.8413338Z ##[endgroup]
2026-10-09T16:12:55.4495014Z Syncing repository: chainlesschain/chainlesschain
2026-10-09T16:12:55.4497197Z ##[group]Getting Git version info
2026-10-09T16:12:55.4497871Z Working directory is 'D:\a\chainlesschain\chainlesschain'
2026-10-09T16:12:55.5429184Z [command]"C:\Program Files\Git\bin\git.exe" version
2026-10-09T16:12:55.9780138Z git version 2.55.0.windows.5
2026-10-09T16:12:55.9826443Z ##[endgroup]
2026-10-09T16:12:55.9846187Z Temporarily overriding HOME='D:\a\_temp\b106324f-e497-4a20-8e13-1dfe59f08513' before making global git config changes
2026-10-09T16:12:55.9847373Z Adding repository directory to the temporary git global config as a safe directory
2026-10-09T16:12:55.9856941Z [command]"C:\Program Files\Git\bin\git.exe" config --global --add safe.directory D:\a\chainlesschain\chainlesschain
2026-10-09T16:12:56.0405787Z Deleting the contents of 'D:\a\chainlesschain\chainlesschain'
2026-10-09T16:12:56.0411113Z ##[group]Initializing the repository
2026-10-09T16:12:56.0417907Z [command]"C:\Program Files\Git\bin\git.exe" init D:\a\chainlesschain\chainlesschain
2026-10-09T16:12:56.1141449Z Initialized empty Git repository in D:/a/chainlesschain/chainlesschain/.git/
2026-10-09T16:12:56.1186923Z [command]"C:\Program Files\Git\bin\git.exe" remote add origin https://github.com/chainlesschain/chainlesschain
2026-10-09T16:12:56.2211349Z ##[endgroup]
2026-10-09T16:12:56.2213494Z ##[group]Disabling automatic garbage collection
2026-10-09T16:12:56.2221385Z [command]"C:\Program Files\Git\bin\git.exe" config --local gc.auto 0
2026-10-09T16:12:56.2537045Z ##[endgroup]
2026-10-09T16:12:56.2537993Z ##[group]Setting up auth
2026-10-09T16:12:56.2549202Z [command]"C:\Program Files\Git\bin\git.exe" config --local --name-only --get-regexp core\.sshCommand
2026-10-09T16:12:56.2843771Z [command]"C:\Program Files\Git\bin\git.exe" submodule foreach --recursive "sh -c \"git config --local --name-only --get-regexp 'core\.sshCommand' && git config --local --unset-all 'core.sshCommand' || :\""
2026-10-09T16:12:58.8432790Z [command]"C:\Program Files\Git\bin\git.exe" config --local --name-only --get-regexp http\.https\:\/\/github\.com\/\.extraheader
2026-10-09T16:12:58.8704169Z [command]"C:\Program Files\Git\bin\git.exe" submodule foreach --recursive "sh -c \"git config --local --name-only --get-regexp 'http\.https\:\/\/github\.com\/\.extraheader' && git config --local --unset-all 'http.https://github.com/.extraheader' || :\""
2026-10-09T16:12:59.3487413Z [command]"C:\Program Files\Git\bin\git.exe" config --local --name-only --get-regexp ^includeIf\.gitdir:
2026-10-09T16:12:59.3745623Z [command]"C:\Program Files\Git\bin\git.exe" submodule foreach --recursive "git config --local --show-origin --name-only --get-regexp remote.origin.url"
2026-10-09T16:12:59.8247971Z [command]"C:\Program Files\Git\bin\git.exe" config --local http.https://github.com/.extraheader "AUTHORIZATION: basic ***"
2026-10-09T16:12:59.8508128Z ##[endgroup]
2026-10-09T16:12:59.8510513Z ##[group]Fetching the repository
2026-10-09T16:12:59.8518997Z [command]"C:\Program Files\Git\bin\git.exe" -c protocol.version=2 fetch --no-tags --prune --no-recurse-submodules --depth=1 origin 9f4df1157e493daaee137655c4e1d37c066c50e8
2026-10-09T16:13:11.6673338Z From https://github.com/chainlesschain/chainlesschain
2026-10-09T16:13:11.6676908Z  * branch              9f4df1157e493daaee137655c4e1d37c066c50e8 -> FETCH_HEAD
2026-10-09T16:13:11.6722733Z ##[endgroup]
2026-10-09T16:13:11.6724432Z ##[group]Determining the checkout info
2026-10-09T16:13:11.6725221Z ##[endgroup]
2026-10-09T16:13:11.6735061Z [command]"C:\Program Files\Git\bin\git.exe" sparse-checkout disable
2026-10-09T16:13:11.7136324Z [command]"C:\Program Files\Git\bin\git.exe" config --local --unset-all extensions.worktreeConfig
2026-10-09T16:13:11.7384977Z ##[group]Checking out the ref
2026-10-09T16:13:11.7392087Z [command]"C:\Program Files\Git\bin\git.exe" checkout --progress --force 9f4df1157e493daaee137655c4e1d37c066c50e8
2026-10-09T16:13:12.8251351Z Updating files:  19% (4434/22931)
2026-10-09T16:13:12.8688917Z Updating files:  20% (4587/22931)
2026-10-09T16:13:12.9085683Z Updating files:  21% (4816/22931)
2026-10-09T16:13:12.9478514Z Updating files:  22% (5045/22931)
2026-10-09T16:13:12.9945578Z Updating files:  23% (5275/22931)
2026-10-09T16:13:13.0395879Z Updating files:  24% (5504/22931)
2026-10-09T16:13:13.0803255Z Updating files:  25% (5733/22931)
2026-10-09T16:13:13.1205175Z Updating files:  26% (5963/22931)
2026-10-09T16:13:13.1568291Z Updating files:  27% (6192/22931)
2026-10-09T16:13:13.1926580Z Updating files:  28% (6421/22931)
2026-10-09T16:13:13.2336632Z Updating files:  29% (6650/22931)
2026-10-09T16:13:13.2771268Z Updating files:  30% (6880/22931)
2026-10-09T16:13:13.3193800Z Updating files:  31% (7109/22931)
2026-10-09T16:13:13.3573330Z Updating files:  32% (7338/22931)
2026-10-09T16:13:13.3937428Z Updating files:  33% (7568/22931)
2026-10-09T16:13:13.4322133Z Updating files:  34% (7797/22931)
2026-10-09T16:13:13.4656794Z Updating files:  35% (8026/22931)
2026-10-09T16:13:13.5037164Z Updating files:  36% (8256/22931)
2026-10-09T16:13:13.5449275Z Updating files:  37% (8485/22931)
2026-10-09T16:13:13.5778282Z Updating files:  38% (8714/22931)
2026-10-09T16:13:13.6134693Z Updating files:  39% (8944/22931)
2026-10-09T16:13:13.6490332Z Updating files:  40% (9173/22931)
2026-10-09T16:13:13.6935752Z Updating files:  41% (9402/22931)
2026-10-09T16:13:13.8582778Z Updating files:  42% (9632/22931)
2026-10-09T16:13:14.1174255Z Updating files:  42% (9750/22931)
2026-10-09T16:13:14.2008131Z Updating files:  43% (9861/22931)
2026-10-09T16:13:14.2361988Z Updating files:  44% (10090/22931)
2026-10-09T16:13:14.2774913Z Updating files:  45% (10319/22931)
2026-10-09T16:13:14.3219284Z Updating files:  46% (10549/22931)
2026-10-09T16:13:14.3825356Z Updating files:  47% (10778/22931)
2026-10-09T16:13:14.4424395Z Updating files:  48% (11007/22931)
2026-10-09T16:13:14.4953198Z Updating files:  49% (11237/22931)
2026-10-09T16:13:14.5488212Z Updating files:  50% (11466/22931)
2026-10-09T16:13:14.5889168Z Updating files:  51% (11695/22931)
2026-10-09T16:13:14.6259360Z Updating files:  52% (11925/22931)
2026-10-09T16:13:14.6944658Z Updating files:  53% (12154/22931)
2026-10-09T16:13:14.7648589Z Updating files:  54% (12383/22931)
2026-10-09T16:13:14.8069908Z Updating files:  55% (12613/22931)
2026-10-09T16:13:14.9281709Z Updating files:  55% (12725/22931)
2026-10-09T16:13:15.5515974Z Updating files:  56% (12842/22931)
2026-10-09T16:13:15.8375516Z Updating files:  57% (13071/22931)
2026-10-09T16:13:16.1124764Z Updating files:  57% (13168/22931)
2026-10-09T16:13:16.4453565Z Updating files:  58% (13300/22931)
2026-10-09T16:13:16.5134489Z Updating files:  59% (13530/22931)
2026-10-09T16:13:16.7431308Z Updating files:  60% (13759/22931)
2026-10-09T16:13:16.7524738Z Updating files:  61% (13988/22931)
2026-10-09T16:13:16.7544663Z ##[error]error: unable to create file docs/research/cli/evidence/gap-2026-10-05/release-0.166.95/prepublish-attempt4/host-artifact/jetbrains-windows-2026.2.0.1/diagnostics/011-fake-cli-state.json.receipts_23875fd00813e1ce688d449c1bb8cf4f2789b885ae6784d2fd12ca3f3e43ada0.json: Filename too long
2026-10-09T16:13:16.7552986Z ##[error]error: unable to create file docs/research/cli/evidence/gap-2026-10-05/release-0.166.95/prepublish-attempt4/host-artifact/jetbrains-windows-2026.2.0.1/diagnostics/012-fake-cli-state.json.receipts_24959eb129be2d590bf014b62611532eb5beb7fceea0f5944d7fc43c9b14daea.json: Filename too long
2026-10-09T16:13:16.7556754Z ##[error]error: unable to create file docs/research/cli/evidence/gap-2026-10-05/release-0.166.95/prepublish-attempt4/host-artifact/jetbrains-windows-2026.2.0.1/diagnostics/013-fake-cli-state.json.receipts_7327f0c0e99ae260b365b249f16b0e8c71a1f59d9b3c87e7e1a7f114163cb958.json: Filename too long
2026-10-09T16:13:16.7559479Z ##[error]error: unable to create file docs/research/cli/evidence/gap-2026-10-05/release-0.166.95/prepublish-attempt4/host-artifact/jetbrains-windows-2026.2.0.1/diagnostics/014-fake-cli-state.json.receipts_bf391115f6f469b0a996348269f4a196163da4ef06bc0260f5f7938f8b5aacaf.json: Filename too long
2026-10-09T16:13:16.7562206Z ##[error]error: unable to create file docs/research/cli/evidence/gap-2026-10-05/release-0.166.95/prepublish-attempt4/host-artifact/jetbrains-windows-2026.2.0.1/diagnostics/015-fake-cli-state.json.receipts_e050a3a771350adba4a182ea8a945589ff28b6342e5c6b5d00eeb239f780c2c7.json: Filename too long
2026-10-09T16:13:16.7564899Z ##[error]error: unable to create file docs/research/cli/evidence/gap-2026-10-05/release-0.166.95/prepublish-attempt4/host-artifact/jetbrains-windows-2026.2.0.1/diagnostics/016-fake-cli-state.json.receipts_e198f1a2a60f81fe6f7f1e0decb90addc8e580851422d85030127b72430489d4.json: Filename too long
2026-10-09T16:13:16.8252341Z Updating files:  62% (14218/22931)
2026-10-09T16:13:16.8933996Z Updating files:  62% (14289/22931)
2026-10-09T16:13:16.9401198Z Updating files:  63% (14447/22931)
2026-10-09T16:13:16.9775064Z Updating files:  64% (14676/22931)
2026-10-09T16:13:17.0319228Z Updating files:  65% (14906/22931)
2026-10-09T16:13:17.0646521Z Updating files:  66% (15135/22931)
2026-10-09T16:13:17.1082858Z Updating files:  67% (15364/22931)
2026-10-09T16:13:17.2039229Z Updating files:  68% (15594/22931)
2026-10-09T16:13:17.2417802Z Updating files:  69% (15823/22931)
2026-10-09T16:13:17.2815261Z Updating files:  70% (16052/22931)
2026-10-09T16:13:17.3340778Z Updating files:  71% (16282/22931)
2026-10-09T16:13:17.3756494Z Updating files:  72% (16511/22931)
2026-10-09T16:13:17.4120532Z Updating files:  73% (16740/22931)
2026-10-09T16:13:17.4498054Z Updating files:  74% (16969/22931)
2026-10-09T16:13:17.4874444Z Updating files:  75% (17199/22931)
2026-10-09T16:13:17.5235876Z Updating files:  76% (17428/22931)
2026-10-09T16:13:17.5608183Z Updating files:  77% (17657/22931)
2026-10-09T16:13:17.5964893Z Updating files:  78% (17887/22931)
2026-10-09T16:13:17.6345449Z Updating files:  79% (18116/22931)
2026-10-09T16:13:17.6703945Z Updating files:  80% (18345/22931)
2026-10-09T16:13:17.7105475Z Updating files:  81% (18575/22931)
2026-10-09T16:13:17.7519151Z Updating files:  82% (18804/22931)
2026-10-09T16:13:17.8016298Z Updating files:  83% (19033/22931)
2026-10-09T16:13:17.8382888Z Updating files:  84% (19263/22931)
2026-10-09T16:13:17.8520230Z Updating files:  84% (19428/22931)
2026-10-09T16:13:17.9015098Z Updating files:  85% (19492/22931)
2026-10-09T16:13:17.9790834Z Updating files:  86% (19721/22931)
2026-10-09T16:13:18.1624593Z Updating files:  87% (19950/22931)
2026-10-09T16:13:18.2081850Z Updating files:  88% (20180/22931)
2026-10-09T16:13:18.2524141Z Updating files:  89% (20409/22931)
2026-10-09T16:13:18.2907476Z Updating files:  90% (20638/22931)
2026-10-09T16:13:18.3297097Z Updating files:  91% (20868/22931)
2026-10-09T16:13:18.3721502Z Updating files:  92% (21097/22931)
2026-10-09T16:13:18.4081814Z Updating files:  93% (21326/22931)
2026-10-09T16:13:18.4496334Z Updating files:  94% (21556/22931)
2026-10-09T16:13:18.4931545Z Updating files:  95% (21785/22931)
2026-10-09T16:13:18.5302284Z Updating files:  96% (22014/22931)
2026-10-09T16:13:18.5672150Z Updating files:  97% (22244/22931)
2026-10-09T16:13:18.6034096Z Updating files:  98% (22473/22931)
2026-10-09T16:13:18.6389714Z Updating files:  99% (22702/22931)
2026-10-09T16:13:18.6390206Z Updating files: 100% (22931/22931)
2026-10-09T16:13:18.6390602Z Updating files: 100% (22931/22931), done.
2026-10-09T16:13:18.6732364Z Note: switching to '9f4df1157e493daaee137655c4e1d37c066c50e8'.
2026-10-09T16:13:18.6732761Z 
2026-10-09T16:13:18.6732954Z You are in 'detached HEAD' state. You can look around, make experimental
2026-10-09T16:13:18.6733404Z changes and commit them, and you can discard any commits you make in this
2026-10-09T16:13:18.6733839Z state without impacting any branches by switching back to a branch.
2026-10-09T16:13:18.6734052Z 
2026-10-09T16:13:18.6734234Z If you want to create a new branch to retain commits you create, you may
2026-10-09T16:13:18.6734664Z do so (now or later) by using -c with the switch command. Example:
2026-10-09T16:13:18.6734915Z 
2026-10-09T16:13:18.6735051Z   git switch -c <new-branch-name>
2026-10-09T16:13:18.6735220Z 
2026-10-09T16:13:18.6735312Z Or undo this operation with:
2026-10-09T16:13:18.6735487Z 
2026-10-09T16:13:18.6735615Z   git switch -
2026-10-09T16:13:18.6735724Z 
2026-10-09T16:13:18.6735922Z Turn off this advice by setting config variable advice.detachedHead to false
2026-10-09T16:13:18.6736175Z 
2026-10-09T16:13:18.6736394Z HEAD is now at 9f4df115 test(ide): bind popup Enter dispatch to the selected target
2026-10-09T16:13:18.7009273Z ##[error]The process 'C:\Program Files\Git\bin\git.exe' failed with exit code 1
2026-10-09T16:13:18.7396197Z ##[group]Run actions/upload-artifact@v4
2026-10-09T16:13:18.7396670Z with:
2026-10-09T16:13:18.7396932Z   name: cli-windows-latest-unit-2-results
2026-10-09T16:13:18.7397228Z   path: packages/cli/test-results/unit-2.xml
2026-10-09T16:13:18.7397555Z   if-no-files-found: error
2026-10-09T16:13:18.7397767Z   retention-days: 7
2026-10-09T16:13:18.7398026Z   compression-level: 6
2026-10-09T16:13:18.7398258Z   overwrite: false
2026-10-09T16:13:18.7398516Z   include-hidden-files: false
2026-10-09T16:13:18.7398783Z env:
2026-10-09T16:13:18.7399034Z   CC_SECURE_FS_WINDOWS_ACL_TIMEOUT_MS: 120000
2026-10-09T16:13:18.7399324Z ##[endgroup]
2026-10-09T16:13:18.9111670Z (node:3852) [DEP0040] DeprecationWarning: The `punycode` module is deprecated. Please use a userland alternative instead.
2026-10-09T16:13:18.9112551Z (Use `node --trace-deprecation ...` to show where the warning was created)
2026-10-09T16:13:18.9158261Z ##[error]No files were found with the provided path: packages/cli/test-results/unit-2.xml. No artifacts will be uploaded.
2026-10-09T16:13:18.9516820Z Post job cleanup.
2026-10-09T16:13:19.1121080Z [command]"C:\Program Files\Git\bin\git.exe" version
2026-10-09T16:13:19.1361520Z git version 2.55.0.windows.5
2026-10-09T16:13:19.1422973Z Temporarily overriding HOME='D:\a\_temp\72f45bd7-0ed6-4da9-9b62-86e0d5c388d8' before making global git config changes
2026-10-09T16:13:19.1423912Z Adding repository directory to the temporary git global config as a safe directory
2026-10-09T16:13:19.1431496Z [command]"C:\Program Files\Git\bin\git.exe" config --global --add safe.directory D:\a\chainlesschain\chainlesschain
2026-10-09T16:13:19.1695292Z [command]"C:\Program Files\Git\bin\git.exe" config --local --name-only --get-regexp core\.sshCommand
2026-10-09T16:13:19.1955282Z [command]"C:\Program Files\Git\bin\git.exe" submodule foreach --recursive "sh -c \"git config --local --name-only --get-regexp 'core\.sshCommand' && git config --local --unset-all 'core.sshCommand' || :\""
2026-10-09T16:13:19.7051830Z [command]"C:\Program Files\Git\bin\git.exe" config --local --name-only --get-regexp http\.https\:\/\/github\.com\/\.extraheader
2026-10-09T16:13:19.7271353Z http.https://github.com/.extraheader
2026-10-09T16:13:19.7313470Z [command]"C:\Program Files\Git\bin\git.exe" config --local --unset-all http.https://github.com/.extraheader
2026-10-09T16:13:19.7574368Z [command]"C:\Program Files\Git\bin\git.exe" submodule foreach --recursive "sh -c \"git config --local --name-only --get-regexp 'http\.https\:\/\/github\.com\/\.extraheader' && git config --local --unset-all 'http.https://github.com/.extraheader' || :\""
2026-10-09T16:13:20.2266115Z [command]"C:\Program Files\Git\bin\git.exe" config --local --name-only --get-regexp ^includeIf\.gitdir:
2026-10-09T16:13:20.2505461Z [command]"C:\Program Files\Git\bin\git.exe" submodule foreach --recursive "git config --local --show-origin --name-only --get-regexp remote.origin.url"
2026-10-09T16:13:20.7878698Z Cleaning up orphan processes
2026-10-09T16:13:20.8414819Z ##[warning]Node.js 20 is deprecated. The following actions target Node.js 20 but are being forced to run on Node.js 24: actions/upload-artifact@v4. For more information see: https://github.blog/changelog/2025-09-19-deprecation-of-node-20-on-github-actions-runners/
