2026-10-06 18:24:42,690 [    738]   WARN - c.i.o.u.r.overrides - Conflicting registry key definition for key kotlin.mpp.tests.force.gradle: it was defined by plugin org.jetbrains.kotlin but redefined by plugin org.jetbrains.kotlin. Consider adding overrides="true" for one of the plugins, see the documentation for com.intellij.openapi.util.registry.RegistryKeyBean.overrides for more details.
2026-10-06 18:24:43,229 [   1277]   WARN - #c.i.i.s.p.i.BundledSharedIndexProvider - Bundled shared index is not found at: C:\Users\longfa\.gradle\caches\transforms-4\dbb682d26f44c694592b06df4c7b2971\transformed\ideaIC-2024.2-win\jdk-shared-indexes
2026-10-06 18:24:44,766 [   2814]   WARN - #c.i.s.ComponentManagerImpl - `preload=NOT_HEADLESS` must be used only for core services (service=org.jetbrains.kotlin.idea.search.refIndex.KotlinCompilerReferenceIndexService, plugin=org.jetbrains.kotlin)
2026-10-06 18:24:44,767 [   2815]   WARN - #c.i.s.ComponentManagerImpl - `preload=TRUE` must be used only for core services (service=org.jetbrains.idea.maven.project.MavenProjectsManagerEx, plugin=org.jetbrains.idea.maven)
2026-10-06 18:24:44,767 [   2815]   WARN - #c.i.s.ComponentManagerImpl - `preload=TRUE` must be used only for core services (service=org.jetbrains.idea.maven.navigator.MavenProjectsNavigator, plugin=org.jetbrains.idea.maven)
2026-10-06 18:24:44,767 [   2815]   WARN - #c.i.s.ComponentManagerImpl - `preload=TRUE` must be used only for core services (service=org.jetbrains.idea.maven.tasks.MavenShortcutsManager, plugin=org.jetbrains.idea.maven)
2026-10-06 18:24:44,767 [   2815]   WARN - #c.i.s.ComponentManagerImpl - `preload=NOT_HEADLESS` must be used only for core services (service=com.jetbrains.rdserver.toolWindow.BackendServerToolWindowManager, plugin=com.jetbrains.codeWithMe)
2026-10-06 18:24:44,768 [   2816]   WARN - #c.i.s.ComponentManagerImpl - `preload=TRUE` must be used only for core services (service=com.intellij.cwm.plugin.users.BackendUserManager, plugin=com.jetbrains.codeWithMe)
2026-10-06 18:24:44,768 [   2816]   WARN - #c.i.s.ComponentManagerImpl - `preload=TRUE` must be used only for core services (service=com.intellij.cwm.plugin.ports.CwmPortForwardingToolWindowManager, plugin=com.jetbrains.codeWithMe)
2026-10-06 18:24:44,768 [   2816]   WARN - #c.i.s.ComponentManagerImpl - `preload=TRUE` must be used only for core services (service=com.intellij.cwm.plugin.users.BackendCWMUserFocusHost, plugin=com.jetbrains.codeWithMe)
2026-10-06 18:24:44,768 [   2816]   WARN - #c.i.s.ComponentManagerImpl - `preload=TRUE` must be used only for core services (service=com.intellij.cwm.plugin.following.FollowMeManagerService, plugin=com.jetbrains.codeWithMe)
2026-10-06 18:24:44,768 [   2816]   WARN - #c.i.s.ComponentManagerImpl - `preload=TRUE` must be used only for core services (service=com.intellij.cwm.plugin.following.BackendProjectViewSync, plugin=com.jetbrains.codeWithMe)
2026-10-06 18:24:44,769 [   2817]   WARN - #c.i.s.ComponentManagerImpl - `preload=TRUE` must be used only for core services (service=com.intellij.cwm.plugin.following.BackendFollowMeEditorsHost, plugin=com.jetbrains.codeWithMe)
2026-10-06 18:24:44,769 [   2817]   WARN - #c.i.s.ComponentManagerImpl - `preload=TRUE` must be used only for core services (service=com.intellij.cwm.plugin.following.BackendFollowMeDebuggerHost, plugin=com.jetbrains.codeWithMe)
2026-10-06 18:24:44,769 [   2817]   WARN - #c.i.s.ComponentManagerImpl - `preload=TRUE` must be used only for core services (service=com.intellij.cwm.plugin.following.FollowMeLookupSynchronizer, plugin=com.jetbrains.codeWithMe)
2026-10-06 18:24:46,954 [   5002] SEVERE - #c.i.c.ComponentStoreImpl - Cannot init component state (componentName=GradleJvmSupportMatrix, componentClass=GradleJvmSupportMatrix) [Plugin: com.intellij.gradle]
com.intellij.diagnostic.PluginException: Cannot init component state (componentName=GradleJvmSupportMatrix, componentClass=GradleJvmSupportMatrix) [Plugin: com.intellij.gradle]
	at com.intellij.configurationStore.ComponentStoreImpl.initComponent(ComponentStoreImpl.kt:185)
	at com.intellij.configurationStore.ComponentStoreWithExtraComponents.initComponent(ComponentStoreWithExtraComponents.kt:46)
	at com.intellij.serviceContainer.ComponentManagerImpl.initializeService$intellij_platform_serviceContainer(ComponentManagerImpl.kt:651)
	at com.intellij.serviceContainer.ServiceInstanceInitializer.createInstance$suspendImpl(ServiceInstanceInitializer.kt:70)
	at com.intellij.serviceContainer.ServiceInstanceInitializer.createInstance(ServiceInstanceInitializer.kt)
	at com.intellij.platform.instanceContainer.internal.LazyInstanceHolder$initialize$1$1.invokeSuspend(LazyInstanceHolder.kt:162)
	at com.intellij.platform.instanceContainer.internal.LazyInstanceHolder$initialize$1$1.invoke(LazyInstanceHolder.kt)
	at com.intellij.platform.instanceContainer.internal.LazyInstanceHolder$initialize$1$1.invoke(LazyInstanceHolder.kt)
	at kotlinx.coroutines.intrinsics.UndispatchedKt.startUndispatchedOrReturn(Undispatched.kt:62)
	at kotlinx.coroutines.BuildersKt__Builders_commonKt.withContext(Builders.common.kt:163)
	at kotlinx.coroutines.BuildersKt.withContext(Unknown Source)
	at com.intellij.platform.instanceContainer.internal.LazyInstanceHolder$initialize$1.invokeSuspend(LazyInstanceHolder.kt:160)
	at com.intellij.platform.instanceContainer.internal.LazyInstanceHolder$initialize$1.invoke(LazyInstanceHolder.kt)
	at com.intellij.platform.instanceContainer.internal.LazyInstanceHolder$initialize$1.invoke(LazyInstanceHolder.kt)
	at kotlinx.coroutines.intrinsics.UndispatchedKt.startCoroutineUndispatched(Undispatched.kt:27)
	at kotlinx.coroutines.CoroutineStart.invoke(CoroutineStart.kt:90)
	at kotlinx.coroutines.AbstractCoroutine.start(AbstractCoroutine.kt:123)
	at kotlinx.coroutines.BuildersKt__Builders_commonKt.launch(Builders.common.kt:52)
	at kotlinx.coroutines.BuildersKt.launch(Unknown Source)
	at com.intellij.platform.instanceContainer.internal.LazyInstanceHolder.initialize(LazyInstanceHolder.kt:145)
	at com.intellij.platform.instanceContainer.internal.LazyInstanceHolder.access$initialize(LazyInstanceHolder.kt:13)
	at com.intellij.platform.instanceContainer.internal.LazyInstanceHolder.tryInitialize(LazyInstanceHolder.kt:135)
	at com.intellij.platform.instanceContainer.internal.LazyInstanceHolder.getInstance(LazyInstanceHolder.kt:95)
	at com.intellij.platform.instanceContainer.internal.LazyInstanceHolder.getInstanceInCallerContext$suspendImpl(LazyInstanceHolder.kt:87)
	at com.intellij.platform.instanceContainer.internal.LazyInstanceHolder.getInstanceInCallerContext(LazyInstanceHolder.kt)
	at com.intellij.serviceContainer.ComponentManagerImplKt$doGetOrCreateInstanceBlocking$1.invokeSuspend(ComponentManagerImpl.kt:1568)
	at kotlin.coroutines.jvm.internal.BaseContinuationImpl.resumeWith(ContinuationImpl.kt:33)
	at kotlinx.coroutines.DispatchedTask.run(DispatchedTask.kt:104)
	at kotlinx.coroutines.EventLoopImplBase.processNextEvent(EventLoop.common.kt:277)
	at kotlinx.coroutines.BlockingCoroutine.joinBlocking(Builders.kt:111)
	at kotlinx.coroutines.BuildersKt__BuildersKt.runBlocking$BuildersKt__BuildersKt(Builders.kt:84)
	at kotlinx.coroutines.BuildersKt__BuildersKt.runBlocking(Builders.kt:52)
	at kotlinx.coroutines.BuildersKt.runBlocking(Unknown Source)
	at com.intellij.serviceContainer.ComponentManagerImplKt$runBlockingInitialization$1.invoke(ComponentManagerImpl.kt:1686)
	at com.intellij.serviceContainer.ComponentManagerImplKt$runBlockingInitialization$1.invoke(ComponentManagerImpl.kt:1677)
	at com.intellij.openapi.progress.ContextKt.prepareThreadContext(context.kt:82)
	at com.intellij.serviceContainer.ComponentManagerImplKt.runBlockingInitialization(ComponentManagerImpl.kt:1677)
	at com.intellij.serviceContainer.ComponentManagerImplKt.doGetOrCreateInstanceBlocking(ComponentManagerImpl.kt:1567)
	at com.intellij.serviceContainer.ComponentManagerImplKt.getOrCreateInstanceBlocking(ComponentManagerImpl.kt:1562)
	at com.intellij.serviceContainer.ComponentManagerImpl.doGetService(ComponentManagerImpl.kt:746)
	at com.intellij.serviceContainer.ComponentManagerImpl.getService(ComponentManagerImpl.kt:690)
	at org.jetbrains.plugins.gradle.jvmcompat.GradleJvmSupportMatrix$Companion.getInstance(GradleJvmSupportMatrix.kt:224)
	at org.jetbrains.plugins.gradle.jvmcompat.GradleCompatibilitySupportUpdater.<init>(GradleCompatibilitySupportUpdater.kt:16)
	at com.intellij.platform.instanceContainer.instantiation.InstantiateKt$instantiate$2.invoke(instantiate.kt:45)
	at com.intellij.platform.instanceContainer.instantiation.InstantiateKt$instantiate$2.invoke(instantiate.kt:42)
	at com.intellij.platform.instanceContainer.instantiation.InstantiateKt.instantiate(instantiate.kt:313)
	at com.intellij.platform.instanceContainer.instantiation.InstantiateKt.instantiate(instantiate.kt:42)
	at com.intellij.serviceContainer.ServiceInstanceInitializer.createInstance$suspendImpl(ServiceInstanceInitializer.kt:31)
	at com.intellij.serviceContainer.ServiceInstanceInitializer.createInstance(ServiceInstanceInitializer.kt)
	at com.intellij.platform.instanceContainer.internal.LazyInstanceHolder$initialize$1$1.invokeSuspend(LazyInstanceHolder.kt:162)
	at com.intellij.platform.instanceContainer.internal.LazyInstanceHolder$initialize$1$1.invoke(LazyInstanceHolder.kt)
	at com.intellij.platform.instanceContainer.internal.LazyInstanceHolder$initialize$1$1.invoke(LazyInstanceHolder.kt)
	at kotlinx.coroutines.intrinsics.UndispatchedKt.startUndispatchedOrReturn(Undispatched.kt:62)
	at kotlinx.coroutines.BuildersKt__Builders_commonKt.withContext(Builders.common.kt:163)
	at kotlinx.coroutines.BuildersKt.withContext(Unknown Source)
	at com.intellij.platform.instanceContainer.internal.LazyInstanceHolder$initialize$1.invokeSuspend(LazyInstanceHolder.kt:160)
	at com.intellij.platform.instanceContainer.internal.LazyInstanceHolder$initialize$1.invoke(LazyInstanceHolder.kt)
	at com.intellij.platform.instanceContainer.internal.LazyInstanceHolder$initialize$1.invoke(LazyInstanceHolder.kt)
	at kotlinx.coroutines.intrinsics.UndispatchedKt.startCoroutineUndispatched(Undispatched.kt:27)
	at kotlinx.coroutines.CoroutineStart.invoke(CoroutineStart.kt:90)
	at kotlinx.coroutines.AbstractCoroutine.start(AbstractCoroutine.kt:123)
	at kotlinx.coroutines.BuildersKt__Builders_commonKt.launch(Builders.common.kt:52)
	at kotlinx.coroutines.BuildersKt.launch(Unknown Source)
	at com.intellij.platform.instanceContainer.internal.LazyInstanceHolder.initialize(LazyInstanceHolder.kt:145)
	at com.intellij.platform.instanceContainer.internal.LazyInstanceHolder.access$initialize(LazyInstanceHolder.kt:13)
	at com.intellij.platform.instanceContainer.internal.LazyInstanceHolder.tryInitialize(LazyInstanceHolder.kt:135)
	at com.intellij.platform.instanceContainer.internal.LazyInstanceHolder.getInstance(LazyInstanceHolder.kt:95)
	at com.intellij.platform.instanceContainer.internal.LazyInstanceHolder.getInstance$suspendImpl(LazyInstanceHolder.kt:83)
	at com.intellij.platform.instanceContainer.internal.LazyInstanceHolder.getInstance(LazyInstanceHolder.kt)
	at com.intellij.platform.instanceContainer.internal.InstanceContainerImpl.instance(InstanceContainerImpl.kt:68)
	at com.intellij.serviceContainer.ComponentManagerImpl.getServiceAsync(ComponentManagerImpl.kt:694)
	at org.jetbrains.plugins.gradle.service.project.GradleVersionUpdateStartupActivity.execute(GradleVersionUpdateStartupActivity.kt:26)
	at com.intellij.ide.startup.impl.StartupManagerImplKt$launchActivity$1.invokeSuspend(StartupManagerImpl.kt:496)
	at kotlin.coroutines.jvm.internal.BaseContinuationImpl.resumeWith(ContinuationImpl.kt:33)
	at kotlinx.coroutines.DispatchedTask.run(DispatchedTask.kt:104)
	at kotlinx.coroutines.scheduling.CoroutineScheduler.runSafely(CoroutineScheduler.kt:608)
	at kotlinx.coroutines.scheduling.CoroutineScheduler$Worker.executeTask(CoroutineScheduler.kt:873)
	at kotlinx.coroutines.scheduling.CoroutineScheduler$Worker.runWorker(CoroutineScheduler.kt:763)
	at kotlinx.coroutines.scheduling.CoroutineScheduler$Worker.run(CoroutineScheduler.kt:750)
Caused by: java.lang.IllegalArgumentException: 25
	at com.intellij.util.lang.JavaVersion.parse(JavaVersion.java:308)
	at org.jetbrains.plugins.gradle.jvmcompat.GradleJvmSupportMatrix$getCompatibilityRanges$1$javaRange$1.invoke(GradleJvmSupportMatrix.kt:44)
	at org.jetbrains.plugins.gradle.jvmcompat.GradleJvmSupportMatrix$getCompatibilityRanges$1$javaRange$1.invoke(GradleJvmSupportMatrix.kt:44)
	at org.jetbrains.plugins.gradle.jvmcompat.IdeVersionedDataParser$Companion.parseVersion(IdeVersionedDataParser.kt:21)
	at org.jetbrains.plugins.gradle.jvmcompat.IdeVersionedDataParser$Companion.parseRange(IdeVersionedDataParser.kt:31)
	at org.jetbrains.plugins.gradle.jvmcompat.GradleJvmSupportMatrix.getCompatibilityRanges(GradleJvmSupportMatrix.kt:44)
	at org.jetbrains.plugins.gradle.jvmcompat.GradleJvmSupportMatrix.applyState(GradleJvmSupportMatrix.kt:28)
	at org.jetbrains.plugins.gradle.jvmcompat.GradleJvmSupportMatrix.onStateChanged(GradleJvmSupportMatrix.kt:50)
	at org.jetbrains.plugins.gradle.jvmcompat.GradleJvmSupportMatrix.onStateChanged(GradleJvmSupportMatrix.kt:13)
	at org.jetbrains.plugins.gradle.jvmcompat.IdeVersionedDataStorage.loadState(IdeVersionedDataStorage.kt:38)
	at org.jetbrains.plugins.gradle.jvmcompat.IdeVersionedDataStorage.loadState(IdeVersionedDataStorage.kt:7)
	at com.intellij.configurationStore.ComponentStoreImpl.doInitComponent(ComponentStoreImpl.kt:593)
	at com.intellij.configurationStore.ComponentStoreImpl.initComponent(ComponentStoreImpl.kt:493)
	at com.intellij.configurationStore.ComponentStoreImpl.initComponent(ComponentStoreImpl.kt:160)
	... 78 more
2026-10-06 18:24:47,009 [   5057] SEVERE - #c.i.c.ComponentStoreImpl - IntelliJ IDEA 2024.2  Build #IC-242.20224.300
2026-10-06 18:24:47,010 [   5058] SEVERE - #c.i.c.ComponentStoreImpl - JDK: 21.0.3; VM: OpenJDK 64-Bit Server VM; Vendor: JetBrains s.r.o.
2026-10-06 18:24:47,010 [   5058] SEVERE - #c.i.c.ComponentStoreImpl - OS: Windows 10
2026-10-06 18:24:47,010 [   5058] SEVERE - #c.i.c.ComponentStoreImpl - Last Action: 
2026-10-06 18:24:47,095 [   5143] SEVERE - #c.i.u.w.WinDockDelegate - java.lang.RuntimeException: Caught std::system_error in "intellij::ui::win::jni::WinShellIntegrationBridge::clearRecentTasksList" with code COM:-2147024893 meaning "IApplicationDestinations::RemoveAllDestinations failed at intellij::ui::win::Application::clearRecentsAndFrequents: HRESULT=0x80070003"
java.util.concurrent.ExecutionException: java.lang.RuntimeException: Caught std::system_error in "intellij::ui::win::jni::WinShellIntegrationBridge::clearRecentTasksList" with code COM:-2147024893 meaning "IApplicationDestinations::RemoveAllDestinations failed at intellij::ui::win::Application::clearRecentsAndFrequents: HRESULT=0x80070003"
	at java.base/java.util.concurrent.FutureTask.report(FutureTask.java:122)
	at java.base/java.util.concurrent.FutureTask.get(FutureTask.java:191)
	at com.intellij.ui.win.WinDockDelegate.lambda$updateRecentProjectsMenu$1(WinDockDelegate.java:52)
	at java.base/java.util.concurrent.ForkJoinTask$RunnableExecuteAction.compute(ForkJoinTask.java:1726)
	at java.base/java.util.concurrent.ForkJoinTask$RunnableExecuteAction.compute(ForkJoinTask.java:1717)
	at java.base/java.util.concurrent.ForkJoinTask$InterruptibleTask.exec(ForkJoinTask.java:1641)
	at java.base/java.util.concurrent.ForkJoinTask.doExec(ForkJoinTask.java:507)
	at java.base/java.util.concurrent.ForkJoinPool$WorkQueue.topLevelExec(ForkJoinPool.java:1491)
	at java.base/java.util.concurrent.ForkJoinPool.scan(ForkJoinPool.java:2073)
	at java.base/java.util.concurrent.ForkJoinPool.runWorker(ForkJoinPool.java:2035)
	at java.base/java.util.concurrent.ForkJoinWorkerThread.run(ForkJoinWorkerThread.java:187)
	Suppressed: java.lang.Throwable: Asynchronously launched from here
		at com.intellij.ui.win.WinDockDelegate.updateRecentProjectsMenu(WinDockDelegate.java:37)
		at com.intellij.openapi.wm.impl.SystemDock.updateMenu(SystemDock.java:41)
		at com.intellij.ide.RecentProjectsManagerBaseKt.updateSystemDockMenu(RecentProjectsManagerBase.kt:884)
		at com.intellij.ide.RecentProjectsManagerBaseKt.access$updateSystemDockMenu(RecentProjectsManagerBase.kt:1)
		at com.intellij.ide.RecentProjectsManagerBase$projectOpened$4.invokeSuspend(RecentProjectsManagerBase.kt:392)
		at kotlin.coroutines.jvm.internal.BaseContinuationImpl.resumeWith(ContinuationImpl.kt:33)
		at kotlinx.coroutines.DispatchedTask.run(DispatchedTask.kt:104)
		at com.intellij.openapi.application.TransactionGuardImpl$2.run(TransactionGuardImpl.java:214)
		at com.intellij.openapi.application.impl.AnyThreadWriteThreadingSupport.runWithImplicitRead(AnyThreadWriteThreadingSupport.kt:122)
		at com.intellij.openapi.application.impl.ApplicationImpl.runWithImplicitRead(ApplicationImpl.java:1162)
		at com.intellij.openapi.application.impl.FlushQueue.doRun(FlushQueue.java:78)
		at com.intellij.openapi.application.impl.FlushQueue.runNextEvent(FlushQueue.java:119)
		at com.intellij.openapi.application.impl.FlushQueue.flushNow(FlushQueue.java:41)
		at java.desktop/java.awt.event.InvocationEvent.dispatch(InvocationEvent.java:318)
		at java.desktop/java.awt.EventQueue.dispatchEventImpl(EventQueue.java:781)
		at java.desktop/java.awt.EventQueue$4.run(EventQueue.java:728)
		at java.desktop/java.awt.EventQueue$4.run(EventQueue.java:722)
		at java.base/java.security.AccessController.doPrivileged(AccessController.java:400)
		at java.base/java.security.ProtectionDomain$JavaSecurityAccessImpl.doIntersectionPrivilege(ProtectionDomain.java:87)
		at java.desktop/java.awt.EventQueue.dispatchEvent(EventQueue.java:750)
		at com.intellij.ide.IdeEventQueue.defaultDispatchEvent(IdeEventQueue.kt:696)
		at com.intellij.ide.IdeEventQueue._dispatchEvent$lambda$16(IdeEventQueue.kt:590)
		at com.intellij.openapi.application.impl.AnyThreadWriteThreadingSupport.runWithoutImplicitRead(AnyThreadWriteThreadingSupport.kt:117)
		at com.intellij.ide.IdeEventQueue._dispatchEvent(IdeEventQueue.kt:590)
		at com.intellij.ide.IdeEventQueue.access$_dispatchEvent(IdeEventQueue.kt:73)
		at com.intellij.ide.IdeEventQueue$dispatchEvent$processEventRunnable$1$1$1$1.compute(IdeEventQueue.kt:357)
		at com.intellij.ide.IdeEventQueue$dispatchEvent$processEventRunnable$1$1$1$1.compute(IdeEventQueue.kt:356)
		at com.intellij.openapi.progress.impl.CoreProgressManager.computePrioritized(CoreProgressManager.java:843)
		at com.intellij.ide.IdeEventQueue$dispatchEvent$processEventRunnable$1$1$1.invoke(IdeEventQueue.kt:356)
		at com.intellij.ide.IdeEventQueue$dispatchEvent$processEventRunnable$1$1$1.invoke(IdeEventQueue.kt:351)
		at com.intellij.ide.IdeEventQueueKt$performActivity$runnableWithWIL$1.invoke$lambda$0(IdeEventQueue.kt:1035)
		at com.intellij.openapi.application.WriteIntentReadAction.lambda$run$0(WriteIntentReadAction.java:24)
		at com.intellij.openapi.application.impl.AnyThreadWriteThreadingSupport.runWriteIntentReadAction(AnyThreadWriteThreadingSupport.kt:84)
		at com.intellij.openapi.application.impl.ApplicationImpl.runWriteIntentReadAction(ApplicationImpl.java:910)
		at com.intellij.openapi.application.WriteIntentReadAction.compute(WriteIntentReadAction.java:55)
		at com.intellij.openapi.application.WriteIntentReadAction.run(WriteIntentReadAction.java:23)
		at com.intellij.ide.IdeEventQueueKt$performActivity$runnableWithWIL$1.invoke(IdeEventQueue.kt:1035)
		at com.intellij.ide.IdeEventQueueKt$performActivity$runnableWithWIL$1.invoke(IdeEventQueue.kt:1035)
		at com.intellij.ide.IdeEventQueueKt.performActivity$lambda$1(IdeEventQueue.kt:1036)
		at com.intellij.openapi.application.TransactionGuardImpl.performActivity(TransactionGuardImpl.java:106)
		at com.intellij.ide.IdeEventQueueKt.performActivity(IdeEventQueue.kt:1036)
		at com.intellij.ide.IdeEventQueue.dispatchEvent$lambda$10(IdeEventQueue.kt:351)
		at com.intellij.ide.IdeEventQueue.dispatchEvent(IdeEventQueue.kt:397)
		at java.desktop/java.awt.EventDispatchThread.pumpOneEventForFilters(EventDispatchThread.java:207)
		at java.desktop/java.awt.EventDispatchThread.pumpEventsForFilter(EventDispatchThread.java:128)
		at java.desktop/java.awt.EventDispatchThread.pumpEventsForHierarchy(EventDispatchThread.java:117)
		at java.desktop/java.awt.EventDispatchThread.pumpEvents(EventDispatchThread.java:113)
		at java.desktop/java.awt.EventDispatchThread.pumpEvents(EventDispatchThread.java:105)
		at java.desktop/java.awt.EventDispatchThread.run(EventDispatchThread.java:92)
Caused by: java.lang.RuntimeException: Caught std::system_error in "intellij::ui::win::jni::WinShellIntegrationBridge::clearRecentTasksList" with code COM:-2147024893 meaning "IApplicationDestinations::RemoveAllDestinations failed at intellij::ui::win::Application::clearRecentsAndFrequents: HRESULT=0x80070003"
	at com.intellij.ui.win.WinShellIntegration$Bridge.clearRecentTasksListNative(Native Method)
	at com.intellij.ui.win.WinShellIntegration.clearRecentTasksList(WinShellIntegration.java:121)
	at com.intellij.ui.win.WinShellIntegration$ShellContext.clearRecentTasksList(WinShellIntegration.java:39)
	at com.intellij.ui.win.WinDockDelegate.lambda$updateRecentProjectsMenu$0(WinDockDelegate.java:50)
	at com.intellij.ui.win.WinShellIntegration.lambda$postShellTask$1(WinShellIntegration.java:93)
	at java.base/java.util.concurrent.Executors$RunnableAdapter.call(Executors.java:572)
	at java.base/java.util.concurrent.FutureTask.run(FutureTask.java:317)
	at java.base/java.util.concurrent.ThreadPoolExecutor.runWorker(ThreadPoolExecutor.java:1144)
	at java.base/java.util.concurrent.ThreadPoolExecutor$Worker.run(ThreadPoolExecutor.java:642)
	at java.base/java.lang.Thread.run(Thread.java:1583)
2026-10-06 18:24:47,101 [   5149] SEVERE - #c.i.u.w.WinDockDelegate - IntelliJ IDEA 2024.2  Build #IC-242.20224.300
2026-10-06 18:24:47,101 [   5149] SEVERE - #c.i.u.w.WinDockDelegate - JDK: 21.0.3; VM: OpenJDK 64-Bit Server VM; Vendor: JetBrains s.r.o.
2026-10-06 18:24:47,101 [   5149] SEVERE - #c.i.u.w.WinDockDelegate - OS: Windows 10
2026-10-06 18:24:47,101 [   5149] SEVERE - #c.i.u.w.WinDockDelegate - Last Action: 
