2026-10-06 18:22:36,968 [    677]   WARN - c.i.o.u.r.overrides - Conflicting registry key definition for key kotlin.mpp.tests.force.gradle: it was defined by plugin org.jetbrains.kotlin but redefined by plugin org.jetbrains.kotlin. Consider adding overrides="true" for one of the plugins, see the documentation for com.intellij.openapi.util.registry.RegistryKeyBean.overrides for more details.
2026-10-06 18:22:37,375 [   1084]   WARN - #c.i.i.s.p.i.BundledSharedIndexProvider - Bundled shared index is not found at: C:\Users\longfa\.gradle\caches\transforms-4\dbb682d26f44c694592b06df4c7b2971\transformed\ideaIC-2024.2-win\jdk-shared-indexes
2026-10-06 18:22:39,716 [   3425]   WARN - #c.i.s.ComponentManagerImpl - `preload=NOT_HEADLESS` must be used only for core services (service=org.jetbrains.kotlin.idea.search.refIndex.KotlinCompilerReferenceIndexService, plugin=org.jetbrains.kotlin)
2026-10-06 18:22:39,716 [   3425]   WARN - #c.i.s.ComponentManagerImpl - `preload=TRUE` must be used only for core services (service=org.jetbrains.idea.maven.project.MavenProjectsManagerEx, plugin=org.jetbrains.idea.maven)
2026-10-06 18:22:39,716 [   3425]   WARN - #c.i.s.ComponentManagerImpl - `preload=TRUE` must be used only for core services (service=org.jetbrains.idea.maven.navigator.MavenProjectsNavigator, plugin=org.jetbrains.idea.maven)
2026-10-06 18:22:39,716 [   3425]   WARN - #c.i.s.ComponentManagerImpl - `preload=TRUE` must be used only for core services (service=org.jetbrains.idea.maven.tasks.MavenShortcutsManager, plugin=org.jetbrains.idea.maven)
2026-10-06 18:22:39,716 [   3425]   WARN - #c.i.s.ComponentManagerImpl - `preload=NOT_HEADLESS` must be used only for core services (service=com.jetbrains.rdserver.toolWindow.BackendServerToolWindowManager, plugin=com.jetbrains.codeWithMe)
2026-10-06 18:22:39,717 [   3426]   WARN - #c.i.s.ComponentManagerImpl - `preload=TRUE` must be used only for core services (service=com.intellij.cwm.plugin.users.BackendUserManager, plugin=com.jetbrains.codeWithMe)
2026-10-06 18:22:39,717 [   3426]   WARN - #c.i.s.ComponentManagerImpl - `preload=TRUE` must be used only for core services (service=com.intellij.cwm.plugin.ports.CwmPortForwardingToolWindowManager, plugin=com.jetbrains.codeWithMe)
2026-10-06 18:22:39,717 [   3426]   WARN - #c.i.s.ComponentManagerImpl - `preload=TRUE` must be used only for core services (service=com.intellij.cwm.plugin.users.BackendCWMUserFocusHost, plugin=com.jetbrains.codeWithMe)
2026-10-06 18:22:39,717 [   3426]   WARN - #c.i.s.ComponentManagerImpl - `preload=TRUE` must be used only for core services (service=com.intellij.cwm.plugin.following.FollowMeManagerService, plugin=com.jetbrains.codeWithMe)
2026-10-06 18:22:39,717 [   3426]   WARN - #c.i.s.ComponentManagerImpl - `preload=TRUE` must be used only for core services (service=com.intellij.cwm.plugin.following.BackendProjectViewSync, plugin=com.jetbrains.codeWithMe)
2026-10-06 18:22:39,717 [   3426]   WARN - #c.i.s.ComponentManagerImpl - `preload=TRUE` must be used only for core services (service=com.intellij.cwm.plugin.following.BackendFollowMeEditorsHost, plugin=com.jetbrains.codeWithMe)
2026-10-06 18:22:39,718 [   3427]   WARN - #c.i.s.ComponentManagerImpl - `preload=TRUE` must be used only for core services (service=com.intellij.cwm.plugin.following.BackendFollowMeDebuggerHost, plugin=com.jetbrains.codeWithMe)
2026-10-06 18:22:39,718 [   3427]   WARN - #c.i.s.ComponentManagerImpl - `preload=TRUE` must be used only for core services (service=com.intellij.cwm.plugin.following.FollowMeLookupSynchronizer, plugin=com.jetbrains.codeWithMe)
2026-10-06 18:22:41,972 [   5681] SEVERE - #c.i.u.w.WinDockDelegate - java.lang.RuntimeException: Caught std::system_error in "intellij::ui::win::jni::WinShellIntegrationBridge::clearRecentTasksList" with code COM:-2147024893 meaning "IApplicationDestinations::RemoveAllDestinations failed at intellij::ui::win::Application::clearRecentsAndFrequents: HRESULT=0x80070003"
java.util.concurrent.ExecutionException: java.lang.RuntimeException: Caught std::system_error in "intellij::ui::win::jni::WinShellIntegrationBridge::clearRecentTasksList" with code COM:-2147024893 meaning "IApplicationDestinations::RemoveAllDestinations failed at intellij::ui::win::Application::clearRecentsAndFrequents: HRESULT=0x80070003"
	at java.base/java.util.concurrent.FutureTask.report(FutureTask.java:122)
	at java.base/java.util.concurrent.FutureTask.get(FutureTask.java:191)
	at com.intellij.ui.win.WinDockDelegate.lambda$updateRecentProjectsMenu$1(WinDockDelegate.java:52)
	at java.base/java.util.concurrent.ForkJoinTask$RunnableExecuteAction.compute(ForkJoinTask.java:1726)
	at java.base/java.util.concurrent.ForkJoinTask$RunnableExecuteAction.compute(ForkJoinTask.java:1717)
	at java.base/java.util.concurrent.ForkJoinTask$InterruptibleTask.exec(ForkJoinTask.java:1641)
	at java.base/java.util.concurrent.ForkJoinTask.doExec(ForkJoinTask.java:507)
	at java.base/java.util.concurrent.ForkJoinPool$WorkQueue.topLevelExec(ForkJoinPool.java:1491)
	at java.base/java.util.concurrent.ForkJoinPool.scan(ForkJoinPool.java:2073)
	at java.base/java.util.concurrent.ForkJoinPool.runWorker(ForkJoinPool.java:2035)
	at java.base/java.util.concurrent.ForkJoinWorkerThread.run(ForkJoinWorkerThread.java:187)
	Suppressed: java.lang.Throwable: Asynchronously launched from here
		at com.intellij.ui.win.WinDockDelegate.updateRecentProjectsMenu(WinDockDelegate.java:37)
		at com.intellij.openapi.wm.impl.SystemDock.updateMenu(SystemDock.java:41)
		at com.intellij.ide.RecentProjectsManagerBaseKt.updateSystemDockMenu(RecentProjectsManagerBase.kt:884)
		at com.intellij.ide.RecentProjectsManagerBaseKt.access$updateSystemDockMenu(RecentProjectsManagerBase.kt:1)
		at com.intellij.ide.RecentProjectsManagerBase$projectOpened$4.invokeSuspend(RecentProjectsManagerBase.kt:392)
		at kotlin.coroutines.jvm.internal.BaseContinuationImpl.resumeWith(ContinuationImpl.kt:33)
		at kotlinx.coroutines.DispatchedTask.run(DispatchedTask.kt:104)
		at com.intellij.openapi.application.TransactionGuardImpl$2.run(TransactionGuardImpl.java:214)
		at com.intellij.openapi.application.impl.AnyThreadWriteThreadingSupport.runWithImplicitRead(AnyThreadWriteThreadingSupport.kt:122)
		at com.intellij.openapi.application.impl.ApplicationImpl.runWithImplicitRead(ApplicationImpl.java:1162)
		at com.intellij.openapi.application.impl.FlushQueue.doRun(FlushQueue.java:78)
		at com.intellij.openapi.application.impl.FlushQueue.runNextEvent(FlushQueue.java:119)
		at com.intellij.openapi.application.impl.FlushQueue.flushNow(FlushQueue.java:41)
		at java.desktop/java.awt.event.InvocationEvent.dispatch(InvocationEvent.java:318)
		at java.desktop/java.awt.EventQueue.dispatchEventImpl(EventQueue.java:781)
		at java.desktop/java.awt.EventQueue$4.run(EventQueue.java:728)
		at java.desktop/java.awt.EventQueue$4.run(EventQueue.java:722)
		at java.base/java.security.AccessController.doPrivileged(AccessController.java:400)
		at java.base/java.security.ProtectionDomain$JavaSecurityAccessImpl.doIntersectionPrivilege(ProtectionDomain.java:87)
		at java.desktop/java.awt.EventQueue.dispatchEvent(EventQueue.java:750)
		at com.intellij.ide.IdeEventQueue.defaultDispatchEvent(IdeEventQueue.kt:696)
		at com.intellij.ide.IdeEventQueue._dispatchEvent$lambda$16(IdeEventQueue.kt:590)
		at com.intellij.openapi.application.impl.AnyThreadWriteThreadingSupport.runWithoutImplicitRead(AnyThreadWriteThreadingSupport.kt:117)
		at com.intellij.ide.IdeEventQueue._dispatchEvent(IdeEventQueue.kt:590)
		at com.intellij.ide.IdeEventQueue.access$_dispatchEvent(IdeEventQueue.kt:73)
		at com.intellij.ide.IdeEventQueue$dispatchEvent$processEventRunnable$1$1$1$1.compute(IdeEventQueue.kt:357)
		at com.intellij.ide.IdeEventQueue$dispatchEvent$processEventRunnable$1$1$1$1.compute(IdeEventQueue.kt:356)
		at com.intellij.openapi.progress.impl.CoreProgressManager.computePrioritized(CoreProgressManager.java:843)
		at com.intellij.ide.IdeEventQueue$dispatchEvent$processEventRunnable$1$1$1.invoke(IdeEventQueue.kt:356)
		at com.intellij.ide.IdeEventQueue$dispatchEvent$processEventRunnable$1$1$1.invoke(IdeEventQueue.kt:351)
		at com.intellij.ide.IdeEventQueueKt$performActivity$runnableWithWIL$1.invoke$lambda$0(IdeEventQueue.kt:1035)
		at com.intellij.openapi.application.WriteIntentReadAction.lambda$run$0(WriteIntentReadAction.java:24)
		at com.intellij.openapi.application.impl.AnyThreadWriteThreadingSupport.runWriteIntentReadAction(AnyThreadWriteThreadingSupport.kt:84)
		at com.intellij.openapi.application.impl.ApplicationImpl.runWriteIntentReadAction(ApplicationImpl.java:910)
		at com.intellij.openapi.application.WriteIntentReadAction.compute(WriteIntentReadAction.java:55)
		at com.intellij.openapi.application.WriteIntentReadAction.run(WriteIntentReadAction.java:23)
		at com.intellij.ide.IdeEventQueueKt$performActivity$runnableWithWIL$1.invoke(IdeEventQueue.kt:1035)
		at com.intellij.ide.IdeEventQueueKt$performActivity$runnableWithWIL$1.invoke(IdeEventQueue.kt:1035)
		at com.intellij.ide.IdeEventQueueKt.performActivity$lambda$1(IdeEventQueue.kt:1036)
		at com.intellij.openapi.application.TransactionGuardImpl.performActivity(TransactionGuardImpl.java:106)
		at com.intellij.ide.IdeEventQueueKt.performActivity(IdeEventQueue.kt:1036)
		at com.intellij.ide.IdeEventQueue.dispatchEvent$lambda$10(IdeEventQueue.kt:351)
		at com.intellij.ide.IdeEventQueue.dispatchEvent(IdeEventQueue.kt:397)
		at java.desktop/java.awt.EventDispatchThread.pumpOneEventForFilters(EventDispatchThread.java:207)
		at java.desktop/java.awt.EventDispatchThread.pumpEventsForFilter(EventDispatchThread.java:128)
		at java.desktop/java.awt.EventDispatchThread.pumpEventsForHierarchy(EventDispatchThread.java:117)
		at java.desktop/java.awt.EventDispatchThread.pumpEvents(EventDispatchThread.java:113)
		at java.desktop/java.awt.EventDispatchThread.pumpEvents(EventDispatchThread.java:105)
		at java.desktop/java.awt.EventDispatchThread.run(EventDispatchThread.java:92)
Caused by: java.lang.RuntimeException: Caught std::system_error in "intellij::ui::win::jni::WinShellIntegrationBridge::clearRecentTasksList" with code COM:-2147024893 meaning "IApplicationDestinations::RemoveAllDestinations failed at intellij::ui::win::Application::clearRecentsAndFrequents: HRESULT=0x80070003"
	at com.intellij.ui.win.WinShellIntegration$Bridge.clearRecentTasksListNative(Native Method)
	at com.intellij.ui.win.WinShellIntegration.clearRecentTasksList(WinShellIntegration.java:121)
	at com.intellij.ui.win.WinShellIntegration$ShellContext.clearRecentTasksList(WinShellIntegration.java:39)
	at com.intellij.ui.win.WinDockDelegate.lambda$updateRecentProjectsMenu$0(WinDockDelegate.java:50)
	at com.intellij.ui.win.WinShellIntegration.lambda$postShellTask$1(WinShellIntegration.java:93)
	at java.base/java.util.concurrent.Executors$RunnableAdapter.call(Executors.java:572)
	at java.base/java.util.concurrent.FutureTask.run(FutureTask.java:317)
	at java.base/java.util.concurrent.ThreadPoolExecutor.runWorker(ThreadPoolExecutor.java:1144)
	at java.base/java.util.concurrent.ThreadPoolExecutor$Worker.run(ThreadPoolExecutor.java:642)
	at java.base/java.lang.Thread.run(Thread.java:1583)
2026-10-06 18:22:42,027 [   5736] SEVERE - #c.i.u.w.WinDockDelegate - IntelliJ IDEA 2024.2  Build #IC-242.20224.300
2026-10-06 18:22:42,028 [   5737] SEVERE - #c.i.u.w.WinDockDelegate - JDK: 21.0.3; VM: OpenJDK 64-Bit Server VM; Vendor: JetBrains s.r.o.
2026-10-06 18:22:42,028 [   5737] SEVERE - #c.i.u.w.WinDockDelegate - OS: Windows 10
2026-10-06 18:22:42,029 [   5738] SEVERE - #c.i.u.w.WinDockDelegate - Last Action: 
2026-10-06 18:22:45,854 [   9563]   WARN - #o.j.p.g.j.IdeVersionedDataUpdater - Could not download new IDE versioned data for org.jetbrains.plugins.gradle.jvmcompat.GradleCompatibilitySupportUpdater
java.lang.IllegalArgumentException: 25
	at com.intellij.util.lang.JavaVersion.parse(JavaVersion.java:308)
	at org.jetbrains.plugins.gradle.jvmcompat.GradleJvmSupportMatrix$getCompatibilityRanges$1$javaRange$1.invoke(GradleJvmSupportMatrix.kt:44)
	at org.jetbrains.plugins.gradle.jvmcompat.GradleJvmSupportMatrix$getCompatibilityRanges$1$javaRange$1.invoke(GradleJvmSupportMatrix.kt:44)
	at org.jetbrains.plugins.gradle.jvmcompat.IdeVersionedDataParser$Companion.parseVersion(IdeVersionedDataParser.kt:21)
	at org.jetbrains.plugins.gradle.jvmcompat.IdeVersionedDataParser$Companion.parseRange(IdeVersionedDataParser.kt:31)
	at org.jetbrains.plugins.gradle.jvmcompat.GradleJvmSupportMatrix.getCompatibilityRanges(GradleJvmSupportMatrix.kt:44)
	at org.jetbrains.plugins.gradle.jvmcompat.GradleJvmSupportMatrix.applyState(GradleJvmSupportMatrix.kt:28)
	at org.jetbrains.plugins.gradle.jvmcompat.GradleJvmSupportMatrix.onStateChanged(GradleJvmSupportMatrix.kt:50)
	at org.jetbrains.plugins.gradle.jvmcompat.GradleJvmSupportMatrix.onStateChanged(GradleJvmSupportMatrix.kt:13)
	at org.jetbrains.plugins.gradle.jvmcompat.IdeVersionedDataStorage.setStateAsString(IdeVersionedDataStorage.kt:44)
	at org.jetbrains.plugins.gradle.jvmcompat.IdeVersionedDataUpdater.retrieveNewData(IdeVersionedDataUpdater.kt:43)
	at org.jetbrains.plugins.gradle.jvmcompat.IdeVersionedDataUpdater.checkForUpdates(IdeVersionedDataUpdater.kt:30)
	at org.jetbrains.plugins.gradle.service.project.GradleVersionUpdateStartupActivity$execute$2.invoke(GradleVersionUpdateStartupActivity.kt:22)
	at org.jetbrains.plugins.gradle.service.project.GradleVersionUpdateStartupActivity$execute$2.invoke(GradleVersionUpdateStartupActivity.kt:21)
	at com.intellij.openapi.progress.CoroutinesKt.blockingContextInner(coroutines.kt:339)
	at com.intellij.openapi.progress.CoroutinesKt$blockingContext$2.invokeSuspend(coroutines.kt:232)
	at com.intellij.openapi.progress.CoroutinesKt$blockingContext$2.invoke(coroutines.kt)
	at com.intellij.openapi.progress.CoroutinesKt$blockingContext$2.invoke(coroutines.kt)
	at kotlinx.coroutines.intrinsics.UndispatchedKt.startUndispatchedOrReturn(Undispatched.kt:62)
	at kotlinx.coroutines.CoroutineScopeKt.coroutineScope(CoroutineScope.kt:261)
	at com.intellij.openapi.progress.CoroutinesKt.blockingContext(coroutines.kt:231)
	at org.jetbrains.plugins.gradle.service.project.GradleVersionUpdateStartupActivity.execute(GradleVersionUpdateStartupActivity.kt:21)
	at com.intellij.ide.startup.impl.StartupManagerImplKt$launchActivity$1.invokeSuspend(StartupManagerImpl.kt:496)
	at kotlin.coroutines.jvm.internal.BaseContinuationImpl.resumeWith(ContinuationImpl.kt:33)
	at kotlinx.coroutines.DispatchedTask.run(DispatchedTask.kt:104)
	at kotlinx.coroutines.scheduling.CoroutineScheduler.runSafely(CoroutineScheduler.kt:608)
	at kotlinx.coroutines.scheduling.CoroutineScheduler$Worker.executeTask(CoroutineScheduler.kt:873)
	at kotlinx.coroutines.scheduling.CoroutineScheduler$Worker.runWorker(CoroutineScheduler.kt:763)
	at kotlinx.coroutines.scheduling.CoroutineScheduler$Worker.run(CoroutineScheduler.kt:750)
2026-10-06 18:24:21,886 [ 105595]   WARN - #c.i.u.x.Binding - No accessors for org.jetbrains.kotlin.cli.common.arguments.InternalArgument. This means that state class cannot be serialized properly. Please see https://jb.gg/ij-psoc
2026-10-06 18:24:24,943 [ 108652]   WARN - #c.i.p.i.s.IjentSessionMediator - IjentId(ijent-0-WSL-Ubuntu) log: ijent_service::processes::definition: Failed to report about cleaned cache
