[ui-popup-enter] Restore code scheduled showing=true focusOwner=false focus=<none>
[ui-popup-enter] Restore code entered showing=true focusOwner=false focus=<none>
[ui-popup-enter] Restore code validated showing=true focusOwner=false focus=<none>
[ui-popup-enter] Restore code dispatch-returned showing=false focusOwner=false focus=<none>
[ui-popup-enter] Restore code scheduled showing=true focusOwner=false focus=<none>
[ui-popup-enter] Restore code entered showing=true focusOwner=false focus=<none>
[ui-popup-enter] Restore code validated showing=true focusOwner=false focus=<none>
[ui-popup-enter] Restore code dispatch-returned showing=false focusOwner=false focus=<none>
[ui-popup-enter] Restore code scheduled showing=true focusOwner=false focus=<none>
[ui-popup-enter] Restore code entered showing=true focusOwner=false focus=<none>
[ui-popup-enter] Restore code validated showing=true focusOwner=false focus=<none>
[ui-popup-enter] Restore code dispatch-returned showing=false focusOwner=false focus=<none>
[ui-popup-enter] Restore code scheduled showing=true focusOwner=false focus=<none>
[ui-popup-enter] Restore code entered showing=true focusOwner=false focus=<none>
[ui-popup-enter] Restore code validated showing=true focusOwner=false focus=<none>
[ui-popup-enter] Restore code dispatch-returned showing=false focusOwner=false focus=<none>
[ui-popup-enter] Restore code scheduled showing=true focusOwner=false focus=<none>
[ui-popup-enter] Restore code entered showing=true focusOwner=false focus=<none>
[ui-popup-enter] Restore code validated showing=true focusOwner=false focus=<none>
[ui-popup-enter] Restore code dispatch-returned showing=false focusOwner=false focus=<none>
[ui-popup-enter] Restore code scheduled showing=true focusOwner=false focus=<none>
[ui-popup-enter] Restore code entered showing=true focusOwner=false focus=<none>
[ui-popup-enter] Restore code validated showing=true focusOwner=false focus=<none>
[ui-popup-enter] Restore code dispatch-returned showing=false focusOwner=false focus=<none>
[ui-popup-enter] Restore code scheduled showing=true focusOwner=false focus=<none>
[ui-popup-enter] Restore code entered showing=true focusOwner=false focus=<none>
[ui-popup-enter] Restore code validated showing=true focusOwner=false focus=<none>
[ui-popup-enter] Restore code dispatch-returned showing=false focusOwner=false focus=<none>
[ui-popup-enter] Restore code scheduled showing=true focusOwner=false focus=<none>
[ui-popup-enter] Restore code entered showing=true focusOwner=false focus=<none>
[ui-popup-enter] Restore code validated showing=true focusOwner=false focus=<none>
[ui-popup-enter] Restore code dispatch-returned showing=false focusOwner=false focus=<none>
[ui-popup-enter] Restore code scheduled showing=true focusOwner=false focus=<none>
[ui-popup-enter] Restore code entered showing=true focusOwner=false focus=<none>
[ui-popup-enter] Restore code validated showing=true focusOwner=false focus=<none>
[ui-popup-enter] Restore code dispatch-returned showing=false focusOwner=false focus=<none>
[ui-popup-enter] Restore code scheduled showing=true focusOwner=false focus=<none>
[ui-popup-enter] Restore code entered showing=true focusOwner=false focus=<none>
[ui-popup-enter] Restore code validated showing=true focusOwner=false focus=<none>
[ui-popup-enter] Restore code dispatch-returned showing=true focusOwner=false focus=<none>
[ui-popup-enter] Restore code scheduled showing=true focusOwner=false focus=<none>
[ui-popup-enter] Restore code entered showing=true focusOwner=false focus=<none>
[ui-popup-enter] Restore code validated showing=true focusOwner=false focus=<none>
[ui-popup-enter] Restore code failed:JavaException: java.lang.IllegalStateException: contract-enter-failure showing=true focusOwner=false focus=<none>
[ui-popup-enter] Restore code scheduled showing=true focusOwner=false focus=<none>
[ui-popup-enter] Restore code entered showing=false focusOwner=false focus=<none>
[ui-popup-enter] Restore code failed:Error: Popup cancelled before Enter dispatch showing=false focusOwner=false focus=<none>
[ui-popup-enter] Restore code scheduled showing=true focusOwner=false focus=<none>
[ui-popup-enter] Restore code scheduled showing=true focusOwner=false focus=<none>
[ui-popup-enter] Restore code entered showing=true focusOwner=false focus=<none>
[ui-popup-enter] Restore code validated showing=true focusOwner=false focus=<none>
[ui-popup-enter] Restore code dispatch-returned showing=false focusOwner=false focus=<none>
[ui-popup-enter] Restore code entered showing=true focusOwner=false focus=<none>
[ui-popup-enter] Restore code validated showing=true focusOwner=false focus=<none>
[ui-popup-enter] Restore code dispatch-returned showing=false focusOwner=false focus=<none>
[ui-popup-enter] Restore code scheduled showing=true focusOwner=false focus=<none>
[ui-popup-enter] Restore code entered showing=true focusOwner=false focus=<none>
[ui-popup-enter] Restore code validated showing=true focusOwner=false focus=<none>
[ui-popup-enter] Restore code dispatch-returned showing=false focusOwner=false focus=<none>
