[org.jetbrains.intellij.platform] The following artifact of the bundledPlugin:com.intellij.java:IC-242.20224.300 module java-frontback is not found: C:/Users/runneradmin/.gradle/caches/transforms-4/f272b127be9ffadc342cb1014bebcce1/transformed/ideaIC-2025.2-win/plugins/java/lib/java-frontback.jar
[org.jetbrains.intellij.platform] The following artifact of the bundledPlugin:com.intellij.java:IC-242.20224.300 module jetbrains.kotlinx.metadata.jvm is not found: C:/Users/runneradmin/.gradle/caches/transforms-4/f272b127be9ffadc342cb1014bebcce1/transformed/ideaIC-2025.2-win/plugins/java/lib/jetbrains.kotlinx.metadata.jvm.jar
2026-10-09 17:00:06,327 [   2314]   WARN - #c.i.i.s.p.i.BundledSharedIndexProvider - Bundled shared index is not found at: C:\Users\runneradmin\.gradle\caches\transforms-4\f272b127be9ffadc342cb1014bebcce1\transformed\ideaIC-2025.2-win\jdk-shared-indexes
2026-10-09 17:00:08,184 [   4171]   WARN - #c.i.s.ComponentManagerImpl - `preload=NOT_HEADLESS` must be used only for core services (service=org.jetbrains.kotlin.idea.search.refIndex.KotlinCompilerReferenceIndexService, plugin=org.jetbrains.kotlin)
2026-10-09 17:00:08,184 [   4171]   WARN - #c.i.s.ComponentManagerImpl - `preload=NOT_HEADLESS` must be used only for core services (service=com.jetbrains.rdserver.toolWindow.BackendServerToolWindowManager, plugin=com.jetbrains.codeWithMe)
2026-10-09 17:00:08,184 [   4171]   WARN - #c.i.s.ComponentManagerImpl - `preload=TRUE` must be used only for core services (service=com.intellij.cwm.plugin.users.BackendUserManager, plugin=com.jetbrains.codeWithMe)
2026-10-09 17:00:08,184 [   4171]   WARN - #c.i.s.ComponentManagerImpl - `preload=TRUE` must be used only for core services (service=com.intellij.cwm.plugin.ports.CwmPortForwardingToolWindowManager, plugin=com.jetbrains.codeWithMe)
2026-10-09 17:00:08,184 [   4171]   WARN - #c.i.s.ComponentManagerImpl - `preload=TRUE` must be used only for core services (service=com.intellij.cwm.plugin.following.FollowMeManagerService, plugin=com.jetbrains.codeWithMe)
2026-10-09 17:00:09,896 [   5883]   WARN - #c.i.s.c.i.StationSocketConnectionLoop - Discovery connection failed with AnnotatedConnectException(ConnectException) (Connection refused: connect: C:\Users\RUNNER~1\AppData\Local\Temp\jb.station.runneradmin.sock)
2026-10-09 17:00:20,338 [  16325]   WARN - #c.i.s.c.i.StationSocketConnectionLoop - RecentProjects connection failed with AnnotatedConnectException(ConnectException) (Connection refused: connect: C:\Users\RUNNER~1\AppData\Local\Temp\jb.station.runneradmin.sock)
JCEF_I(00:51:023): Found free tcp-port 6188 for server.
JCEF_I(00:51:024): Found free tcp-port 6189 for java-handlers.
JCEF_V(00:51:036): Created CefServer instance. Transport port=6188 (backward port=6189). Params:
[--no-proxy-server, --disable-features=SpareRendererForSitePerProcess, --disable-gpu-process-crash-limit, --disable-component-update, --autoplay-policy=no-user-gesture-required]| log_file=D:\a\chainlesschain\chainlesschain\packages\jetbrains-plugin\build\idea-sandbox\2025-2-1791564857258\IC-2024.2\log_runIdeForUiTests\jcef_4020.log, log_severity=LOGSEVERITY_DISABLE
ERR: RendererVk.cpp:203 (VerifyExtensionsPresent): Extension not supported: VK_KHR_surface
ERR: RendererVk.cpp:203 (VerifyExtensionsPresent): Extension not supported: VK_KHR_win32_surface
ERR: Display.cpp:1052 (initialize): ANGLE Display::initialize error 0: Internal Vulkan error (-7): A requested extension is not supported, in ..\..\third_party\angle\src\libANGLE\renderer\vulkan\RendererVk.cpp, enableInstanceExtensions:1704.
ERR: RendererVk.cpp:203 (VerifyExtensionsPresent): Extension not supported: VK_KHR_surface
ERR: RendererVk.cpp:203 (VerifyExtensionsPresent): Extension not supported: VK_KHR_win32_surface
ERR: Display.cpp:1052 (initialize): ANGLE Display::initialize error 0: Internal Vulkan error (-7): A requested extension is not supported, in ..\..\third_party\angle\src\libANGLE\renderer\vulkan\RendererVk.cpp, enableInstanceExtensions:1704.
ERR: RendererVk.cpp:203 (VerifyExtensionsPresent): Extension not supported: VK_KHR_surface
ERR: RendererVk.cpp:203 (VerifyExtensionsPresent): Extension not supported: VK_KHR_win32_surface
ERR: Display.cpp:1052 (initialize): ANGLE Display::initialize error 0: Internal Vulkan error (-7): A requested extension is not supported, in ..\..\third_party\angle\src\libANGLE\renderer\vulkan\RendererVk.cpp, enableInstanceExtensions:1704.
ERR: RendererVk.cpp:203 (VerifyExtensionsPresent): Extension not supported: VK_KHR_surface
ERR: RendererVk.cpp:203 (VerifyExtensionsPresent): Extension not supported: VK_KHR_win32_surface
ERR: Display.cpp:1052 (initialize): ANGLE Display::initialize error 0: Internal Vulkan error (-7): A requested extension is not supported, in ..\..\third_party\angle\src\libANGLE\renderer\vulkan\RendererVk.cpp, enableInstanceExtensions:1704.
2026-10-09 17:00:55,754 [  51741]   WARN - #org.intellij.plugins.markdown.ui.preview.jcef.impl.JcefBrowserPipeImpl - No subscribers for documentReady!
Attached data: 
