To honour the JVM settings for this build a single-use Daemon process will be forked. For more on this, please refer to https://docs.gradle.org/8.7/userguide/gradle_daemon.html#sec:disabling_the_daemon in the Gradle documentation.
Daemon will be stopped at the end of the build 
Calculating task graph as no cached configuration is available for tasks: runIdeForUiTests
> Task :initializeIntellijPlatformPlugin
> Task :patchPluginXml UP-TO-DATE
> Task :generateManifest UP-TO-DATE
> Task :checkKotlinGradlePluginConfigurationErrors
> Task :compileKotlin UP-TO-DATE
> Task :compileJava UP-TO-DATE
> Task :generatePluginMetadata UP-TO-DATE
> Task :processResources UP-TO-DATE
> Task :classes UP-TO-DATE
> Task :instrumentCode SKIPPED
> Task :jar UP-TO-DATE
> Task :composedJar UP-TO-DATE
> Task :prepareSandbox UP-TO-DATE
> Task :buildSearchableOptions UP-TO-DATE
> Task :prepareJarSearchableOptions UP-TO-DATE
> Task :jarSearchableOptions UP-TO-DATE
> Task :buildPlugin UP-TO-DATE
> Task :prepareSandbox_runIdeForUiTests
> Task :installUiJourneyPlugin

> Task :runIdeForUiTests
[0.016s][warning][cds] Archived non-system classes are disabled because the java.system.class.loader property is specified (value = "com.intellij.util.lang.PathClassLoader"). To use archived non-system classes, this property must not be set
