2026-10-10 01:47:48,092 [   3437]   WARN - c.i.o.u.r.overrides - Conflicting registry key definition for key kotlin.mpp.tests.force.gradle: it was defined by plugin org.jetbrains.kotlin but redefined by plugin org.jetbrains.kotlin. Consider adding overrides="true" for one of the plugins, see the documentation for com.intellij.openapi.util.registry.RegistryKeyBean.overrides for more details.
2026-10-10 01:48:01,286 [  16631]   WARN - #c.i.i.s.p.i.BundledSharedIndexProvider - Bundled shared index is not found at: C:\Users\runneradmin\.gradle\caches\transforms-4\dbb682d26f44c694592b06df4c7b2971\transformed\ideaIC-2024.2-win\jdk-shared-indexes
2026-10-10 01:48:06,521 [  21866]   WARN - #c.i.s.ComponentManagerImpl - `preload=NOT_HEADLESS` must be used only for core services (service=org.jetbrains.kotlin.idea.search.refIndex.KotlinCompilerReferenceIndexService, plugin=org.jetbrains.kotlin)
2026-10-10 01:48:06,522 [  21867]   WARN - #c.i.s.ComponentManagerImpl - `preload=TRUE` must be used only for core services (service=org.jetbrains.idea.maven.project.MavenProjectsManagerEx, plugin=org.jetbrains.idea.maven)
2026-10-10 01:48:06,522 [  21867]   WARN - #c.i.s.ComponentManagerImpl - `preload=TRUE` must be used only for core services (service=org.jetbrains.idea.maven.navigator.MavenProjectsNavigator, plugin=org.jetbrains.idea.maven)
2026-10-10 01:48:06,522 [  21867]   WARN - #c.i.s.ComponentManagerImpl - `preload=TRUE` must be used only for core services (service=org.jetbrains.idea.maven.tasks.MavenShortcutsManager, plugin=org.jetbrains.idea.maven)
2026-10-10 01:48:06,522 [  21867]   WARN - #c.i.s.ComponentManagerImpl - `preload=NOT_HEADLESS` must be used only for core services (service=com.jetbrains.rdserver.toolWindow.BackendServerToolWindowManager, plugin=com.jetbrains.codeWithMe)
2026-10-10 01:48:06,527 [  21872]   WARN - #c.i.s.ComponentManagerImpl - `preload=TRUE` must be used only for core services (service=com.intellij.cwm.plugin.users.BackendUserManager, plugin=com.jetbrains.codeWithMe)
2026-10-10 01:48:06,527 [  21872]   WARN - #c.i.s.ComponentManagerImpl - `preload=TRUE` must be used only for core services (service=com.intellij.cwm.plugin.ports.CwmPortForwardingToolWindowManager, plugin=com.jetbrains.codeWithMe)
2026-10-10 01:48:06,527 [  21872]   WARN - #c.i.s.ComponentManagerImpl - `preload=TRUE` must be used only for core services (service=com.intellij.cwm.plugin.users.BackendCWMUserFocusHost, plugin=com.jetbrains.codeWithMe)
2026-10-10 01:48:06,527 [  21872]   WARN - #c.i.s.ComponentManagerImpl - `preload=TRUE` must be used only for core services (service=com.intellij.cwm.plugin.following.FollowMeManagerService, plugin=com.jetbrains.codeWithMe)
2026-10-10 01:48:06,528 [  21873]   WARN - #c.i.s.ComponentManagerImpl - `preload=TRUE` must be used only for core services (service=com.intellij.cwm.plugin.following.BackendProjectViewSync, plugin=com.jetbrains.codeWithMe)
2026-10-10 01:48:06,528 [  21873]   WARN - #c.i.s.ComponentManagerImpl - `preload=TRUE` must be used only for core services (service=com.intellij.cwm.plugin.following.BackendFollowMeEditorsHost, plugin=com.jetbrains.codeWithMe)
2026-10-10 01:48:06,528 [  21873]   WARN - #c.i.s.ComponentManagerImpl - `preload=TRUE` must be used only for core services (service=com.intellij.cwm.plugin.following.BackendFollowMeDebuggerHost, plugin=com.jetbrains.codeWithMe)
2026-10-10 01:48:06,528 [  21873]   WARN - #c.i.s.ComponentManagerImpl - `preload=TRUE` must be used only for core services (service=com.intellij.cwm.plugin.following.FollowMeLookupSynchronizer, plugin=com.jetbrains.codeWithMe)
2026-10-10 01:48:08,509 [  23854]   WARN - #c.i.o.a.Application - issue detected: ide.script.launcher.used
2026-10-10 01:48:09,065 [  24410]   WARN - #o.j.p.g.j.IdeVersionedDataUpdater - Could not download new IDE versioned data for org.jetbrains.plugins.gradle.jvmcompat.GradleCompatibilitySupportUpdater
java.lang.IllegalArgumentException: 25
	at com.intellij.util.lang.JavaVersion.parse(JavaVersion.java:308)
	at org.jetbrains.plugins.gradle.jvmcompat.GradleJvmSupportMatrix$getCompatibilityRanges$1$javaRange$1.invoke(GradleJvmSupportMatrix.kt:44)
	at org.jetbrains.plugins.gradle.jvmcompat.GradleJvmSupportMatrix$getCompatibilityRanges$1$javaRange$1.invoke(GradleJvmSupportMatrix.kt:44)
	at org.jetbrains.plugins.gradle.jvmcompat.IdeVersionedDataParser$Companion.parseVersion(IdeVersionedDataParser.kt:21)
	at org.jetbrains.plugins.gradle.jvmcompat.IdeVersionedDataParser$Companion.parseRange(IdeVersionedDataParser.kt:31)
	at org.jetbrains.plugins.gradle.jvmcompat.GradleJvmSupportMatrix.getCompatibilityRanges(GradleJvmSupportMatrix.kt:44)
	at org.jetbrains.plugins.gradle.jvmcompat.GradleJvmSupportMatrix.applyState(GradleJvmSupportMatrix.kt:28)
	at org.jetbrains.plugins.gradle.jvmcompat.GradleJvmSupportMatrix.onStateChanged(GradleJvmSupportMatrix.kt:50)
	at org.jetbrains.plugins.gradle.jvmcompat.GradleJvmSupportMatrix.onStateChanged(GradleJvmSupportMatrix.kt:13)
	at org.jetbrains.plugins.gradle.jvmcompat.IdeVersionedDataStorage.setStateAsString(IdeVersionedDataStorage.kt:44)
	at org.jetbrains.plugins.gradle.jvmcompat.IdeVersionedDataUpdater.retrieveNewData(IdeVersionedDataUpdater.kt:43)
	at org.jetbrains.plugins.gradle.jvmcompat.IdeVersionedDataUpdater.checkForUpdates(IdeVersionedDataUpdater.kt:30)
	at org.jetbrains.plugins.gradle.service.project.GradleVersionUpdateStartupActivity$execute$2.invoke(GradleVersionUpdateStartupActivity.kt:22)
	at org.jetbrains.plugins.gradle.service.project.GradleVersionUpdateStartupActivity$execute$2.invoke(GradleVersionUpdateStartupActivity.kt:21)
	at com.intellij.openapi.progress.CoroutinesKt.blockingContextInner(coroutines.kt:339)
	at com.intellij.openapi.progress.CoroutinesKt$blockingContext$2.invokeSuspend(coroutines.kt:232)
	at com.intellij.openapi.progress.CoroutinesKt$blockingContext$2.invoke(coroutines.kt)
	at com.intellij.openapi.progress.CoroutinesKt$blockingContext$2.invoke(coroutines.kt)
	at kotlinx.coroutines.intrinsics.UndispatchedKt.startUndispatchedOrReturn(Undispatched.kt:62)
	at kotlinx.coroutines.CoroutineScopeKt.coroutineScope(CoroutineScope.kt:261)
	at com.intellij.openapi.progress.CoroutinesKt.blockingContext(coroutines.kt:231)
	at org.jetbrains.plugins.gradle.service.project.GradleVersionUpdateStartupActivity.execute(GradleVersionUpdateStartupActivity.kt:21)
	at com.intellij.ide.startup.impl.StartupManagerImplKt$launchActivity$1.invokeSuspend(StartupManagerImpl.kt:496)
	at kotlin.coroutines.jvm.internal.BaseContinuationImpl.resumeWith(ContinuationImpl.kt:33)
	at kotlinx.coroutines.DispatchedTask.run(DispatchedTask.kt:104)
	at kotlinx.coroutines.scheduling.CoroutineScheduler.runSafely(CoroutineScheduler.kt:608)
	at kotlinx.coroutines.scheduling.CoroutineScheduler$Worker.executeTask(CoroutineScheduler.kt:873)
	at kotlinx.coroutines.scheduling.CoroutineScheduler$Worker.runWorker(CoroutineScheduler.kt:763)
	at kotlinx.coroutines.scheduling.CoroutineScheduler$Worker.run(CoroutineScheduler.kt:750)
2026-10-10 01:48:13,774 [  29119]   WARN - #c.i.e.w.WslDistributionManager - Failed to run C:\Windows\system32\wsl.exe --list --verbose: {exitCode=-1, timeout=false, cancelled=false, stdout=Windows Subsystem for Linux has no installed distributions.
You can resolve this by installing a distribution with the instructions below:

Use 'wsl.exe --list --online' to list available distributions
and 'wsl.exe --install <Distro>' to install.
, stderr=}, done in 2231 ms
java.io.IOException: Failed to run C:\Windows\system32\wsl.exe --list --verbose: {exitCode=-1, timeout=false, cancelled=false, stdout=Windows Subsystem for Linux has no installed distributions.
You can resolve this by installing a distribution with the instructions below:

Use 'wsl.exe --list --online' to list available distributions
and 'wsl.exe --install <Distro>' to install.
, stderr=}, done in 2231 ms
	at com.intellij.execution.wsl.WslDistributionManagerImpl.loadInstalledDistributionsWithVersions(WslDistributionManagerImpl.java:83)
	at com.intellij.execution.wsl.WslDistributionManager.loadInstalledDistributions(WslDistributionManager.java:167)
	at com.intellij.execution.wsl.WslDistributionManager.getInstalledDistributions(WslDistributionManager.java:86)
	at com.intellij.openapi.projectRoots.impl.JavaHomeFinderWindows.<init>(JavaHomeFinderWindows.kt:58)
	at com.intellij.openapi.projectRoots.impl.JavaHomeFinder.getFinder(JavaHomeFinder.java:92)
	at com.intellij.openapi.projectRoots.impl.JavaHomeFinder.getFinder(JavaHomeFinder.java:85)
	at com.intellij.openapi.projectRoots.impl.JavaHomeFinder.suggestHomePaths(JavaHomeFinder.java:70)
	at com.intellij.openapi.projectRoots.impl.JavaHomeFinder.suggestHomePaths(JavaHomeFinder.java:61)
	at com.intellij.openapi.projectRoots.impl.JavaSdkImpl.suggestHomePaths(JavaSdkImpl.java:192)
	at com.intellij.openapi.roots.ui.configuration.SdkDetector.detect(SdkDetector.java:183)
	at com.intellij.openapi.roots.ui.configuration.SdkDetector.detectSdks(SdkDetector.java:153)
	at com.intellij.openapi.projectRoots.impl.jdkDownloader.JdkAuto$createResolverImpl$1$lazyLocalJdks$2.invoke(JdkAuto.kt:239)
	at com.intellij.openapi.projectRoots.impl.jdkDownloader.JdkAuto$createResolverImpl$1$lazyLocalJdks$2.invoke(JdkAuto.kt:235)
	at kotlin.SynchronizedLazyImpl.getValue(LazyJVM.kt:74)
	at com.intellij.openapi.projectRoots.impl.jdkDownloader.JdkAuto$createResolverImpl$1.getLazyLocalJdks(JdkAuto.kt:235)
	at com.intellij.openapi.projectRoots.impl.jdkDownloader.JdkAuto$createResolverImpl$1.proposeLocalFix(JdkAuto.kt:273)
	at com.intellij.openapi.roots.ui.configuration.SdkLookupContextEx$resolveLocalFix$1$2.invoke(SdkLookupImpl.kt:381)
	at com.intellij.openapi.roots.ui.configuration.SdkLookupContextEx$resolveLocalFix$1$2.invoke(SdkLookupImpl.kt:381)
	at kotlin.sequences.TransformingSequence$iterator$1.next(Sequences.kt:210)
	at kotlin.sequences.FilteringSequence$iterator$1.calcNext(Sequences.kt:170)
	at kotlin.sequences.FilteringSequence$iterator$1.hasNext(Sequences.kt:194)
	at kotlin.sequences.FilteringSequence$iterator$1.calcNext(Sequences.kt:169)
	at kotlin.sequences.FilteringSequence$iterator$1.hasNext(Sequences.kt:194)
	at kotlin.sequences.FilteringSequence$iterator$1.calcNext(Sequences.kt:169)
	at kotlin.sequences.FilteringSequence$iterator$1.hasNext(Sequences.kt:194)
	at kotlin.sequences.TransformingSequence$iterator$1.hasNext(Sequences.kt:214)
	at kotlin.sequences.FilteringSequence$iterator$1.calcNext(Sequences.kt:169)
	at kotlin.sequences.FilteringSequence$iterator$1.hasNext(Sequences.kt:194)
	at kotlin.sequences.SequencesKt___SequencesKt.firstOrNull(_Sequences.kt:168)
	at com.intellij.openapi.roots.ui.configuration.SdkLookupContextEx.resolveLocalFix(SdkLookupImpl.kt:386)
	at com.intellij.openapi.roots.ui.configuration.SdkLookupContextEx.access$resolveLocalFix(SdkLookupImpl.kt:159)
	at com.intellij.openapi.roots.ui.configuration.SdkLookupContextEx$continueSdkLookupWithSuggestions$1.invoke$lambda$0(SdkLookupImpl.kt:319)
	at com.intellij.openapi.projectRoots.impl.UnknownMissingSdk.createMissingFixAction(UnknownMissingSdk.java:36)
	at com.intellij.openapi.roots.ui.configuration.SdkLookupContextEx$continueSdkLookupWithSuggestions$1.invoke(SdkLookupImpl.kt:317)
	at com.intellij.openapi.roots.ui.configuration.SdkLookupContextEx$continueSdkLookupWithSuggestions$1.invoke(SdkLookupImpl.kt:309)
	at com.intellij.openapi.roots.ui.configuration.SdkLookupContextEx$runSdkResolutionUnderProgress$1$run$$inlined$runUnderNestedProgressAndRelayMessages$1.invoke(ProgressIndicatorEx.kt:114)
	at com.intellij.openapi.roots.ui.configuration.SdkLookupContextEx$runSdkResolutionUnderProgress$1$run$$inlined$runUnderNestedProgressAndRelayMessages$1.invoke(ProgressIndicatorEx.kt:114)
	at com.intellij.openapi.roots.ui.configuration.SdkLookupContextEx$runSdkResolutionUnderProgress$1$run$$inlined$runUnderNestedProgressAndRelayMessages$4.invoke(ProgressIndicatorEx.kt:180)
	at com.intellij.openapi.roots.ui.configuration.SdkLookupContextEx$runSdkResolutionUnderProgress$1.run(SdkLookupImpl.kt:454)
	at com.intellij.openapi.progress.impl.CoreProgressManager.startTask(CoreProgressManager.java:477)
	at com.intellij.openapi.progress.impl.ProgressManagerImpl.startTask(ProgressManagerImpl.java:133)
	at com.intellij.openapi.progress.impl.CoreProgressManager.lambda$runProcessWithProgressAsynchronously$6(CoreProgressManager.java:528)
	at com.intellij.openapi.progress.impl.ProgressRunner.lambda$submit$4(ProgressRunner.java:249)
	at com.intellij.openapi.progress.ProgressManager.lambda$runProcess$0(ProgressManager.java:96)
	at com.intellij.openapi.progress.impl.CoreProgressManager.lambda$runProcess$1(CoreProgressManager.java:221)
	at com.intellij.platform.diagnostic.telemetry.helpers.TraceKt.use(trace.kt:49)
	at com.intellij.openapi.progress.impl.CoreProgressManager.lambda$runProcess$2(CoreProgressManager.java:220)
	at com.intellij.openapi.progress.impl.CoreProgressManager.lambda$executeProcessUnderProgress$13(CoreProgressManager.java:660)
	at com.intellij.openapi.progress.impl.CoreProgressManager.registerIndicatorAndRun(CoreProgressManager.java:735)
	at com.intellij.openapi.progress.impl.CoreProgressManager.computeUnderProgress(CoreProgressManager.java:691)
	at com.intellij.openapi.progress.impl.CoreProgressManager.executeProcessUnderProgress(CoreProgressManager.java:659)
	at com.intellij.openapi.progress.impl.ProgressManagerImpl.executeProcessUnderProgress(ProgressManagerImpl.java:79)
	at com.intellij.openapi.progress.impl.CoreProgressManager.runProcess(CoreProgressManager.java:202)
	at com.intellij.openapi.progress.ProgressManager.runProcess(ProgressManager.java:96)
	at com.intellij.openapi.progress.impl.ProgressRunner.lambda$submit$5(ProgressRunner.java:249)
	at com.intellij.openapi.progress.impl.ProgressRunner$ProgressRunnable.run(ProgressRunner.java:501)
	at com.intellij.openapi.progress.impl.ProgressRunner.lambda$launchTask$18(ProgressRunner.java:466)
	at com.intellij.util.concurrency.ChildContext$runAsCoroutine$1.invoke(propagation.kt:92)
	at com.intellij.util.concurrency.ChildContext$runAsCoroutine$1.invoke(propagation.kt:92)
	at com.intellij.util.concurrency.ChildContext.runAsCoroutine(propagation.kt:97)
	at com.intellij.util.concurrency.ChildContext.runAsCoroutine(propagation.kt:92)
	at com.intellij.openapi.progress.impl.ProgressRunner.lambda$launchTask$19(ProgressRunner.java:464)
	at java.base/java.util.concurrent.ThreadPoolExecutor.runWorker(ThreadPoolExecutor.java:1144)
	at java.base/java.util.concurrent.ThreadPoolExecutor$Worker.run(ThreadPoolExecutor.java:642)
	at java.base/java.util.concurrent.Executors$PrivilegedThreadFactory$1$1.run(Executors.java:735)
	at java.base/java.util.concurrent.Executors$PrivilegedThreadFactory$1$1.run(Executors.java:732)
	at java.base/java.security.AccessController.doPrivileged(AccessController.java:400)
	at java.base/java.util.concurrent.Executors$PrivilegedThreadFactory$1.run(Executors.java:732)
	at java.base/java.lang.Thread.run(Thread.java:1583)
2026-10-10 01:48:36,172 [  51517]   WARN - #c.i.d.MemorySizeConfigurator - The IDE is not configured for using custom VM options (jb.vmOptionsFile=null)
java.io.IOException: The IDE is not configured for using custom VM options (jb.vmOptionsFile=null)
	at com.intellij.diagnostic.VMOptions.setOptions(VMOptions.java:202)
	at com.intellij.diagnostic.VMOptions.setOption(VMOptions.java:193)
	at com.intellij.diagnostic.VMOptions.setOption(VMOptions.java:175)
	at com.intellij.diagnostic.MemorySizeConfigurator.execute(MemorySizeConfigurator.kt:54)
	at com.intellij.ide.startup.impl.StartupManagerImplKt$launchActivity$1.invokeSuspend(StartupManagerImpl.kt:496)
	at kotlin.coroutines.jvm.internal.BaseContinuationImpl.resumeWith(ContinuationImpl.kt:33)
	at kotlinx.coroutines.DispatchedTask.run(DispatchedTask.kt:104)
	at kotlinx.coroutines.scheduling.CoroutineScheduler.runSafely(CoroutineScheduler.kt:608)
	at kotlinx.coroutines.scheduling.CoroutineScheduler$Worker.executeTask(CoroutineScheduler.kt:873)
	at kotlinx.coroutines.scheduling.CoroutineScheduler$Worker.runWorker(CoroutineScheduler.kt:763)
	at kotlinx.coroutines.scheduling.CoroutineScheduler$Worker.run(CoroutineScheduler.kt:750)
2026-10-10 01:48:42,219 [  57564]   WARN - #org.intellij.plugins.markdown.ui.preview.jcef.impl.JcefBrowserPipeImpl - No subscribers for documentReady!
Attached data: 
2026-10-10 01:49:12,128 [  87473]   WARN - #c.i.u.x.Binding - No accessors for org.jetbrains.kotlin.cli.common.arguments.InternalArgument. This means that state class cannot be serialized properly. Please see https://jb.gg/ij-psoc
