Compiled from "ConversationView.java"
final class com.chainlesschain.ide.intellij.ConversationView {
  private static final java.lang.String PLAN_REVIEW_STATES_KEY;
  private final com.intellij.openapi.project.Project project;
  private final com.chainlesschain.ide.ConversationManager$Conversation conv;
  private final com.chainlesschain.ide.intellij.ConversationView$SessionIdSink sessionIdSink;
  private com.chainlesschain.ide.intellij.ConversationView$ContainerActions containerActions;
  private volatile boolean worklogSupported;
  private volatile java.lang.String worklogSource;
  private volatile boolean worklogSourceSent;
  private java.lang.String worklogRequestId;
  private java.util.function.Consumer<java.lang.String> worklogTarget;
  private javax.swing.Timer worklogTimer;
  private javax.swing.Timer modeAcknowledgementTimer;
  private final javax.swing.JPanel root;
  private final com.chainlesschain.ide.intellij.ChatTranscript transcript;
  private final com.chainlesschain.ide.intellij.ChatHistoryView history;
  private final javax.swing.JTextArea input;
  private final com.chainlesschain.ide.intellij.ChatComposerImages images;
  private final com.chainlesschain.ide.intellij.ChatComposerDrafts drafts;
  private final com.chainlesschain.ide.QuestionDraftRegistry questions;
  private final java.util.Map<com.chainlesschain.ide.QuestionDraftRegistry$Entry, com.chainlesschain.ide.intellij.QuestionFormView> questionCards;
  private volatile java.util.concurrent.CompletableFuture<java.lang.Boolean> receiptSupport;
  private final com.chainlesschain.ide.intellij.ChatMentionPopups popups;
  private final javax.swing.JButton sendBtn;
  private final javax.swing.JButton stopBtn;
  private final javax.swing.JLabel contextLabel;
  private final javax.swing.JLabel modeLabel;
  private final javax.swing.JPanel cardsPanel;
  private final java.util.Map<java.lang.String, com.chainlesschain.ide.intellij.ConversationView$ApprovalCard> approvalCards;
  private final com.chainlesschain.ide.ApprovalSettlementRegistry approvalSettlements;
  private final com.chainlesschain.ide.ContextMemoryProjection contextMemoryProjection;
  private javax.swing.JComponent planCard;
  private java.util.Map<java.lang.String, java.lang.Object> currentPlanUi;
  private java.io.File planReviewFile;
  private com.intellij.openapi.vfs.VirtualFile planReviewVirtualFile;
  private com.intellij.openapi.editor.Document planReviewEditorDocument;
  private boolean planReviewOpening;
  private java.lang.String planReviewLastText;
  private java.util.Map<java.lang.String, java.lang.Object> planReviewLastPlan;
  private java.util.Map<java.lang.String, java.lang.Object> planReviewRevisionBase;
  private boolean planReviewHasReviewerEdits;
  private volatile int planReviewTurn;
  private boolean restoringPlanReview;
  private final java.util.concurrent.ExecutorService sendExecutor;
  private volatile boolean sendInFlight;
  private volatile com.chainlesschain.ide.InputDispatch pendingInputDispatch;
  private volatile boolean turnActive;
  private volatile boolean disposed;
  private volatile java.lang.Object sessionGeneration;
  private static final java.util.concurrent.ExecutorService INDEX_EXECUTOR;
  private final java.util.concurrent.atomic.AtomicReference<java.util.Map<java.lang.String, java.lang.Object>> pendingIndexRecord;
  private java.util.Map<java.lang.String, java.lang.Object> lastCallUsage;
  private volatile long cachedContextWindow;
  private com.chainlesschain.ide.ChatEvents$TokenTally turnTokens;
  private com.chainlesschain.ide.AgentChatSession interruptRequested;
  private volatile java.util.Set<java.lang.String> sessionSlashCommands;
  private final java.util.Set<java.lang.String> pendingSessionSlashCommands;
  private final java.util.concurrent.ConcurrentMap<java.lang.String, com.chainlesschain.ide.intellij.ConversationView$ApprovalGrantCommand> pendingApprovalGrantCommands;
  private java.lang.String lastSentPrompt;
  private volatile java.util.concurrent.ScheduledFuture<?> loopTask;
  private final java.util.Deque<java.util.List<java.lang.String>> sentImageBatches;
  private boolean initialProbesStarted;
  private static final java.awt.Color WARN;
  com.chainlesschain.ide.intellij.ConversationView(com.intellij.openapi.project.Project, com.chainlesschain.ide.ConversationManager$Conversation, com.chainlesschain.ide.ChatDraftStore, com.chainlesschain.ide.intellij.ConversationView$SessionIdSink);
  private static java.lang.String identityFailure(com.chainlesschain.ide.AgentChatSession$CliIdentity);
  private void maybeShowOnboarding();
  private void maybeShowCliUpdateNudge();
  private static java.lang.String fetchNpmLatest();
  private void checkCliUpdateManually();
  javax.swing.JPanel getComponent();
  void setContainerActions(com.chainlesschain.ide.intellij.ConversationView$ContainerActions);
  void focusInput();
  void onSelected();
  private void activateView(boolean);
  private boolean historyBusy();
  void seedInput(java.lang.String);
  void applyDeepLinkMode(java.lang.String);
  private com.chainlesschain.ide.ChatEvents$TurnState turnState();
  private com.chainlesschain.ide.AgentChatSession liveSession();
  com.chainlesschain.ide.RuntimeCompatibility$AgentRuntime runtimeDiagnostics();
  void seedWorklog(java.lang.String);
  void handoffToNewConversation(java.util.function.Consumer<java.lang.String>);
  private void cancelWorklogHandoff();
  private void acceptWorklogHandoff(java.util.Map<java.lang.String, java.lang.Object>, java.lang.Object);
  private void stopCurrentInput();
  private void sendCurrentInput();
  private void handleSlash(java.lang.String);
  private void setGoal(java.lang.String);
  private void setLoop(java.lang.String);
  private void runSessionSlashCommand(com.chainlesschain.ide.SlashCommands$Definition, java.lang.String);
  private void requestApprovalGrants();
  private void revokeApprovalGrant(java.lang.String);
  private void sendApprovalGrantCommand(java.lang.String, java.lang.String);
  private boolean handleApprovalGrantCommandEvent(java.util.Map<java.lang.String, java.lang.Object>);
  private void handleApprovalGrantCommandResult(com.chainlesschain.ide.intellij.ConversationView$ApprovalGrantCommand, java.util.Map<java.lang.String, java.lang.Object>);
  private static java.lang.String errorCode(java.lang.Object);
  private void showApprovalGrantManager(java.util.List<com.chainlesschain.ide.ApprovalGrants$Grant>);
  private static java.lang.String approvalGrantDetails(com.chainlesschain.ide.ApprovalGrants$Grant);
  private void runCliCommand(com.chainlesschain.ide.SlashCommands$Definition, java.lang.String);
  private void runIntrospect(java.lang.String);
  private void runRewind();
  private void showCheckpointTimeline(java.lang.String, com.chainlesschain.ide.RewindCommands$TimelineProjection, java.io.File);
  private void showTimelineActions(java.lang.String, com.chainlesschain.ide.RewindCommands$TimelineEntry, java.io.File);
  private void previewTimelineAction(java.lang.String, com.chainlesschain.ide.RewindCommands$TimelineEntry, java.lang.String, java.util.Map<java.lang.String, java.lang.Object>, java.io.File);
  private void finishTimelineAction(java.lang.String, com.chainlesschain.ide.RewindCommands$TimelineEntry, java.lang.String, java.util.Map<java.lang.String, java.lang.Object>, java.lang.String);
  private java.lang.String timelineFailure(java.util.Map<java.lang.String, java.lang.Object>, java.lang.String);
  private boolean confirmTimelineAction(java.lang.String, java.lang.String);
  private void previewThenRestore(java.lang.String, com.chainlesschain.ide.RewindCommands$Checkpoint, java.io.File);
  private boolean confirmRestore(java.lang.String, java.lang.String);
  private void runSessions();
  private void showSessionActions(com.chainlesschain.ide.SessionList$SessionItem, java.io.File);
  private void renameSession(com.chainlesschain.ide.SessionList$SessionItem);
  private void deleteSession(com.chainlesschain.ide.SessionList$SessionItem, java.io.File);
  private void runHandoff();
  void restartForModeChange();
  private void refreshModeStatus();
  private void stopCurrentSession(long) throws java.io.IOException;
  private void indexConversation(java.lang.String);
  private void ensureSession() throws java.io.IOException;
  private void ensureSessionForRevision(long) throws java.io.IOException;
  private void render(java.util.Map<java.lang.String, java.lang.Object>);
  private void showQuestion(java.util.Map<java.lang.String, java.lang.Object>);
  private void refreshQuestions();
  private void sendQuestion(com.chainlesschain.ide.QuestionDraftRegistry$Entry, java.util.Map<java.lang.String, java.lang.Object>);
  private boolean openQuestionUrl(com.chainlesschain.ide.QuestionDraftRegistry$Entry);
  private void queueSessionEvent(java.util.Map<java.lang.String, java.lang.Object>);
  private void queueSessionEvent(java.util.Map<java.lang.String, java.lang.Object>, java.util.function.Consumer<java.lang.Boolean>);
  private void showApprovalCard(java.util.Map<java.lang.String, java.lang.Object>);
  private void showGrantDecision(java.lang.String, java.util.List<java.util.Map<java.lang.String, java.lang.Object>>, java.lang.String);
  private void respondApproval(java.lang.String, java.lang.String, java.util.List<java.util.Map<java.lang.String, java.lang.Object>>, java.lang.String);
  private void finishApprovalDecision(java.lang.String, java.lang.String, boolean);
  private static java.lang.String approvalDecisionLabel(java.lang.String);
  private void finishInterrupt(com.chainlesschain.ide.AgentChatSession, java.util.List<java.lang.String>, boolean);
  private void resolveApprovalCard(java.util.Map<java.lang.String, java.lang.Object>);
  private void removeApprovalCard(java.lang.String);
  private void setApprovalCardEnabled(java.lang.String, boolean);
  private void invalidateApprovalCards();
  private void showPlanCard(java.util.Map<java.lang.String, java.lang.Object>);
  private void respondPlan(java.lang.String);
  private void requestPlanRevision(java.lang.String);
  private void sendPlanAction(java.lang.String);
  private void sendPlanAction(java.lang.String, java.util.Map<java.lang.String, java.lang.Object>);
  private void syncPlanReviewEditor(java.util.Map<java.lang.String, java.lang.Object>);
  private void openPlanReviewEditor(java.lang.String);
  private static void deletePlanReviewFile(java.io.File);
  private void replacePlanReviewText(java.lang.String);
  private java.lang.String readPlanReviewText();
  private com.intellij.openapi.editor.Document planReviewDocument();
  private java.lang.Object readPersistedPlanReviewStates();
  private java.util.Map<java.lang.String, java.lang.Object> persistPlanReviewState(java.lang.String, java.util.Map<java.lang.String, java.lang.Object>, java.lang.String, java.lang.String);
  private void restorePlanReviewState();
  private void removePlanCard();
  private static java.util.Map<java.lang.String, java.lang.Object> asMapOrNull(java.lang.Object);
  private static void deleteImageBatch(java.util.List<java.lang.String>);
  private void deleteOldestSentImageBatch();
  private void deleteAllSentImageTemps();
  private static javax.swing.JLabel htmlLabel(java.lang.String);
  private static java.lang.String escapeHtml(java.lang.String);
  private void refreshContextIndicator();
  private void paintContextStatus(com.chainlesschain.ide.IntrospectArgs$ContextStatus);
  private static java.lang.String human(long);
  private void append(java.lang.String);
  private void appendAssistantDelta(java.lang.String);
  private void appendThinking(java.lang.String);
  private void appendReasoning(java.lang.String);
  void appendInfo(java.lang.String);
  void clearTranscript();
  void dispose();
  private static void lambda$dispose$130();
  private void lambda$appendInfo$129(java.lang.String);
  private void lambda$refreshContextIndicator$128(java.lang.String, java.io.File);
  private void lambda$refreshContextIndicator$127(com.chainlesschain.ide.IntrospectArgs$ContextStatus);
  private void lambda$refreshContextIndicator$126();
  private static void lambda$replacePlanReviewText$125(com.intellij.openapi.editor.Document, java.lang.String);
  private static void lambda$deletePlanReviewFile$124(java.io.File);
  private void lambda$openPlanReviewEditor$123(java.lang.String, java.lang.String);
  private void lambda$openPlanReviewEditor$122(java.lang.Exception);
  private void lambda$openPlanReviewEditor$121(java.io.File, java.lang.String, com.intellij.openapi.editor.Document, com.intellij.openapi.vfs.VirtualFile);
  private static void lambda$openPlanReviewEditor$120(com.intellij.openapi.editor.Document, java.lang.String);
  private static com.intellij.openapi.editor.Document lambda$openPlanReviewEditor$119(com.intellij.openapi.vfs.VirtualFile);
  private static void lambda$syncPlanReviewEditor$118(com.intellij.openapi.editor.Document, java.lang.String);
  private void lambda$sendPlanAction$117(long, java.lang.String, java.util.Map);
  private void lambda$sendPlanAction$116(java.lang.String);
  private void lambda$showPlanCard$115(java.awt.event.ActionEvent);
  private void lambda$showPlanCard$114(java.awt.event.ActionEvent);
  private void lambda$showPlanCard$113(java.awt.event.ActionEvent);
  private void lambda$showPlanCard$112(java.awt.event.ActionEvent);
  private void lambda$respondApproval$111(java.lang.String, java.lang.String, java.lang.Boolean);
  private void lambda$showApprovalCard$110(java.lang.String, java.util.List, java.lang.String, java.awt.event.ActionEvent);
  private void lambda$showApprovalCard$109(java.lang.String, java.util.List, java.lang.String, java.awt.event.ActionEvent);
  private void lambda$showApprovalCard$108(java.lang.String, java.util.List, java.lang.String, java.awt.event.ActionEvent);
  private void lambda$showApprovalCard$107(java.lang.String, java.util.List, java.lang.String, java.awt.event.ActionEvent);
  private static void lambda$queueSessionEvent$106(java.util.function.Consumer);
  private void lambda$queueSessionEvent$105(com.chainlesschain.ide.AgentChatSession, java.lang.Object, java.util.Map, java.util.function.Consumer);
  private static void lambda$queueSessionEvent$104(java.util.function.Consumer, boolean);
  private void lambda$sendQuestion$103(com.chainlesschain.ide.QuestionDraftRegistry$Entry, java.util.Map);
  private boolean lambda$refreshQuestions$102(java.util.Map$Entry);
  private void lambda$showQuestion$101(com.chainlesschain.ide.QuestionDraftRegistry$Entry);
  private java.lang.Boolean lambda$showQuestion$100(com.chainlesschain.ide.QuestionDraftRegistry$Entry);
  private void lambda$showQuestion$99(com.chainlesschain.ide.QuestionDraftRegistry$Entry, java.util.Map);
  private void lambda$ensureSessionForRevision$98(java.util.concurrent.CompletableFuture, java.lang.Object, long, int);
  private void lambda$ensureSessionForRevision$97(java.util.concurrent.CompletableFuture, java.lang.Object, int, long);
  private void lambda$ensureSessionForRevision$96(java.lang.Object, long, int);
  private void lambda$ensureSessionForRevision$95(java.lang.Object, java.util.concurrent.CompletableFuture, java.util.Map);
  private void lambda$ensureSessionForRevision$94(java.util.Map, java.lang.Object, java.util.concurrent.CompletableFuture);
  private void lambda$ensureSessionForRevision$93(java.util.Map, java.lang.Object, java.util.Map);
  private void lambda$ensureSessionForRevision$92(java.util.Map, java.lang.Object, java.util.Map);
  private void lambda$ensureSessionForRevision$91(java.util.Map, java.lang.Object, java.util.Map);
  private void lambda$ensureSessionForRevision$90(java.lang.Object, java.util.Map);
  private void lambda$ensureSessionForRevision$89(java.lang.Object, com.chainlesschain.ide.AgentChatSession, java.util.Map);
  private void lambda$ensureSessionForRevision$88(java.lang.String);
  private void lambda$ensureSessionForRevision$87(java.lang.String, java.lang.String);
  private void lambda$ensureSessionForRevision$86(java.util.List);
  private void lambda$ensureSessionForRevision$85(java.util.Map, java.lang.Object);
  private void lambda$ensureSessionForRevision$84(java.lang.Object);
  private void lambda$ensureSessionForRevision$83(java.lang.Object, java.awt.event.ActionEvent);
  private boolean lambda$ensureSessionForRevision$82(java.lang.Object, long);
  private void lambda$ensureSessionForRevision$81(java.lang.String, java.lang.String);
  private void lambda$ensureSessionForRevision$80(java.lang.Object);
  private void lambda$indexConversation$79();
  private void lambda$stopCurrentSession$78(long);
  private void lambda$refreshModeStatus$77();
  private void lambda$restartForModeChange$76(long);
  private void lambda$restartForModeChange$75(java.io.IOException);
  private void lambda$runHandoff$74(long, java.lang.String, java.lang.String, java.io.File);
  private void lambda$runHandoff$73(java.util.Map);
  private void lambda$runHandoff$72();
  private void lambda$deleteSession$71(com.chainlesschain.ide.SessionList$SessionItem, java.io.File);
  private void lambda$deleteSession$70(com.chainlesschain.ide.SessionList$SessionItem, boolean, boolean);
  private void lambda$renameSession$69(com.chainlesschain.ide.SessionList$SessionItem, java.lang.String);
  private void lambda$renameSession$68(boolean, com.chainlesschain.ide.SessionList$SessionItem, java.lang.String);
  private void lambda$showSessionActions$67(com.chainlesschain.ide.SessionList$SessionItem, java.io.File, java.lang.String);
  private void lambda$runSessions$66(java.io.File);
  private void lambda$runSessions$65(java.util.List, java.io.File);
  private void lambda$runSessions$64(java.util.List, java.util.List, java.io.File, java.lang.String);
  private void lambda$previewThenRestore$63(java.lang.String, com.chainlesschain.ide.RewindCommands$Checkpoint, java.io.File);
  private void lambda$previewThenRestore$62(com.chainlesschain.ide.RewindCommands$Checkpoint, java.lang.String, java.lang.String, java.io.File);
  private void lambda$previewThenRestore$61(java.lang.String, com.chainlesschain.ide.RewindCommands$Checkpoint, java.io.File);
  private void lambda$previewThenRestore$60(boolean, com.chainlesschain.ide.RewindCommands$Checkpoint, java.lang.Integer, java.lang.String);
  private void lambda$previewTimelineAction$59(java.util.Map, java.io.File, java.lang.String, java.lang.String, com.chainlesschain.ide.RewindCommands$TimelineEntry);
  private void lambda$previewTimelineAction$58(java.util.Map, java.lang.String, java.lang.String, java.lang.String, java.io.File, com.chainlesschain.ide.RewindCommands$TimelineEntry);
  private void lambda$previewTimelineAction$57(long, java.util.Map, java.io.File, java.lang.String, com.chainlesschain.ide.RewindCommands$TimelineEntry, java.lang.String);
  private void lambda$previewTimelineAction$56(long, java.lang.String, com.chainlesschain.ide.RewindCommands$TimelineEntry, java.lang.String, java.util.Map, java.lang.String);
  private void lambda$previewTimelineAction$55();
  private void lambda$showTimelineActions$54(java.util.List, java.util.List, com.chainlesschain.ide.RewindCommands$TimelineEntry, java.lang.String, java.io.File, java.lang.String);
  private void lambda$showCheckpointTimeline$53(java.util.List, java.lang.String, com.chainlesschain.ide.RewindCommands$TimelineProjection, java.io.File, java.lang.String);
  private void lambda$runRewind$52(java.lang.String, java.io.File);
  private void lambda$runRewind$51(java.util.List, java.lang.String, java.io.File);
  private void lambda$runRewind$50(java.util.List, java.util.List, java.lang.String, java.io.File, java.lang.String);
  private void lambda$runRewind$49(java.lang.String, com.chainlesschain.ide.RewindCommands$TimelineProjection, java.io.File);
  private void lambda$runIntrospect$48(java.lang.String, java.lang.String, java.io.File);
  private void lambda$runIntrospect$47(java.lang.String);
  private void lambda$runCliCommand$46(java.util.List, java.io.File, com.chainlesschain.ide.SlashCommands$Definition);
  private void lambda$runCliCommand$45(java.lang.String, com.chainlesschain.ide.SlashCommands$Definition);
  private static void lambda$showApprovalGrantManager$44(java.lang.Runnable, javax.swing.event.ListSelectionEvent);
  private static void lambda$showApprovalGrantManager$43(javax.swing.JList, javax.swing.JTextArea);
  private void lambda$handleApprovalGrantCommandEvent$42(com.chainlesschain.ide.intellij.ConversationView$ApprovalGrantCommand, java.util.Map);
  private void lambda$sendApprovalGrantCommand$41(long, java.lang.String, com.chainlesschain.ide.SlashCommands$Definition, java.lang.String);
  private void lambda$sendApprovalGrantCommand$40(java.lang.String);
  private void lambda$sendApprovalGrantCommand$39();
  private void lambda$sendApprovalGrantCommand$38();
  private void lambda$runSessionSlashCommand$37(long, com.chainlesschain.ide.SlashCommands$Definition, java.lang.String);
  private void lambda$runSessionSlashCommand$36(com.chainlesschain.ide.SlashCommands$Definition, java.lang.String);
  private void lambda$runSessionSlashCommand$35(com.chainlesschain.ide.SlashCommands$Definition);
  private void lambda$runSessionSlashCommand$34(com.chainlesschain.ide.SlashCommands$Definition);
  private void lambda$setLoop$33(java.lang.String);
  private void lambda$setLoop$32(java.lang.String);
  private void lambda$sendCurrentInput$31(java.util.concurrent.CompletableFuture, com.chainlesschain.ide.InputDispatch, long, java.lang.String, java.util.List, long);
  private void lambda$sendCurrentInput$30(com.chainlesschain.ide.InputDispatch, com.chainlesschain.ide.ChatDraftStore$Prepared, java.lang.Object, long, long, java.lang.String, boolean, java.lang.String);
  private void lambda$sendCurrentInput$29(java.lang.Object, long, com.chainlesschain.ide.InputDispatch, java.util.List, java.lang.String, java.lang.String, java.lang.String);
  private void lambda$stopCurrentInput$28(com.chainlesschain.ide.AgentChatSession, java.util.List);
  private void lambda$stopCurrentInput$27(com.chainlesschain.ide.AgentChatSession, java.util.List, boolean);
  private void lambda$acceptWorklogHandoff$26(long, java.util.function.Consumer, java.lang.String);
  private void lambda$acceptWorklogHandoff$25(long, java.util.function.Consumer, java.lang.String);
  private void lambda$handoffToNewConversation$24(com.chainlesschain.ide.AgentChatSession, java.util.Map, java.lang.String);
  private void lambda$handoffToNewConversation$23(java.lang.String);
  private void lambda$handoffToNewConversation$22(java.awt.event.ActionEvent);
  private void lambda$seedInput$21(java.lang.String);
  private void lambda$activateView$20(boolean);
  private void lambda$checkCliUpdateManually$19(java.io.File);
  private void lambda$checkCliUpdateManually$18(com.chainlesschain.ide.AgentChatSession$CliIdentity, java.lang.String, java.lang.String);
  private void lambda$maybeShowCliUpdateNudge$17(java.io.File);
  private void lambda$maybeShowCliUpdateNudge$16(com.chainlesschain.ide.AgentChatSession$CliIdentity, java.lang.String);
  private void lambda$maybeShowOnboarding$15(java.io.File);
  private void lambda$maybeShowOnboarding$14(com.chainlesschain.ide.AgentChatSession$CliIdentity);
  private void lambda$maybeShowOnboarding$13(com.chainlesschain.ide.AgentChatSession$CliIdentity);
  private void lambda$new$12(java.awt.event.ActionEvent);
  private void lambda$new$11(java.awt.event.ActionEvent);
  private void lambda$new$10(java.awt.event.ActionEvent);
  private void lambda$new$9(java.awt.event.ActionEvent);
  private void lambda$new$8(java.awt.event.ActionEvent);
  private void lambda$new$7(com.intellij.openapi.project.Project, javax.swing.JButton, java.awt.event.ActionEvent);
  private void lambda$new$6(java.awt.event.ActionEvent);
  private static void lambda$new$5(com.intellij.openapi.project.Project, java.awt.event.ActionEvent);
  private static void lambda$new$4(com.intellij.openapi.project.Project, java.awt.event.ActionEvent);
  private void lambda$new$3();
  private boolean lambda$new$2();
  private java.lang.Object lambda$new$1();
  private static java.lang.String lambda$new$0(com.chainlesschain.ide.ConversationManager$Conversation);
  static {};
}
