2026-10-10 01:52:30.555 [info] CLI main {"_":[],"diff":false,"merge":false,"add":false,"goto":false,"new-window":false,"reuse-window":false,"wait":false,"user-data-dir":"/tmp/cc-remote-ssh-Hxjq9K/user-data","help":false,"extensions-dir":"/tmp/cc-remote-ssh-Hxjq9K/local-extensions","list-extensions":false,"show-versions":false,"install-extension":["/home/runner/work/_temp/remote-ssh-0.120.0.vsix"],"pre-release":false,"update-extensions":false,"version":false,"verbose":false,"status":false,"prof-startup":false,"no-cached-data":false,"prof-v8-extensions":false,"disable-extensions":false,"disable-lcd-text":false,"disable-gpu":false,"disable-chromium-sandbox":false,"sandbox":false,"telemetry":false,"debugRenderer":false,"enable-smoke-test-driver":false,"logExtensionHostCommunication":false,"skip-release-notes":false,"skip-welcome":false,"disable-telemetry":false,"disable-updates":false,"use-inmemory-secretstorage":false,"disable-workspace-trust":false,"disable-crash-reporter":false,"skip-add-to-recently-opened":false,"open-url":false,"file-write":false,"file-chmod":false,"force":true,"do-not-sync":false,"trace":false,"preserve-env":false,"force-user-env":false,"force-disable-user-env":false,"open-devtools":false,"disable-gpu-sandbox":false,"__enable-file-policy":false,"enable-coi":false,"no-proxy-server":false,"no-sandbox":false,"nolazy":false,"force-renderer-accessibility":false,"ignore-certificate-errors":false,"allow-insecure-localhost":false,"disable-dev-shm-usage":false,"profile-temp":false,"logsPath":"/tmp/cc-remote-ssh-Hxjq9K/user-data/logs/20261010T015230"}
2026-10-10 01:52:30.565 [info] Started initializing default profile extensions in extensions installation folder. file:///tmp/cc-remote-ssh-Hxjq9K/local-extensions
2026-10-10 01:52:30.655 [info] Completed initializing default profile extensions in extensions installation folder. file:///tmp/cc-remote-ssh-Hxjq9K/local-extensions
2026-10-10 01:52:30.695 [info] Installing extension: ms-vscode-remote.remote-ssh {"isMachineScoped":false,"installPreReleaseVersion":false,"profileLocation":{"$mid":1,"external":"vscode-userdata:/tmp/cc-remote-ssh-Hxjq9K/local-extensions/extensions.json","path":"/tmp/cc-remote-ssh-Hxjq9K/local-extensions/extensions.json","scheme":"vscode-userdata"},"installGivenVersion":true,"installOnlyNewlyAddedFromExtensionPack":false,"isApplicationScoped":false,"productVersion":{"version":"1.96.4","date":"2025-01-16T00:16:19.038Z"}}
2026-10-10 01:52:30.738 [error] [uncaught exception in CLI]: Error: ENOENT: no such file or directory, stat '/tmp/cc-remote-ssh-Hxjq9K/local-extensions/extensions.json.vsctmp': EntryNotFound (FileSystemError): Error: ENOENT: no such file or directory, stat '/tmp/cc-remote-ssh-Hxjq9K/local-extensions/extensions.json.vsctmp'
    at R1.create (file:///home/runner/work/chainlesschain/chainlesschain/packages/vscode-extension/.vscode-test/vscode-linux-x64-1.96.4/resources/app/out/vs/code/node/cliProcessMain.js:45:8825)
    at ni (file:///home/runner/work/chainlesschain/chainlesschain/packages/vscode-extension/.vscode-test/vscode-linux-x64-1.96.4/resources/app/out/vs/code/node/cliProcessMain.js:45:8932)
    at Sr.ib (file:///home/runner/work/chainlesschain/chainlesschain/packages/vscode-extension/.vscode-test/vscode-linux-x64-1.96.4/resources/app/out/vs/code/node/cliProcessMain.js:61:22783)
    at Sr.stat (file:///home/runner/work/chainlesschain/chainlesschain/packages/vscode-extension/.vscode-test/vscode-linux-x64-1.96.4/resources/app/out/vs/code/node/cliProcessMain.js:61:16015)
    at async Ya.stat (file:///home/runner/work/chainlesschain/chainlesschain/packages/vscode-extension/.vscode-test/vscode-linux-x64-1.96.4/resources/app/out/vs/code/node/cliProcessMain.js:59:56470)
    at async Ga.Ab (file:///home/runner/work/chainlesschain/chainlesschain/packages/vscode-extension/.vscode-test/vscode-linux-x64-1.96.4/resources/app/out/vs/code/node/cliProcessMain.js:59:38188)
2026-10-10 01:52:30.847 [info] Getting Manifest... ms-vscode-remote.remote-ssh-edit
2026-10-10 01:52:30.870 [info] Getting Manifest... ms-vscode.remote-explorer
2026-10-10 01:52:30.921 [info] Installing extension: ms-vscode-remote.remote-ssh-edit {"isMachineScoped":false,"installPreReleaseVersion":false,"profileLocation":{"$mid":1,"external":"vscode-userdata:/tmp/cc-remote-ssh-Hxjq9K/local-extensions/extensions.json","path":"/tmp/cc-remote-ssh-Hxjq9K/local-extensions/extensions.json","scheme":"vscode-userdata"},"installGivenVersion":true,"installOnlyNewlyAddedFromExtensionPack":false,"isApplicationScoped":false,"productVersion":{"version":"1.96.4","date":"2025-01-16T00:16:19.038Z"},"context":{"dependecyOrPackExtensionInstall":true}}
2026-10-10 01:52:30.921 [info] Installing extension: ms-vscode.remote-explorer {"isMachineScoped":false,"installPreReleaseVersion":false,"profileLocation":{"$mid":1,"external":"vscode-userdata:/tmp/cc-remote-ssh-Hxjq9K/local-extensions/extensions.json","path":"/tmp/cc-remote-ssh-Hxjq9K/local-extensions/extensions.json","scheme":"vscode-userdata"},"installGivenVersion":true,"installOnlyNewlyAddedFromExtensionPack":false,"isApplicationScoped":false,"productVersion":{"version":"1.96.4","date":"2025-01-16T00:16:19.038Z"},"context":{"dependecyOrPackExtensionInstall":true}}
2026-10-10 01:52:31.024 [info] Extracted extension to file:///tmp/cc-remote-ssh-Hxjq9K/local-extensions/ms-vscode-remote.remote-ssh-0.120.0: ms-vscode-remote.remote-ssh
2026-10-10 01:52:31.035 [info] Renamed to /tmp/cc-remote-ssh-Hxjq9K/local-extensions/ms-vscode-remote.remote-ssh-0.120.0
2026-10-10 01:52:31.108 [error] [uncaught exception in CLI]: Error: ENOENT: no such file or directory, stat '/tmp/cc-remote-ssh-Hxjq9K/local-extensions/extensions.json.vsctmp': EntryNotFound (FileSystemError): Error: ENOENT: no such file or directory, stat '/tmp/cc-remote-ssh-Hxjq9K/local-extensions/extensions.json.vsctmp'
    at R1.create (file:///home/runner/work/chainlesschain/chainlesschain/packages/vscode-extension/.vscode-test/vscode-linux-x64-1.96.4/resources/app/out/vs/code/node/cliProcessMain.js:45:8825)
    at ni (file:///home/runner/work/chainlesschain/chainlesschain/packages/vscode-extension/.vscode-test/vscode-linux-x64-1.96.4/resources/app/out/vs/code/node/cliProcessMain.js:45:8932)
    at Sr.ib (file:///home/runner/work/chainlesschain/chainlesschain/packages/vscode-extension/.vscode-test/vscode-linux-x64-1.96.4/resources/app/out/vs/code/node/cliProcessMain.js:61:22783)
    at Sr.stat (file:///home/runner/work/chainlesschain/chainlesschain/packages/vscode-extension/.vscode-test/vscode-linux-x64-1.96.4/resources/app/out/vs/code/node/cliProcessMain.js:61:16015)
    at async Ya.stat (file:///home/runner/work/chainlesschain/chainlesschain/packages/vscode-extension/.vscode-test/vscode-linux-x64-1.96.4/resources/app/out/vs/code/node/cliProcessMain.js:59:56470)
    at async Ga.Ab (file:///home/runner/work/chainlesschain/chainlesschain/packages/vscode-extension/.vscode-test/vscode-linux-x64-1.96.4/resources/app/out/vs/code/node/cliProcessMain.js:59:38188)
2026-10-10 01:52:32.139 [info] Extension signature verification result for ms-vscode.remote-explorer: Success. Executed: true. Duration: 1134ms.
2026-10-10 01:52:32.150 [info] Extension signature verification result for ms-vscode-remote.remote-ssh-edit: Success. Executed: true. Duration: 1082ms.
2026-10-10 01:52:32.184 [info] Extracted extension to file:///tmp/cc-remote-ssh-Hxjq9K/local-extensions/ms-vscode.remote-explorer-0.5.0: ms-vscode.remote-explorer
2026-10-10 01:52:32.190 [info] Renamed to /tmp/cc-remote-ssh-Hxjq9K/local-extensions/ms-vscode.remote-explorer-0.5.0
2026-10-10 01:52:32.201 [info] Extracted extension to file:///tmp/cc-remote-ssh-Hxjq9K/local-extensions/ms-vscode-remote.remote-ssh-edit-0.87.0: ms-vscode-remote.remote-ssh-edit
2026-10-10 01:52:32.205 [info] Renamed to /tmp/cc-remote-ssh-Hxjq9K/local-extensions/ms-vscode-remote.remote-ssh-edit-0.87.0
2026-10-10 01:52:32.211 [info] Extension installed successfully: ms-vscode-remote.remote-ssh vscode-userdata:/tmp/cc-remote-ssh-Hxjq9K/local-extensions/extensions.json
2026-10-10 01:52:32.211 [info] Extension installed successfully: ms-vscode.remote-explorer vscode-userdata:/tmp/cc-remote-ssh-Hxjq9K/local-extensions/extensions.json
2026-10-10 01:52:32.211 [info] Extension installed successfully: ms-vscode-remote.remote-ssh-edit vscode-userdata:/tmp/cc-remote-ssh-Hxjq9K/local-extensions/extensions.json
