2026-10-10 01:52:39.733 [info] Extension host with pid 6243 started
2026-10-10 01:52:39.733 [info] Creating extension host with the following global extensions: vscode.bat,vscode.clojure,vscode.coffeescript,vscode.cpp,vscode.csharp,vscode.css,vscode.dart,vscode.diff,vscode.docker,vscode.fsharp,vscode.github-authentication,vscode.go,vscode.groovy,vscode.handlebars,vscode.hlsl,vscode.html,vscode.ini,vscode.ipynb,vscode.java,vscode.javascript,vscode.json,vscode.julia,vscode.latex,vscode.less,vscode.log,vscode.lua,vscode.make,vscode.markdown,vscode.media-preview,vscode.microsoft-authentication,ms-vscode.js-debug-companion,vscode.builtin-notebook-renderers,vscode.objective-c,vscode.perl,vscode.php,vscode.powershell,vscode.pug,vscode.python,vscode.r,vscode.razor,vscode.restructuredtext,vscode.ruby,vscode.rust,vscode.scss,vscode.shaderlab,vscode.shellscript,vscode.simple-browser,vscode.sql,vscode.swift,vscode.theme-abyss,vscode.theme-defaults,vscode.theme-kimbie-dark,vscode.theme-monokai,vscode.theme-monokai-dimmed,vscode.theme-quietlight,vscode.theme-red,vscode.vscode-theme-seti,vscode.theme-solarized-dark,vscode.theme-solarized-light,vscode.theme-tomorrow-night-blue,vscode.typescript,vscode.vb,vscode.xml,vscode.yaml,ms-vscode-remote.remote-ssh,ms-vscode-remote.remote-ssh-edit,ms-vscode.remote-explorer
2026-10-10 01:52:39.733 [info] Creating extension host with the following local extensions: vscode.bat,vscode.clojure,vscode.coffeescript,vscode.cpp,vscode.csharp,vscode.css,vscode.dart,vscode.diff,vscode.docker,vscode.fsharp,vscode.github-authentication,vscode.go,vscode.groovy,vscode.handlebars,vscode.hlsl,vscode.html,vscode.ini,vscode.ipynb,vscode.java,vscode.javascript,vscode.json,vscode.julia,vscode.latex,vscode.less,vscode.log,vscode.lua,vscode.make,vscode.markdown,vscode.media-preview,vscode.microsoft-authentication,ms-vscode.js-debug-companion,vscode.builtin-notebook-renderers,vscode.objective-c,vscode.perl,vscode.php,vscode.powershell,vscode.pug,vscode.python,vscode.r,vscode.razor,vscode.restructuredtext,vscode.ruby,vscode.rust,vscode.scss,vscode.shaderlab,vscode.shellscript,vscode.simple-browser,vscode.sql,vscode.swift,vscode.theme-abyss,vscode.theme-defaults,vscode.theme-kimbie-dark,vscode.theme-monokai,vscode.theme-monokai-dimmed,vscode.theme-quietlight,vscode.theme-red,vscode.vscode-theme-seti,vscode.theme-solarized-dark,vscode.theme-solarized-light,vscode.theme-tomorrow-night-blue,vscode.typescript,vscode.vb,vscode.xml,vscode.yaml,ms-vscode-remote.remote-ssh,ms-vscode-remote.remote-ssh-edit,ms-vscode.remote-explorer
2026-10-10 01:52:39.733 [info] Skipping acquiring lock for /tmp/cc-remote-ssh-Hxjq9K/user-data/User/workspaceStorage/4b0e3dda3e2b9a55b059c37abc9161b3.
2026-10-10 01:52:39.733 [info] $getCanonicalURI invoked for authority (ssh-remote)
2026-10-10 01:52:39.748 [info] ExtensionService#_doActivateExtension ms-vscode-remote.remote-ssh, startup: false, activationEvent: 'onResolveRemoteAuthority:ssh-remote'
2026-10-10 01:52:40.014 [info] [resolveAuthority(ssh-remote,1)][0ms] activating remote resolvers ssh-remote+cc-roadmap-ssh-2353ca819996ac398c6145c3
2026-10-10 01:52:40.014 [info] [resolveAuthority(ssh-remote,1)][0ms] activating resolver for ssh-remote+cc-roadmap-ssh-2353ca819996ac398c6145c3...
2026-10-10 01:52:40.015 [info] [resolveAuthority(ssh-remote,1)][1ms] invoking final resolve()...
2026-10-10 01:52:41.015 [info] [resolveAuthority(ssh-remote,1)][1001ms] waiting...
2026-10-10 01:52:42.017 [info] [resolveAuthority(ssh-remote,1)][2003ms] waiting...
2026-10-10 01:52:43.019 [info] [resolveAuthority(ssh-remote,1)][3005ms] waiting...
2026-10-10 01:52:44.020 [info] [resolveAuthority(ssh-remote,1)][4006ms] waiting...
2026-10-10 01:52:44.034 [info] [resolveAuthority(ssh-remote,1)][4020ms] setting tunnel factory...
2026-10-10 01:52:44.034 [info] [resolveAuthority(ssh-remote,1)][4020ms] returned managed authority
2026-10-10 01:52:47.971 [info] $startExtensionHost: global extensions: vscode.bat,vscode.clojure,vscode.coffeescript,vscode.configuration-editing,vscode.cpp,vscode.csharp,vscode.css,vscode.css-language-features,vscode.dart,vscode.debug-auto-launch,vscode.debug-server-ready,vscode.diff,vscode.docker,vscode.emmet,vscode.extension-editing,vscode.fsharp,vscode.git,vscode.git-base,vscode.github,vscode.github-authentication,vscode.go,vscode.groovy,vscode.grunt,vscode.gulp,vscode.handlebars,vscode.hlsl,vscode.html,vscode.html-language-features,vscode.ini,vscode.ipynb,vscode.jake,vscode.java,vscode.javascript,vscode.json,vscode.json-language-features,vscode.julia,vscode.latex,vscode.less,vscode.log,vscode.lua,vscode.make,vscode.markdown,vscode.markdown-language-features,vscode.markdown-math,vscode.media-preview,vscode.merge-conflict,vscode.microsoft-authentication,ms-vscode.js-debug,ms-vscode.js-debug-companion,ms-vscode.vscode-js-profile-table,vscode.builtin-notebook-renderers,vscode.npm,vscode.objective-c,vscode.perl,vscode.php,vscode.php-language-features,vscode.powershell,vscode.pug,vscode.python,vscode.r,vscode.razor,vscode.references-view,vscode.restructuredtext,vscode.ruby,vscode.rust,vscode.scss,vscode.search-result,vscode.shaderlab,vscode.shellscript,vscode.simple-browser,vscode.sql,vscode.swift,vscode.terminal-suggest,vscode.theme-abyss,vscode.theme-defaults,vscode.theme-kimbie-dark,vscode.theme-monokai,vscode.theme-monokai-dimmed,vscode.theme-quietlight,vscode.theme-red,vscode.vscode-theme-seti,vscode.theme-solarized-dark,vscode.theme-solarized-light,vscode.theme-tomorrow-night-blue,vscode.tunnel-forwarding,vscode.typescript,vscode.typescript-language-features,vscode.vb,vscode.xml,vscode.yaml,chainlesschain.chainlesschain-ide,ms-vscode-remote.remote-ssh,ms-vscode-remote.remote-ssh-edit,ms-vscode.remote-explorer,chainlesschain-tests.chainlesschain-remote-ssh-container-driver
2026-10-10 01:52:47.971 [info] $startExtensionHost: local extensions: vscode.bat,vscode.clojure,vscode.coffeescript,vscode.cpp,vscode.csharp,vscode.css,vscode.dart,vscode.diff,vscode.docker,vscode.fsharp,vscode.github-authentication,vscode.go,vscode.groovy,vscode.handlebars,vscode.hlsl,vscode.html,vscode.ini,vscode.java,vscode.javascript,vscode.json,vscode.julia,vscode.latex,vscode.less,vscode.log,vscode.lua,vscode.make,vscode.markdown,vscode.media-preview,vscode.microsoft-authentication,ms-vscode.js-debug-companion,vscode.builtin-notebook-renderers,vscode.objective-c,vscode.perl,vscode.php,vscode.powershell,vscode.pug,vscode.python,vscode.r,vscode.razor,vscode.restructuredtext,vscode.ruby,vscode.rust,vscode.scss,vscode.shaderlab,vscode.shellscript,vscode.simple-browser,vscode.sql,vscode.swift,vscode.theme-abyss,vscode.theme-defaults,vscode.theme-kimbie-dark,vscode.theme-monokai,vscode.theme-monokai-dimmed,vscode.theme-quietlight,vscode.theme-red,vscode.vscode-theme-seti,vscode.theme-solarized-dark,vscode.theme-solarized-light,vscode.theme-tomorrow-night-blue,vscode.typescript,vscode.vb,vscode.xml,vscode.yaml,ms-vscode-remote.remote-ssh,ms-vscode-remote.remote-ssh-edit,ms-vscode.remote-explorer
2026-10-10 01:52:47.973 [info] Eager extensions activated
2026-10-10 01:52:48.127 [info] ExtensionService#_doActivateExtension vscode.github-authentication, startup: false, activationEvent: 'onAuthenticationRequest:github'
2026-10-10 01:52:48.192 [info] ExtensionService#_doActivateExtension ms-vscode.remote-explorer, startup: false, activationEvent: 'onCommand:remote-internal.setActiveFolders'
2026-10-10 01:52:49.409 [info] Extension host terminating: renderer closed the MessagePort
2026-10-10 01:52:49.424 [error] Canceled: Canceled
	at new IT (file:///home/runner/work/chainlesschain/chainlesschain/packages/vscode-extension/.vscode-test/vscode-linux-x64-1.96.4/resources/app/out/vs/workbench/api/node/extensionHostProcess.js:32:110702)
	at Dy.U (file:///home/runner/work/chainlesschain/chainlesschain/packages/vscode-extension/.vscode-test/vscode-linux-x64-1.96.4/resources/app/out/vs/workbench/api/node/extensionHostProcess.js:32:115312)
	at s.<computed>.n.charCodeAt.s.<computed> (file:///home/runner/work/chainlesschain/chainlesschain/packages/vscode-extension/.vscode-test/vscode-linux-x64-1.96.4/resources/app/out/vs/workbench/api/node/extensionHostProcess.js:32:112806)
	at cw.g (file:///home/runner/work/chainlesschain/chainlesschain/packages/vscode-extension/.vscode-test/vscode-linux-x64-1.96.4/resources/app/out/vs/workbench/api/node/extensionHostProcess.js:115:32313)
	at cw.executeCommand (file:///home/runner/work/chainlesschain/chainlesschain/packages/vscode-extension/.vscode-test/vscode-linux-x64-1.96.4/resources/app/out/vs/workbench/api/node/extensionHostProcess.js:115:31817)
	at r.registerCommand.description (file:///home/runner/work/chainlesschain/chainlesschain/packages/vscode-extension/.vscode-test/vscode-linux-x64-1.96.4/resources/app/out/vs/workbench/api/node/extensionHostProcess.js:115:31147)
	at cw.h (file:///home/runner/work/chainlesschain/chainlesschain/packages/vscode-extension/.vscode-test/vscode-linux-x64-1.96.4/resources/app/out/vs/workbench/api/node/extensionHostProcess.js:115:32833)
	at cw.g (file:///home/runner/work/chainlesschain/chainlesschain/packages/vscode-extension/.vscode-test/vscode-linux-x64-1.96.4/resources/app/out/vs/workbench/api/node/extensionHostProcess.js:115:31910)
	at cw.executeCommand (file:///home/runner/work/chainlesschain/chainlesschain/packages/vscode-extension/.vscode-test/vscode-linux-x64-1.96.4/resources/app/out/vs/workbench/api/node/extensionHostProcess.js:115:31817)
	at Object.executeCommand (file:///home/runner/work/chainlesschain/chainlesschain/packages/vscode-extension/.vscode-test/vscode-linux-x64-1.96.4/resources/app/out/vs/workbench/api/node/extensionHostProcess.js:157:37484)
	at t.shutdown (/tmp/cc-remote-ssh-Hxjq9K/local-extensions/ms-vscode-remote.remote-ssh-0.120.0/out/extension.js:2:827000)
	at e.deactivate (/tmp/cc-remote-ssh-Hxjq9K/local-extensions/ms-vscode-remote.remote-ssh-0.120.0/out/extension.js:2:1117579)
	at zz.eb (file:///home/runner/work/chainlesschain/chainlesschain/packages/vscode-extension/.vscode-test/vscode-linux-x64-1.96.4/resources/app/out/vs/workbench/api/node/extensionHostProcess.js:119:11724)
	at file:///home/runner/work/chainlesschain/chainlesschain/packages/vscode-extension/.vscode-test/vscode-linux-x64-1.96.4/resources/app/out/vs/workbench/api/node/extensionHostProcess.js:119:9874
	at Array.map (<anonymous>)
	at zz.$ (file:///home/runner/work/chainlesschain/chainlesschain/packages/vscode-extension/.vscode-test/vscode-linux-x64-1.96.4/resources/app/out/vs/workbench/api/node/extensionHostProcess.js:119:9862)
	at zz.terminate (file:///home/runner/work/chainlesschain/chainlesschain/packages/vscode-extension/.vscode-test/vscode-linux-x64-1.96.4/resources/app/out/vs/workbench/api/node/extensionHostProcess.js:119:10105)
	at QC.terminate (file:///home/runner/work/chainlesschain/chainlesschain/packages/vscode-extension/.vscode-test/vscode-linux-x64-1.96.4/resources/app/out/vs/workbench/api/node/extensionHostProcess.js:120:1424)
	at Zi (file:///home/runner/work/chainlesschain/chainlesschain/packages/vscode-extension/.vscode-test/vscode-linux-x64-1.96.4/resources/app/out/vs/workbench/api/node/extensionHostProcess.js:175:15080)
	at MessagePortMain.<anonymous> (file:///home/runner/work/chainlesschain/chainlesschain/packages/vscode-extension/.vscode-test/vscode-linux-x64-1.96.4/resources/app/out/vs/workbench/api/node/extensionHostProcess.js:175:11628)
	at MessagePortMain.emit (node:events:518:28)
	at MessagePortMain._internalPort.emit (node:electron/js2c/utility_init:2:2949) setContext undefined
2026-10-10 01:52:49.424 [info] Extension host with pid 6243 exiting with code 0
