2026-10-05T14:20:49.3326017Z Current runner version: '2.337.0'
2026-10-05T14:20:49.3365580Z ##[group]Runner Image Provisioner
2026-10-05T14:20:49.3367205Z Hosted Compute Agent
2026-10-05T14:20:49.3368246Z Version: 20260901.588
2026-10-05T14:20:49.3369496Z Commit: f88ec8081b781fac6c440065ac7ff9e710ce3d0b
2026-10-05T14:20:49.3371125Z Build Date: 2026-09-01T19:56:44Z
2026-10-05T14:20:49.3372372Z Worker ID: {fe5d348f-edee-425a-b83d-6cb2b75e56f6}
2026-10-05T14:20:49.3373697Z Azure Region: eastus
2026-10-05T14:20:49.3374681Z ##[endgroup]
2026-10-05T14:20:49.3377260Z ##[group]Operating System
2026-10-05T14:20:49.3378599Z Ubuntu
2026-10-05T14:20:49.3379531Z 24.04.5
2026-10-05T14:20:49.3380915Z LTS
2026-10-05T14:20:49.3381882Z ##[endgroup]
2026-10-05T14:20:49.3382766Z ##[group]Runner Image
2026-10-05T14:20:49.3384598Z Image: ubuntu-24.04
2026-10-05T14:20:49.3385646Z Version: 20260927.320.1
2026-10-05T14:20:49.3388067Z Included Software: https://github.com/actions/runner-images/blob/ubuntu24/20260927.320/images/ubuntu/Ubuntu2404-Readme.md
2026-10-05T14:20:49.3391189Z Image Release: https://github.com/actions/runner-images/releases/tag/ubuntu24%2F20260927.320
2026-10-05T14:20:49.3393119Z ##[endgroup]
2026-10-05T14:20:49.3398984Z ##[group]GITHUB_TOKEN Permissions
2026-10-05T14:20:49.3403210Z Actions: write
2026-10-05T14:20:49.3404214Z ArtifactMetadata: write
2026-10-05T14:20:49.3405427Z Attestations: write
2026-10-05T14:20:49.3406585Z Checks: write
2026-10-05T14:20:49.3407550Z CodeQuality: write
2026-10-05T14:20:49.3408750Z Contents: write
2026-10-05T14:20:49.3409778Z CopilotRequests: write
2026-10-05T14:20:49.3411248Z Deployments: write
2026-10-05T14:20:49.3412315Z Discussions: write
2026-10-05T14:20:49.3413247Z Drives: write
2026-10-05T14:20:49.3414296Z Issues: write
2026-10-05T14:20:49.3415215Z Metadata: read
2026-10-05T14:20:49.3416458Z Models: read
2026-10-05T14:20:49.3417427Z Packages: write
2026-10-05T14:20:49.3418395Z Pages: write
2026-10-05T14:20:49.3419359Z PullRequests: write
2026-10-05T14:20:49.3420618Z RepositoryProjects: write
2026-10-05T14:20:49.3421865Z SecurityEvents: write
2026-10-05T14:20:49.3422866Z Statuses: write
2026-10-05T14:20:49.3423884Z VulnerabilityAlerts: read
2026-10-05T14:20:49.3424975Z ##[endgroup]
2026-10-05T14:20:49.3428501Z Secret source: Actions
2026-10-05T14:20:49.3430576Z Cache mode: write
2026-10-05T14:20:49.3432333Z Prepare workflow directory
2026-10-05T14:20:49.4251788Z Prepare all required actions
2026-10-05T14:20:49.4331313Z Getting action download info
2026-10-05T14:20:49.6521548Z Download action repository 'actions/checkout@v5' (SHA:fbc6f3992d24b796d5a048ff273f7fcc4a7b6c09)
2026-10-05T14:20:49.7510977Z Download action repository 'actions/setup-node@v5' (SHA:a0853c24544627f65ddf259abe73b1d18a591444)
2026-10-05T14:20:49.8841255Z Download action repository 'actions/upload-artifact@v4' (SHA:ea165f8d65b6e75b540449e92b4886f43607fa02)
2026-10-05T14:20:50.0968790Z Uses: chainlesschain/chainlesschain/.github/workflows/_cli-test.yml@refs/heads/main (4f24f474b1c5ecc72fa2c812560e2f102fec0917)
2026-10-05T14:20:50.0974156Z ##[group] Inputs
2026-10-05T14:20:50.0974783Z   commit_sha: 4f24f474b1c5ecc72fa2c812560e2f102fec0917
2026-10-05T14:20:50.0975446Z   runs-on: ubuntu-latest
2026-10-05T14:20:50.0976697Z   shards: 4
2026-10-05T14:20:50.0977336Z   unit-shards: 4
2026-10-05T14:20:50.0978363Z   include-e2e: true
2026-10-05T14:20:50.0978852Z ##[endgroup]
2026-10-05T14:20:50.0979477Z Complete job name: test-ubuntu / integration (ubuntu-latest, shard 1/8)
2026-10-05T14:20:50.1692921Z ##[group]Run actions/checkout@v5
2026-10-05T14:20:50.1693802Z with:
2026-10-05T14:20:50.1694278Z   ref: 4f24f474b1c5ecc72fa2c812560e2f102fec0917
2026-10-05T14:20:50.1694918Z   repository: chainlesschain/chainlesschain
2026-10-05T14:20:50.1699017Z   token: ***
2026-10-05T14:20:50.1699432Z   ssh-strict: true
2026-10-05T14:20:50.1699858Z   ssh-user: git
2026-10-05T14:20:50.1700564Z   persist-credentials: true
2026-10-05T14:20:50.1701076Z   clean: true
2026-10-05T14:20:50.1701512Z   sparse-checkout-cone-mode: true
2026-10-05T14:20:50.1702026Z   fetch-depth: 1
2026-10-05T14:20:50.1702700Z   fetch-tags: false
2026-10-05T14:20:50.1703131Z   show-progress: true
2026-10-05T14:20:50.1703581Z   lfs: false
2026-10-05T14:20:50.1703992Z   submodules: false
2026-10-05T14:20:50.1704435Z   set-safe-directory: true
2026-10-05T14:20:50.1704955Z   allow-unsafe-pr-checkout: false
2026-10-05T14:20:50.1705764Z env:
2026-10-05T14:20:50.1706203Z   CC_SECURE_FS_WINDOWS_ACL_TIMEOUT_MS: 
2026-10-05T14:20:50.1706819Z ##[endgroup]
2026-10-05T14:20:50.2733405Z Syncing repository: chainlesschain/chainlesschain
2026-10-05T14:20:50.2736082Z ##[group]Getting Git version info
2026-10-05T14:20:50.2737276Z Working directory is '/home/runner/work/chainlesschain/chainlesschain'
2026-10-05T14:20:50.2739136Z [command]/usr/bin/git version
2026-10-05T14:20:50.2835044Z git version 2.55.0
2026-10-05T14:20:50.2861440Z ##[endgroup]
2026-10-05T14:20:50.2877721Z Temporarily overriding HOME='/home/runner/work/_temp/a09690b2-f3ab-4fed-945e-75de94b51178' before making global git config changes
2026-10-05T14:20:50.2880014Z Adding repository directory to the temporary git global config as a safe directory
2026-10-05T14:20:50.2883685Z [command]/usr/bin/git config --global --add safe.directory /home/runner/work/chainlesschain/chainlesschain
2026-10-05T14:20:50.2945160Z Deleting the contents of '/home/runner/work/chainlesschain/chainlesschain'
2026-10-05T14:20:50.2958016Z ##[group]Initializing the repository
2026-10-05T14:20:50.2959987Z [command]/usr/bin/git init /home/runner/work/chainlesschain/chainlesschain
2026-10-05T14:20:50.3113814Z hint: Using 'master' as the name for the initial branch. This default branch name
2026-10-05T14:20:50.3115503Z hint: will change to "main" in Git 3.0. To configure the initial branch name
2026-10-05T14:20:50.3116575Z hint: to use in all of your new repositories, which will suppress this warning,
2026-10-05T14:20:50.3117406Z hint: call:
2026-10-05T14:20:50.3118092Z hint:
2026-10-05T14:20:50.3119000Z hint: 	git config --global init.defaultBranch <name>
2026-10-05T14:20:50.3120224Z hint:
2026-10-05T14:20:50.3121575Z hint: Names commonly chosen instead of 'master' are 'main', 'trunk' and
2026-10-05T14:20:50.3123393Z hint: 'development'. The just-created branch can be renamed via this command:
2026-10-05T14:20:50.3124786Z hint:
2026-10-05T14:20:50.3125531Z hint: 	git branch -m <name>
2026-10-05T14:20:50.3126436Z hint:
2026-10-05T14:20:50.3127591Z hint: Disable this message with "git config set advice.defaultBranchName false"
2026-10-05T14:20:50.3129491Z Initialized empty Git repository in /home/runner/work/chainlesschain/chainlesschain/.git/
2026-10-05T14:20:50.3147069Z [command]/usr/bin/git remote add origin https://github.com/chainlesschain/chainlesschain
2026-10-05T14:20:50.3194203Z ##[endgroup]
2026-10-05T14:20:50.3195531Z ##[group]Disabling automatic garbage collection
2026-10-05T14:20:50.3198540Z [command]/usr/bin/git config --local gc.auto 0
2026-10-05T14:20:50.3237159Z ##[endgroup]
2026-10-05T14:20:50.3238500Z ##[group]Setting up auth
2026-10-05T14:20:50.3246010Z [command]/usr/bin/git config --local --name-only --get-regexp core\.sshCommand
2026-10-05T14:20:50.3292162Z [command]/usr/bin/git submodule foreach --recursive sh -c "git config --local --name-only --get-regexp 'core\.sshCommand' && git config --local --unset-all 'core.sshCommand' || :"
2026-10-05T14:20:50.3752171Z [command]/usr/bin/git config --local --name-only --get-regexp http\.https\:\/\/github\.com\/\.extraheader
2026-10-05T14:20:50.3795865Z [command]/usr/bin/git submodule foreach --recursive sh -c "git config --local --name-only --get-regexp 'http\.https\:\/\/github\.com\/\.extraheader' && git config --local --unset-all 'http.https://github.com/.extraheader' || :"
2026-10-05T14:20:50.4071656Z [command]/usr/bin/git config --local --name-only --get-regexp ^includeIf\.gitdir:
2026-10-05T14:20:50.4120906Z [command]/usr/bin/git submodule foreach --recursive git config --local --show-origin --name-only --get-regexp remote.origin.url
2026-10-05T14:20:50.4394387Z [command]/usr/bin/git config --local http.https://github.com/.extraheader AUTHORIZATION: basic ***
2026-10-05T14:20:50.4443461Z ##[endgroup]
2026-10-05T14:20:50.4444854Z ##[group]Fetching the repository
2026-10-05T14:20:50.4455769Z [command]/usr/bin/git -c protocol.version=2 fetch --no-tags --prune --no-recurse-submodules --depth=1 origin 4f24f474b1c5ecc72fa2c812560e2f102fec0917
2026-10-05T14:21:01.6491768Z From https://github.com/chainlesschain/chainlesschain
2026-10-05T14:21:01.6492631Z  * branch              4f24f474b1c5ecc72fa2c812560e2f102fec0917 -> FETCH_HEAD
2026-10-05T14:21:01.6495425Z ##[endgroup]
2026-10-05T14:21:01.6496218Z ##[group]Determining the checkout info
2026-10-05T14:21:01.6498363Z ##[endgroup]
2026-10-05T14:21:01.6505342Z [command]/usr/bin/git sparse-checkout disable
2026-10-05T14:21:01.6563365Z [command]/usr/bin/git config --local --unset-all extensions.worktreeConfig
2026-10-05T14:21:01.6598515Z ##[group]Checking out the ref
2026-10-05T14:21:01.6604603Z [command]/usr/bin/git checkout --progress --force 4f24f474b1c5ecc72fa2c812560e2f102fec0917
2026-10-05T14:21:02.6857234Z Updating files:  57% (11538/19931)
2026-10-05T14:21:02.7030949Z Updating files:  58% (11560/19931)
2026-10-05T14:21:02.7147586Z Updating files:  59% (11760/19931)
2026-10-05T14:21:02.7428016Z Updating files:  60% (11959/19931)
2026-10-05T14:21:02.7646191Z Updating files:  61% (12158/19931)
2026-10-05T14:21:02.7848502Z Updating files:  62% (12358/19931)
2026-10-05T14:21:02.7966211Z Updating files:  63% (12557/19931)
2026-10-05T14:21:02.8153048Z Updating files:  64% (12756/19931)
2026-10-05T14:21:02.8349439Z Updating files:  65% (12956/19931)
2026-10-05T14:21:02.8509831Z Updating files:  66% (13155/19931)
2026-10-05T14:21:02.8656897Z Updating files:  67% (13354/19931)
2026-10-05T14:21:02.8852586Z Updating files:  68% (13554/19931)
2026-10-05T14:21:02.9053124Z Updating files:  69% (13753/19931)
2026-10-05T14:21:02.9216770Z Updating files:  70% (13952/19931)
2026-10-05T14:21:02.9355670Z Updating files:  71% (14152/19931)
2026-10-05T14:21:02.9525925Z Updating files:  72% (14351/19931)
2026-10-05T14:21:02.9694389Z Updating files:  73% (14550/19931)
2026-10-05T14:21:02.9872299Z Updating files:  74% (14749/19931)
2026-10-05T14:21:03.0017170Z Updating files:  75% (14949/19931)
2026-10-05T14:21:03.0160691Z Updating files:  76% (15148/19931)
2026-10-05T14:21:03.0321508Z Updating files:  77% (15347/19931)
2026-10-05T14:21:03.0474101Z Updating files:  78% (15547/19931)
2026-10-05T14:21:03.0632399Z Updating files:  79% (15746/19931)
2026-10-05T14:21:03.0792794Z Updating files:  80% (15945/19931)
2026-10-05T14:21:03.1013232Z Updating files:  81% (16145/19931)
2026-10-05T14:21:03.1262733Z Updating files:  82% (16344/19931)
2026-10-05T14:21:03.1476471Z Updating files:  83% (16543/19931)
2026-10-05T14:21:03.1717796Z Updating files:  84% (16743/19931)
2026-10-05T14:21:03.1926478Z Updating files:  85% (16942/19931)
2026-10-05T14:21:03.2122022Z Updating files:  86% (17141/19931)
2026-10-05T14:21:03.2343010Z Updating files:  87% (17340/19931)
2026-10-05T14:21:03.2538589Z Updating files:  88% (17540/19931)
2026-10-05T14:21:03.2688933Z Updating files:  89% (17739/19931)
2026-10-05T14:21:03.2838652Z Updating files:  90% (17938/19931)
2026-10-05T14:21:03.2986113Z Updating files:  91% (18138/19931)
2026-10-05T14:21:03.3119278Z Updating files:  92% (18337/19931)
2026-10-05T14:21:03.3302642Z Updating files:  93% (18536/19931)
2026-10-05T14:21:03.3456267Z Updating files:  94% (18736/19931)
2026-10-05T14:21:03.3613812Z Updating files:  95% (18935/19931)
2026-10-05T14:21:03.3741983Z Updating files:  96% (19134/19931)
2026-10-05T14:21:03.3899546Z Updating files:  97% (19334/19931)
2026-10-05T14:21:03.4048620Z Updating files:  98% (19533/19931)
2026-10-05T14:21:03.4188839Z Updating files:  99% (19732/19931)
2026-10-05T14:21:03.4190066Z Updating files: 100% (19931/19931)
2026-10-05T14:21:03.4191332Z Updating files: 100% (19931/19931), done.
2026-10-05T14:21:03.4415667Z Note: switching to '4f24f474b1c5ecc72fa2c812560e2f102fec0917'.
2026-10-05T14:21:03.4416644Z 
2026-10-05T14:21:03.4417179Z You are in 'detached HEAD' state. You can look around, make experimental
2026-10-05T14:21:03.4418740Z changes and commit them, and you can discard any commits you make in this
2026-10-05T14:21:03.4419651Z state without impacting any branches by switching back to a branch.
2026-10-05T14:21:03.4420221Z 
2026-10-05T14:21:03.4420834Z If you want to create a new branch to retain commits you create, you may
2026-10-05T14:21:03.4421688Z do so (now or later) by using -c with the switch command. Example:
2026-10-05T14:21:03.4422226Z 
2026-10-05T14:21:03.4422479Z   git switch -c <new-branch-name>
2026-10-05T14:21:03.4422803Z 
2026-10-05T14:21:03.4422980Z Or undo this operation with:
2026-10-05T14:21:03.4423281Z 
2026-10-05T14:21:03.4423440Z   git switch -
2026-10-05T14:21:03.4423637Z 
2026-10-05T14:21:03.4423902Z Turn off this advice by setting config variable advice.detachedHead to false
2026-10-05T14:21:03.4424281Z 
2026-10-05T14:21:03.4424554Z HEAD is now at 4f24f474 fix(ci): align review dependencies and IDE readiness probes
2026-10-05T14:21:03.4460597Z ##[endgroup]
2026-10-05T14:21:03.4512750Z [command]/usr/bin/git log -1 --format=%H
2026-10-05T14:21:03.4543178Z 4f24f474b1c5ecc72fa2c812560e2f102fec0917
2026-10-05T14:21:03.4841405Z ##[group]Run test "$(git rev-parse HEAD)" = "4f24f474b1c5ecc72fa2c812560e2f102fec0917"
2026-10-05T14:21:03.4842117Z [36;1mtest "$(git rev-parse HEAD)" = "4f24f474b1c5ecc72fa2c812560e2f102fec0917"[0m
2026-10-05T14:21:03.5152467Z shell: /usr/bin/bash --noprofile --norc -e -o pipefail {0}
2026-10-05T14:21:03.5152952Z env:
2026-10-05T14:21:03.5153219Z   CC_SECURE_FS_WINDOWS_ACL_TIMEOUT_MS: 
2026-10-05T14:21:03.5153547Z ##[endgroup]
2026-10-05T14:21:03.5383027Z ##[group]Run actions/setup-node@v5
2026-10-05T14:21:03.5383355Z with:
2026-10-05T14:21:03.5383561Z   node-version: 22.22.2
2026-10-05T14:21:03.5383790Z   cache: npm
2026-10-05T14:21:03.5384023Z   cache-dependency-path: package-lock.json
2026-10-05T14:21:03.5384317Z   always-auth: false
2026-10-05T14:21:03.5384544Z   check-latest: false
2026-10-05T14:21:03.5387285Z   token: ***
2026-10-05T14:21:03.5387531Z   package-manager-cache: true
2026-10-05T14:21:03.5387786Z env:
2026-10-05T14:21:03.5387992Z   CC_SECURE_FS_WINDOWS_ACL_TIMEOUT_MS: 
2026-10-05T14:21:03.5388262Z ##[endgroup]
2026-10-05T14:21:03.6918792Z Attempting to download 22.22.2...
2026-10-05T14:21:03.7030478Z (node:2953) [DEP0040] DeprecationWarning: The `punycode` module is deprecated. Please use a userland alternative instead.
2026-10-05T14:21:03.7031471Z (Use `node --trace-deprecation ...` to show where the warning was created)
2026-10-05T14:21:04.2708226Z Acquiring 22.22.2 - x64 from https://github.com/actions/node-versions/releases/download/22.22.2-23521889093/node-22.22.2-linux-x64.tar.gz
2026-10-05T14:21:04.7378038Z Extracting ...
2026-10-05T14:21:04.7504432Z [command]/usr/bin/tar xz --strip 1 --warning=no-unknown-keyword --overwrite -C /home/runner/work/_temp/24fdc506-16ae-4dc7-9ef9-f176cb8eaaea -f /home/runner/work/_temp/61f75665-b792-48c4-9ddf-189687d02e9e
2026-10-05T14:21:05.9869750Z Adding to the cache ...
2026-10-05T14:21:08.0470767Z ##[group]Environment details
2026-10-05T14:21:08.2824151Z node: v22.22.2
2026-10-05T14:21:08.2824567Z npm: 10.9.7
2026-10-05T14:21:08.2824879Z yarn: 1.22.22
2026-10-05T14:21:08.2825567Z ##[endgroup]
2026-10-05T14:21:08.2849283Z [command]/opt/hostedtoolcache/node/22.22.2/x64/bin/npm config get cache
2026-10-05T14:21:08.3830537Z /home/runner/.npm
2026-10-05T14:21:08.4701427Z Cache hit for: node-cache-Linux-x64-npm-5d29ebd810341da4f62b1717411fe32fcf283f0e0e8565e05fe4bd3103cc7ba1
2026-10-05T14:21:08.4825405Z (node:2953) [DEP0169] DeprecationWarning: `url.parse()` behavior is not standardized and prone to errors that have security implications. Use the WHATWG URL API instead. CVEs are not issued for `url.parse()` vulnerabilities.
2026-10-05T14:21:09.5294834Z Received 243269632 of 659119268 (36.9%), 231.1 MBs/sec
2026-10-05T14:21:10.5297357Z Received 503316480 of 659119268 (76.4%), 239.5 MBs/sec
2026-10-05T14:21:11.0676741Z Received 659119268 of 659119268 (100.0%), 247.3 MBs/sec
2026-10-05T14:21:11.0678087Z Cache Size: ~629 MB (659119268 B)
2026-10-05T14:21:11.0792651Z [command]/usr/bin/tar -xf /home/runner/work/_temp/b4ef3cfc-1d2d-468a-9713-810e702f1f35/cache.tzst -P -C /home/runner/work/chainlesschain/chainlesschain --use-compress-program unzstd
2026-10-05T14:21:12.4572825Z Cache restored successfully
2026-10-05T14:21:12.4876177Z Cache restored from key: node-cache-Linux-x64-npm-5d29ebd810341da4f62b1717411fe32fcf283f0e0e8565e05fe4bd3103cc7ba1
2026-10-05T14:21:12.5231050Z Prepare all required actions
2026-10-05T14:21:12.5333642Z ##[group]Run ./.github/actions/setup-node-deps
2026-10-05T14:21:12.5333964Z with:
2026-10-05T14:21:12.5334179Z   working-directory: .
2026-10-05T14:21:12.5334441Z   install-command: npm ci --legacy-peer-deps
2026-10-05T14:21:12.5334752Z   install-desktop-app-vue: false
2026-10-05T14:21:12.5335001Z env:
2026-10-05T14:21:12.5335201Z   CC_SECURE_FS_WINDOWS_ACL_TIMEOUT_MS: 
2026-10-05T14:21:12.5335471Z ##[endgroup]
2026-10-05T14:21:12.5395683Z ##[start-action display=Install npm dependencies (3-attempt retry, transient ECONNRESET hardening);id=__self.__run]
2026-10-05T14:21:12.5427206Z ##[group]Run INSTALL_CMD="npm ci --legacy-peer-deps"
2026-10-05T14:21:12.5427630Z [36;1mINSTALL_CMD="npm ci --legacy-peer-deps"[0m
2026-10-05T14:21:12.5427951Z [36;1mattempt_install() {[0m
2026-10-05T14:21:12.5428206Z [36;1m  eval "$INSTALL_CMD"[0m
2026-10-05T14:21:12.5428444Z [36;1m}[0m
2026-10-05T14:21:12.5428699Z [36;1mcleanup_partial_install() {[0m
2026-10-05T14:21:12.5429091Z [36;1m  # A failed npm ci can leave partially-extracted packages behind.[0m
2026-10-05T14:21:12.5429608Z [36;1m  # Retrying in-place then fails with ENOTEMPTY (notably electron on[0m
2026-10-05T14:21:12.5430111Z [36;1m  # hosted runners), so restore npm ci's clean-install precondition.[0m
2026-10-05T14:21:12.5431010Z [36;1m  # Node's maxRetries/retryDelay also handles short Windows file-lock[0m
2026-10-05T14:21:12.5431514Z [36;1m  # release delays while keeping the deletion scoped to this checkout.[0m
2026-10-05T14:21:12.5432156Z [36;1m  node -e "require('node:fs').rmSync('node_modules',{recursive:true,force:true,maxRetries:5,retryDelay:250})"[0m
2026-10-05T14:21:12.5432685Z [36;1m}[0m
2026-10-05T14:21:12.5432887Z [36;1mfor i in 1 2 3; do[0m
2026-10-05T14:21:12.5433133Z [36;1m  if attempt_install; then[0m
2026-10-05T14:21:12.5433385Z [36;1m    exit 0[0m
2026-10-05T14:21:12.5433589Z [36;1m  fi[0m
2026-10-05T14:21:12.5433791Z [36;1m  if [ "$i" -lt 3 ]; then[0m
2026-10-05T14:21:12.5434041Z [36;1m    delay=$((i * 15))[0m
2026-10-05T14:21:12.5434405Z [36;1m    echo "::warning::npm install attempt $i failed, retrying in ${delay}s..."[0m
2026-10-05T14:21:12.5434818Z [36;1m    cleanup_partial_install[0m
2026-10-05T14:21:12.5435079Z [36;1m    sleep "$delay"[0m
2026-10-05T14:21:12.5435302Z [36;1m  fi[0m
2026-10-05T14:21:12.5435500Z [36;1mdone[0m
2026-10-05T14:21:12.5435757Z [36;1mecho "::error::npm install failed after 3 attempts"[0m
2026-10-05T14:21:12.5436086Z [36;1mexit 1[0m
2026-10-05T14:21:12.5504656Z shell: /usr/bin/bash --noprofile --norc -e -o pipefail {0}
2026-10-05T14:21:12.5505032Z env:
2026-10-05T14:21:12.5505275Z   CC_SECURE_FS_WINDOWS_ACL_TIMEOUT_MS: 
2026-10-05T14:21:12.5505564Z ##[endgroup]
2026-10-05T14:21:14.4546004Z npm warn skipping integrity check for git dependency ssh://git@github.com/electron/node-gyp.git
2026-10-05T14:21:27.0910129Z npm warn deprecated inflight@1.0.6: This module is not supported, and leaks memory. Do not use it. Check out lru-cache if you want a good and tested way to coalesce async requests by a key value, which is much more comprehensive and powerful.
2026-10-05T14:21:27.0923610Z npm warn deprecated gar@1.0.4: Package no longer supported. Contact Support at https://www.npmjs.com/support for more info.
2026-10-05T14:21:27.1920944Z npm warn deprecated lodash.get@4.4.2: This package is deprecated. Use the optional chaining (?.) operator instead.
2026-10-05T14:21:27.2295033Z npm warn deprecated @npmcli/move-file@2.0.1: This functionality has been moved to @npmcli/fs
2026-10-05T14:21:27.3009170Z npm warn deprecated npmlog@6.0.2: This package is no longer supported.
2026-10-05T14:21:27.3611515Z npm warn deprecated rimraf@2.6.3: Rimraf versions prior to v4 are no longer supported
2026-10-05T14:21:27.3708687Z npm warn deprecated rimraf@2.7.1: Rimraf versions prior to v4 are no longer supported
2026-10-05T14:21:27.4078981Z npm warn deprecated lodash.isequal@4.5.0: This package is deprecated. Use require('node:util').isDeepStrictEqual instead.
2026-10-05T14:21:27.4391753Z npm warn deprecated @humanwhocodes/config-array@0.13.0: Use @eslint/config-array instead
2026-10-05T14:21:27.4543295Z npm warn deprecated npmlog@4.1.2: This package is no longer supported.
2026-10-05T14:21:27.4918033Z npm warn deprecated rimraf@3.0.2: Rimraf versions prior to v4 are no longer supported
2026-10-05T14:21:27.7083366Z npm warn deprecated are-we-there-yet@1.1.7: This package is no longer supported.
2026-10-05T14:21:27.7361410Z npm warn deprecated whatwg-encoding@3.1.1: Use @exodus/bytes instead for a more spec-conformant and faster implementation
2026-10-05T14:21:27.7856292Z npm warn deprecated glob@7.2.3: Old versions of glob are not supported, and contain widely publicized security vulnerabilities, which have been fixed in the current version. Please update. Support for old versions may be purchased (at exorbitant rates) by contacting i@izs.me
2026-10-05T14:21:27.7869562Z npm warn deprecated glob@7.2.3: Old versions of glob are not supported, and contain widely publicized security vulnerabilities, which have been fixed in the current version. Please update. Support for old versions may be purchased (at exorbitant rates) by contacting i@izs.me
2026-10-05T14:21:27.7886703Z npm warn deprecated glob@7.2.3: Old versions of glob are not supported, and contain widely publicized security vulnerabilities, which have been fixed in the current version. Please update. Support for old versions may be purchased (at exorbitant rates) by contacting i@izs.me
2026-10-05T14:21:27.7935293Z npm warn deprecated glob@7.2.3: Old versions of glob are not supported, and contain widely publicized security vulnerabilities, which have been fixed in the current version. Please update. Support for old versions may be purchased (at exorbitant rates) by contacting i@izs.me
2026-10-05T14:21:27.7948703Z npm warn deprecated glob@7.2.3: Old versions of glob are not supported, and contain widely publicized security vulnerabilities, which have been fixed in the current version. Please update. Support for old versions may be purchased (at exorbitant rates) by contacting i@izs.me
2026-10-05T14:21:27.7962636Z npm warn deprecated glob@7.2.3: Old versions of glob are not supported, and contain widely publicized security vulnerabilities, which have been fixed in the current version. Please update. Support for old versions may be purchased (at exorbitant rates) by contacting i@izs.me
2026-10-05T14:21:27.7978084Z npm warn deprecated glob@8.1.0: Old versions of glob are not supported, and contain widely publicized security vulnerabilities, which have been fixed in the current version. Please update. Support for old versions may be purchased (at exorbitant rates) by contacting i@izs.me
2026-10-05T14:21:27.8082377Z npm warn deprecated glob@8.1.0: Old versions of glob are not supported, and contain widely publicized security vulnerabilities, which have been fixed in the current version. Please update. Support for old versions may be purchased (at exorbitant rates) by contacting i@izs.me
2026-10-05T14:21:27.8087059Z npm warn deprecated glob@7.2.3: Old versions of glob are not supported, and contain widely publicized security vulnerabilities, which have been fixed in the current version. Please update. Support for old versions may be purchased (at exorbitant rates) by contacting i@izs.me
2026-10-05T14:21:28.1467673Z npm warn deprecated prebuild-install@7.1.3: No longer maintained. Please contact the author of the relevant native addon; alternatives are available.
2026-10-05T14:21:28.1816545Z npm warn deprecated @humanwhocodes/object-schema@2.0.3: Use @eslint/object-schema instead
2026-10-05T14:21:28.2309399Z npm warn deprecated are-we-there-yet@3.0.1: This package is no longer supported.
2026-10-05T14:21:28.4773561Z npm warn deprecated prebuild-install@5.3.6: No longer maintained. Please contact the author of the relevant native addon; alternatives are available.
2026-10-05T14:21:28.7189861Z npm warn deprecated gauge@2.7.4: This package is no longer supported.
2026-10-05T14:21:29.9976168Z npm warn deprecated boolean@3.2.0: Package no longer supported. Contact Support at https://www.npmjs.com/support for more info.
2026-10-05T14:21:30.1861196Z npm warn deprecated gauge@4.0.4: This package is no longer supported.
2026-10-05T14:21:30.5558984Z npm warn deprecated fstream@1.0.12: This package is no longer supported.
2026-10-05T14:21:32.0648150Z npm warn deprecated node-domexception@1.0.0: Use your platform's native DOMException instead
2026-10-05T14:21:32.5498463Z npm warn deprecated multiaddr@10.0.1: This module is deprecated, please upgrade to @multiformats/multiaddr
2026-10-05T14:21:33.3259972Z npm warn deprecated vue-i18n@9.14.5: v9 and v10 no longer supported. please migrate to v11. about maintenance status, see https://vue-i18n.intlify.dev/guide/maintenance.html
2026-10-05T14:21:35.1523989Z npm warn deprecated uuid@8.3.2: uuid@10 and below is no longer supported.  For ESM codebases, update to uuid@latest.  For CommonJS codebases, use uuid@11 (but be aware this version will likely be deprecated in 2028).
2026-10-05T14:21:35.1546265Z npm warn deprecated uuid@8.3.2: uuid@10 and below is no longer supported.  For ESM codebases, update to uuid@latest.  For CommonJS codebases, use uuid@11 (but be aware this version will likely be deprecated in 2028).
2026-10-05T14:21:35.6851868Z npm warn deprecated uuid@9.0.1: uuid@10 and below is no longer supported.  For ESM codebases, update to uuid@latest.  For CommonJS codebases, use uuid@11 (but be aware this version will likely be deprecated in 2028).
2026-10-05T14:21:36.3217252Z npm warn deprecated glob@10.5.0: Old versions of glob are not supported, and contain widely publicized security vulnerabilities, which have been fixed in the current version. Please update. Support for old versions may be purchased (at exorbitant rates) by contacting i@izs.me
2026-10-05T14:21:36.3233200Z npm warn deprecated glob@10.5.0: Old versions of glob are not supported, and contain widely publicized security vulnerabilities, which have been fixed in the current version. Please update. Support for old versions may be purchased (at exorbitant rates) by contacting i@izs.me
2026-10-05T14:21:36.3236176Z npm warn deprecated glob@10.5.0: Old versions of glob are not supported, and contain widely publicized security vulnerabilities, which have been fixed in the current version. Please update. Support for old versions may be purchased (at exorbitant rates) by contacting i@izs.me
2026-10-05T14:21:43.5642604Z npm warn deprecated fluent-ffmpeg@2.1.3: Package no longer supported. Contact Support at https://www.npmjs.com/support for more info.
2026-10-05T14:21:45.8969040Z npm warn deprecated eslint@8.57.1: This version is no longer supported. Please see https://eslint.org/version-support for other options.
2026-10-05T14:22:09.3942506Z 
2026-10-05T14:22:09.3943350Z added 2555 packages, and audited 2571 packages in 57s
2026-10-05T14:22:09.3944140Z 
2026-10-05T14:22:09.3944773Z 483 packages are looking for funding
2026-10-05T14:22:09.3945340Z   run `npm fund` for details
2026-10-05T14:22:09.6060228Z 
2026-10-05T14:22:09.6061619Z 102 vulnerabilities (3 low, 15 moderate, 83 high, 1 critical)
2026-10-05T14:22:09.6062291Z 
2026-10-05T14:22:09.6062623Z To address issues that do not require attention, run:
2026-10-05T14:22:09.6063058Z   npm audit fix
2026-10-05T14:22:09.6063233Z 
2026-10-05T14:22:09.6063569Z To address all issues possible (including breaking changes), run:
2026-10-05T14:22:09.6064059Z   npm audit fix --force
2026-10-05T14:22:09.6064243Z 
2026-10-05T14:22:09.6064489Z Some issues need review, and may require choosing
2026-10-05T14:22:09.6064904Z a different dependency.
2026-10-05T14:22:09.6065531Z 
2026-10-05T14:22:09.6065694Z Run `npm audit` for details.
2026-10-05T14:22:09.8716009Z ##[end-action id=__self.__run;outcome=success;conclusion=success;duration_ms=57331]
2026-10-05T14:22:09.8719853Z ##[start-action display=Install desktop-app-vue dependencies (post-workspace-refactor);id=__self.__run_2]
2026-10-05T14:22:09.8728631Z ##[end-action id=__self.__run_2;outcome=skipped;conclusion=skipped;duration_ms=0]
2026-10-05T14:22:09.8755488Z ##[start-action display=Install platform rollup binary + extras;id=__self.__run_3]
2026-10-05T14:22:09.8775617Z ##[group]Run # Pick the rollup native binary for this runner.
2026-10-05T14:22:09.8776091Z [36;1m# Pick the rollup native binary for this runner.[0m
2026-10-05T14:22:09.8776606Z [36;1m# Workaround for https://github.com/npm/cli/issues/4828 — npm sometimes[0m
2026-10-05T14:22:09.8777212Z [36;1m# skips optional platform deps, leaving vite/vitest unable to resolve rollup.[0m
2026-10-05T14:22:09.8777695Z [36;1mcase "${RUNNER_OS}-${RUNNER_ARCH}" in[0m
2026-10-05T14:22:09.8778104Z [36;1m  Linux-X64)     pkg="@rollup/rollup-linux-x64-gnu" ;;[0m
2026-10-05T14:22:09.8778556Z [36;1m  Linux-ARM64)   pkg="@rollup/rollup-linux-arm64-gnu" ;;[0m
2026-10-05T14:22:09.8778997Z [36;1m  Windows-X64)   pkg="@rollup/rollup-win32-x64-msvc" ;;[0m
2026-10-05T14:22:09.8779443Z [36;1m  Windows-ARM64) pkg="@rollup/rollup-win32-arm64-msvc" ;;[0m
2026-10-05T14:22:09.8779897Z [36;1m  macOS-ARM64)   pkg="@rollup/rollup-darwin-arm64" ;;[0m
2026-10-05T14:22:09.8780584Z [36;1m  macOS-X64)     pkg="@rollup/rollup-darwin-x64" ;;[0m
2026-10-05T14:22:09.8780942Z [36;1m  *)             pkg="" ;;[0m
2026-10-05T14:22:09.8781199Z [36;1mesac[0m
2026-10-05T14:22:09.8781430Z [36;1mpackages="$pkg $EXTRA_PACKAGES"[0m
2026-10-05T14:22:09.8781762Z [36;1mpackages=$(echo "$packages" | xargs) # trim[0m
2026-10-05T14:22:09.8782091Z [36;1mif [ -n "$packages" ]; then[0m
2026-10-05T14:22:09.8782381Z [36;1m  echo "Installing: $packages"[0m
2026-10-05T14:22:09.8782727Z [36;1m  if [ -n "$INSTALL_WORKSPACE" ]; then[0m
2026-10-05T14:22:09.8783126Z [36;1m    npm install $packages --no-save --legacy-peer-deps \[0m
2026-10-05T14:22:09.8783526Z [36;1m      --workspace "$INSTALL_WORKSPACE" \[0m
2026-10-05T14:22:09.8783901Z [36;1m      --include-workspace-root=false || true[0m
2026-10-05T14:22:09.8784226Z [36;1m  else[0m
2026-10-05T14:22:09.8784539Z [36;1m    npm install $packages --no-save --legacy-peer-deps || true[0m
2026-10-05T14:22:09.8784898Z [36;1m  fi[0m
2026-10-05T14:22:09.8785087Z [36;1mfi[0m
2026-10-05T14:22:09.8849950Z shell: /usr/bin/bash --noprofile --norc -e -o pipefail {0}
2026-10-05T14:22:09.8850588Z env:
2026-10-05T14:22:09.8850807Z   CC_SECURE_FS_WINDOWS_ACL_TIMEOUT_MS: 
2026-10-05T14:22:09.8851094Z   EXTRA_PACKAGES: 
2026-10-05T14:22:09.8851323Z   INSTALL_WORKSPACE: 
2026-10-05T14:22:09.8851544Z ##[endgroup]
2026-10-05T14:22:09.8988457Z Installing: @rollup/rollup-linux-x64-gnu
2026-10-05T14:22:12.2678607Z npm warn deprecated npmlog@4.1.2: This package is no longer supported.
2026-10-05T14:22:12.2759090Z npm warn deprecated are-we-there-yet@1.1.7: This package is no longer supported.
2026-10-05T14:22:12.3879885Z npm warn deprecated prebuild-install@5.3.6: No longer maintained. Please contact the author of the relevant native addon; alternatives are available.
2026-10-05T14:22:12.3931114Z npm warn deprecated gauge@2.7.4: This package is no longer supported.
2026-10-05T14:22:13.9175748Z 
2026-10-05T14:22:13.9176677Z added 1 package, changed 1 package, and audited 2572 packages in 4s
2026-10-05T14:22:13.9177204Z 
2026-10-05T14:22:13.9177759Z 483 packages are looking for funding
2026-10-05T14:22:13.9179068Z   run `npm fund` for details
2026-10-05T14:22:14.1956397Z 
2026-10-05T14:22:14.1957363Z 102 vulnerabilities (3 low, 15 moderate, 83 high, 1 critical)
2026-10-05T14:22:14.1957890Z 
2026-10-05T14:22:14.1958283Z To address issues that do not require attention, run:
2026-10-05T14:22:14.1958979Z   npm audit fix
2026-10-05T14:22:14.1959683Z 
2026-10-05T14:22:14.1960934Z To address all issues possible (including breaking changes), run:
2026-10-05T14:22:14.1961617Z   npm audit fix --force
2026-10-05T14:22:14.1961886Z 
2026-10-05T14:22:14.1962238Z Some issues need review, and may require choosing
2026-10-05T14:22:14.1962820Z a different dependency.
2026-10-05T14:22:14.1963080Z 
2026-10-05T14:22:14.1963283Z Run `npm audit` for details.
2026-10-05T14:22:14.2292246Z ##[end-action id=__self.__run_3;outcome=success;conclusion=success;duration_ms=4353]
2026-10-05T14:22:14.2403119Z ##[group]Run node scripts/run-vitest-with-worker-retry.mjs -- run --shard=1/8 --reporter=default --reporter=junit --outputFile.junit=test-results/integration-1.xml --silent=passed-only __tests__/integration/
2026-10-05T14:22:14.2404741Z [36;1mnode scripts/run-vitest-with-worker-retry.mjs -- run --shard=1/8 --reporter=default --reporter=junit --outputFile.junit=test-results/integration-1.xml --silent=passed-only __tests__/integration/[0m
2026-10-05T14:22:14.2468748Z shell: /usr/bin/bash -e {0}
2026-10-05T14:22:14.2469041Z env:
2026-10-05T14:22:14.2469261Z   CC_SECURE_FS_WINDOWS_ACL_TIMEOUT_MS: 
2026-10-05T14:22:14.2469546Z ##[endgroup]
2026-10-05T14:22:14.7177779Z 
2026-10-05T14:22:14.7195291Z [1m[30m[46m RUN [49m[39m[22m [36mv4.1.10 [39m[90m/home/runner/work/chainlesschain/chainlesschain/packages/cli[39m
2026-10-05T14:22:14.7196409Z 
2026-10-05T14:22:24.4535340Z  [32m✓[39m __tests__/integration/background-stability-realspawn.test.js [2m([22m[2m4 tests[22m[2m)[22m[33m 8010[2mms[22m[39m
2026-10-05T14:22:24.4537314Z      [33m[2m✓[22m[39m records BOTH pids, they diverge, and the watched pid is the worker's [33m 2080[2mms[22m[39m
2026-10-05T14:22:24.4538715Z      [33m[2m✓[22m[39m persists phase/turnCount through idle, never flips the live session, and keeps a rename landed while idle [33m 3581[2mms[22m[39m
2026-10-05T14:22:24.4540676Z      [33m[2m✓[22m[39m neither the appender nor the reader crashes, and the tail reads clean afterwards [33m 1689[2mms[22m[39m
2026-10-05T14:22:24.4541973Z      [33m[2m✓[22m[39m replays after disconnect, answers once, and completes the same turn [33m 657[2mms[22m[39m
2026-10-05T14:22:29.5080905Z  [31m❯[39m __tests__/integration/team-distributed-soak.test.js [2m([22m[2m9 tests[22m[2m | [22m[31m1 failed[39m[2m)[22m[33m 12946[2mms[22m[39m
2026-10-05T14:22:29.5083526Z      [32m✓[39m rejects an exact-SHA report path inside the calling repository[32m 127[2mms[22m[39m
2026-10-05T14:22:29.5085447Z      [32m✓[39m rejects a canonical output alias that resolves into the repository[32m 74[2mms[22m[39m
2026-10-05T14:22:29.5087025Z      [32m✓[39m never overwrites an existing report output[32m 56[2mms[22m[39m
2026-10-05T14:22:29.5088644Z      [32m✓[39m accepts the committed blob's controlled CRLF worktree representation[32m 86[2mms[22m[39m
2026-10-05T14:22:29.5090635Z      [32m✓[39m succeeds against a clean exact-SHA controlled source fixture[32m 92[2mms[22m[39m
2026-10-05T14:22:29.5092323Z      [32m✓[39m rejects a clean filter before any status or diff can execute it[32m 94[2mms[22m[39m
2026-10-05T14:22:29.5094392Z      [33m[2m✓[22m[39m terminates the complete descendant tree on the timeout failure path [33m 945[2mms[22m[39m
2026-10-05T14:22:29.5096300Z [31m     [31m×[31m proves every tracked source byte at the exact SHA[39m[33m 1132[2mms[22m[39m
2026-10-05T14:22:29.5098361Z      [33m[2m✓[22m[39m passes a real Git/checkpoint/DAG/crash/finalize round without a live model [33m 10337[2mms[22m[39m
2026-10-05T14:22:30.9374439Z  [32m✓[39m __tests__/integration/agent-optimization-workflow.test.js [2m([22m[2m23 tests[22m[2m)[22m[33m 806[2mms[22m[39m
2026-10-05T14:22:30.9376425Z        [33m[2m✓[22m[39m handles 100 rapid messages without data loss [33m 482[2mms[22m[39m
2026-10-05T14:22:33.7076736Z  [32m✓[39m __tests__/integration/crosschain-mtc-cli.test.js [2m([22m[2m23 tests[22m[2m)[22m[33m 9089[2mms[22m[39m
2026-10-05T14:22:33.7101551Z        [33m[2m✓[22m[39m add → list → remove round-trip [33m 1072[2mms[22m[39m
2026-10-05T14:22:33.7132126Z        [33m[2m✓[22m[39m list with no chain shows all chains [33m 801[2mms[22m[39m
2026-10-05T14:22:33.7152109Z        [33m[2m✓[22m[39m generates an envelope that round-trip verifies against its landmark [33m 526[2mms[22m[39m
2026-10-05T14:22:33.7153936Z        [33m[2m✓[22m[39m mtc-verify exits non-zero on tampered envelope [33m 560[2mms[22m[39m
2026-10-05T14:22:33.7164878Z        [33m[2m✓[22m[39m mtc-multihop-build + mtc-multihop-verify round-trip [33m 1285[2mms[22m[39m
2026-10-05T14:22:33.7166356Z        [33m[2m✓[22m[39m closes staged ops on the single tick [33m 394[2mms[22m[39m
2026-10-05T14:22:33.7167803Z        [33m[2m✓[22m[39m closes one batch per chain-pair from staged files [33m 597[2mms[22m[39m
2026-10-05T14:22:33.7169456Z        [33m[2m✓[22m[39m closed batch envelopes verify against landmark via mtc-verify [33m 616[2mms[22m[39m
2026-10-05T14:22:34.1050892Z  [32m✓[39m __tests__/integration/skill-creator-handler.test.js [2m([22m[2m14 tests[22m[2m)[22m[32m 102[2mms[22m[39m
2026-10-05T14:22:35.2595338Z  [32m✓[39m __tests__/integration/cowork-workflow-runtime-command.test.js [2m([22m[2m6 tests[22m[2m)[22m[33m 717[2mms[22m[39m
2026-10-05T14:22:35.2597649Z      [33m[2m✓[22m[39m executes and reports one durable run through the production command path [33m 375[2mms[22m[39m
2026-10-05T14:22:37.7582943Z  [32m✓[39m __tests__/integration/team-merge-review-real-git.test.js [2m([22m[2m5 tests[22m[2m)[22m[33m 2021[2mms[22m[39m
2026-10-05T14:22:37.7585123Z      [33m[2m✓[22m[39m publishes a multi-branch file batch as one commit and rolls it back [33m 897[2mms[22m[39m
2026-10-05T14:22:37.7592589Z      [33m[2m✓[22m[39m applies one selected hunk and leaves an unselected hunk unchanged [33m 406[2mms[22m[39m
2026-10-05T14:22:37.7607008Z      [33m[2m✓[22m[39m reports an explained conflict without advancing the base branch [33m 342[2mms[22m[39m
2026-10-05T14:22:42.4048041Z  [32m✓[39m __tests__/integration/mtc-federation-governance-trust-cli.test.js [2m([22m[2m15 tests[22m[2m)[22m[33m 8119[2mms[22m[39m
2026-10-05T14:22:42.4049839Z        [33m[2m✓[22m[39m cross-trust-create rejects same host + trusted federation id [32m 300[2mms[22m[39m
2026-10-05T14:22:42.4051742Z        [33m[2m✓[22m[39m cross-trust-validate accepts a freshly-created anchor [33m 589[2mms[22m[39m
2026-10-05T14:22:42.4052966Z        [33m[2m✓[22m[39m audit reports clean log with ok=true [33m 667[2mms[22m[39m
2026-10-05T14:22:42.4053603Z        [33m[2m✓[22m[39m audit --summary surface [33m 654[2mms[22m[39m
2026-10-05T14:22:42.4054524Z        [33m[2m✓[22m[39m governance-anchor publishes a snapshot record to the chain store [33m 625[2mms[22m[39m
2026-10-05T14:22:42.4056040Z        [33m[2m✓[22m[39m governance-verify-anchor passes for unmodified log [33m 1007[2mms[22m[39m
2026-10-05T14:22:42.4057673Z        [33m[2m✓[22m[39m governance-verify-anchor flags HASH_MISMATCH after new event added post-anchor [33m 1202[2mms[22m[39m
2026-10-05T14:22:42.4059019Z        [33m[2m✓[22m[39m repeated anchoring increments block_height [33m 830[2mms[22m[39m
2026-10-05T14:22:42.4060210Z        [33m[2m✓[22m[39m governance-sync-stats reflects daemon ticks [33m 814[2mms[22m[39m
2026-10-05T14:22:47.3276949Z Already on 'main'
2026-10-05T14:22:47.9835286Z Already on 'main'
2026-10-05T14:22:48.2171301Z Switched to a new branch 'release'
2026-10-05T14:22:48.2557942Z  [32m✓[39m __tests__/integration/team-worktree-real-git.test.js [2m([22m[2m6 tests[22m[2m)[22m[33m 5367[2mms[22m[39m
2026-10-05T14:22:48.2559899Z      [33m[2m✓[22m[39m propagates a stable multi-dependency commit baseline into a downstream task and resume [33m 1894[2mms[22m[39m
2026-10-05T14:22:48.2561733Z      [33m[2m✓[22m[39m requires adjudication when stable dependency composition conflicts [33m 636[2mms[22m[39m
2026-10-05T14:22:48.2563100Z      [33m[2m✓[22m[39m rejects a recovered dependency binding after its branch ref drifts [33m 1031[2mms[22m[39m
2026-10-05T14:22:48.2564131Z      [33m[2m✓[22m[39m runs two independent tasks in isolated worktrees and merges both clean [33m 883[2mms[22m[39m
2026-10-05T14:22:48.2565144Z      [33m[2m✓[22m[39m surfaces a conflict when two tasks change the same file (second doesn't merge) [33m 658[2mms[22m[39m
2026-10-05T14:22:55.4721501Z  [32m✓[39m __tests__/integration/process-ownership-restart.test.js [2m([22m[2m6 tests[22m[2m)[22m[33m 7050[2mms[22m[39m
2026-10-05T14:22:55.4722682Z      [33m[2m✓[22m[39m preserves durable ownership through preparation-failure [33m 310[2mms[22m[39m
2026-10-05T14:22:55.4723524Z      [33m[2m✓[22m[39m preserves durable ownership through helper-failure [33m 313[2mms[22m[39m
2026-10-05T14:22:55.4724299Z      [33m[2m✓[22m[39m preserves durable ownership through before-native [33m 694[2mms[22m[39m
2026-10-05T14:22:55.4725065Z      [33m[2m✓[22m[39m preserves durable ownership through owner-crash [33m 603[2mms[22m[39m
2026-10-05T14:22:55.4725828Z      [33m[2m✓[22m[39m preserves durable ownership through supervisor-loss [33m 4525[2mms[22m[39m
2026-10-05T14:22:55.4726592Z      [33m[2m✓[22m[39m preserves durable ownership through confirmed-close [33m 603[2mms[22m[39m
2026-10-05T14:22:56.9786481Z  [32m✓[39m __tests__/integration/parity-shell-policy.test.js [2m([22m[2m6 tests[22m[2m)[22m[32m 164[2mms[22m[39m
2026-10-05T14:22:58.3782356Z  [32m✓[39m __tests__/integration/batch-worktree.test.js [2m([22m[2m2 tests[22m[2m)[22m[33m 936[2mms[22m[39m
2026-10-05T14:22:58.3785547Z      [33m[2m✓[22m[39m runs two independent units in real worktrees and merges both [33m 503[2mms[22m[39m
2026-10-05T14:22:58.3792039Z      [33m[2m✓[22m[39m reports a real merge conflict without clobbering base [33m 431[2mms[22m[39m
2026-10-05T14:22:58.7858360Z  [32m✓[39m __tests__/integration/session-hooks-lifecycle.test.js [2m([22m[2m3 tests[22m[2m)[22m[32m 48[2mms[22m[39m
2026-10-05T14:23:00.4896964Z  [32m✓[39m __tests__/integration/mtc-batch-skills-cli.test.js [2m([22m[2m3 tests[22m[2m)[22m[33m 1551[2mms[22m[39m
2026-10-05T14:23:00.4898612Z      [33m[2m✓[22m[39m produces landmark + envelopes from any locally discovered skills [33m 412[2mms[22m[39m
2026-10-05T14:23:00.4900230Z      [33m[2m✓[22m[39m --skill filter restricts batch to matching ids [33m 798[2mms[22m[39m
2026-10-05T14:23:00.4901924Z      [33m[2m✓[22m[39m fails when --skill matches no ids [33m 328[2mms[22m[39m
2026-10-05T14:23:00.8975701Z  [32m✓[39m __tests__/integration/watchdog-reservation-concurrency.test.js [2m([22m[2m2 tests[22m[2m)[22m[32m 236[2mms[22m[39m
2026-10-05T14:23:02.6684754Z  [32m✓[39m __tests__/integration/hub-export-import-events.integration.test.js [2m([22m[2m3 tests[22m[2m)[22m[33m 1019[2mms[22m[39m
2026-10-05T14:23:02.6686336Z      [33m[2m✓[22m[39m exports all of A and imports losslessly into B [33m 353[2mms[22m[39m
2026-10-05T14:23:02.6687523Z      [33m[2m✓[22m[39m re-import is idempotent (ON CONFLICT(id) upsert, no dup) [33m 332[2mms[22m[39m
2026-10-05T14:23:02.6688586Z      [33m[2m✓[22m[39m paginates beyond one page [33m 331[2mms[22m[39m
2026-10-05T14:23:11.4412119Z  [32m✓[39m __tests__/integration/evolution-workbench-review-cross-process.test.js [2m([22m[2m3 tests[22m[2m)[22m[33m 8620[2mms[22m[39m
2026-10-05T14:23:11.4414621Z      [33m[2m✓[22m[39m recovers after SIGKILL at prepared without duplicate decisions [33m 2504[2mms[22m[39m
2026-10-05T14:23:11.4416159Z      [33m[2m✓[22m[39m recovers after SIGKILL at applied without duplicate decisions [33m 2508[2mms[22m[39m
2026-10-05T14:23:11.4417692Z      [33m[2m✓[22m[39m recovers after SIGKILL at first-committed without duplicate decisions [33m 3605[2mms[22m[39m
2026-10-05T14:23:14.3860746Z Wiki dependency dependency-commit: 1724ms
2026-10-05T14:23:15.0891524Z  [32m✓[39m __tests__/integration/scheduler-kernel-soak.test.js [2m([22m[2m1 test[22m[2m)[22m[33m 36903[2mms[22m[39m
2026-10-05T14:23:15.0894114Z      [33m[2m✓[22m[39m proves the real two-worker kill, fencing, renewal, DST, backlog, and cleanup matrix [33m 36901[2mms[22m[39m
2026-10-05T14:23:15.7016849Z  [32m✓[39m __tests__/integration/evolution-ledger-file-backend-process.test.js [2m([22m[2m1 test[22m[2m)[22m[33m 435[2mms[22m[39m
2026-10-05T14:23:15.7019016Z      [33m[2m✓[22m[39m reopens across OS processes and rejects local reincarnation behind the witness [33m 432[2mms[22m[39m
2026-10-05T14:23:16.5330965Z  [32m✓[39m __tests__/integration/evolution-workbench-file-resources-security.test.js [2m([22m[2m1 test[22m[2m)[22m[32m 109[2mms[22m[39m
2026-10-05T14:23:17.5134375Z Wiki dependency dependency-checkpoint: 1943ms
2026-10-05T14:23:17.5207950Z  [32m✓[39m __tests__/integration/wiki-pruning-dependencies-cross-process.test.js [2m([22m[2m2 tests[22m[2m)[22m[33m 5925[2mms[22m[39m
2026-10-05T14:23:17.5210704Z      [33m[2m✓[22m[39m recovers dependency-commit up to the explicit KMS boundary [33m 2797[2mms[22m[39m
2026-10-05T14:23:17.5212815Z      [33m[2m✓[22m[39m recovers dependency-checkpoint up to the explicit KMS boundary [33m 3126[2mms[22m[39m
2026-10-05T14:26:20.9542704Z  [32m✓[39m __tests__/integration/evolution-adversarial-wiki-journey-shard-7.test.js [2m([22m[2m12 tests[22m[2m)[22m[33m 183743[2mms[22m[39m
2026-10-05T14:26:20.9557682Z      [33m[2m✓[22m[39m batch 7: 10 unique attacks cannot contaminate persisted Wiki, candidates or active state [33m 16266[2mms[22m[39m
2026-10-05T14:26:20.9558993Z      [33m[2m✓[22m[39m batch 15: 10 unique attacks cannot contaminate persisted Wiki, candidates or active state [33m 15324[2mms[22m[39m
2026-10-05T14:26:20.9560069Z      [33m[2m✓[22m[39m batch 23: 10 unique attacks cannot contaminate persisted Wiki, candidates or active state [33m 15217[2mms[22m[39m
2026-10-05T14:26:20.9561838Z      [33m[2m✓[22m[39m batch 31: 10 unique attacks cannot contaminate persisted Wiki, candidates or active state [33m 15115[2mms[22m[39m
2026-10-05T14:26:20.9562928Z      [33m[2m✓[22m[39m batch 39: 10 unique attacks cannot contaminate persisted Wiki, candidates or active state [33m 15289[2mms[22m[39m
2026-10-05T14:26:20.9563992Z      [33m[2m✓[22m[39m batch 47: 10 unique attacks cannot contaminate persisted Wiki, candidates or active state [33m 14946[2mms[22m[39m
2026-10-05T14:26:20.9565038Z      [33m[2m✓[22m[39m batch 55: 10 unique attacks cannot contaminate persisted Wiki, candidates or active state [33m 15251[2mms[22m[39m
2026-10-05T14:26:20.9566068Z      [33m[2m✓[22m[39m batch 63: 10 unique attacks cannot contaminate persisted Wiki, candidates or active state [33m 15231[2mms[22m[39m
2026-10-05T14:26:20.9567084Z      [33m[2m✓[22m[39m batch 71: 10 unique attacks cannot contaminate persisted Wiki, candidates or active state [33m 15400[2mms[22m[39m
2026-10-05T14:26:20.9568118Z      [33m[2m✓[22m[39m batch 79: 10 unique attacks cannot contaminate persisted Wiki, candidates or active state [33m 15138[2mms[22m[39m
2026-10-05T14:26:20.9569130Z      [33m[2m✓[22m[39m batch 87: 10 unique attacks cannot contaminate persisted Wiki, candidates or active state [33m 15335[2mms[22m[39m
2026-10-05T14:26:20.9570147Z      [33m[2m✓[22m[39m batch 95: 10 unique attacks cannot contaminate persisted Wiki, candidates or active state [33m 15230[2mms[22m[39m
2026-10-05T14:26:20.9683542Z 
2026-10-05T14:26:20.9685258Z [31m⎯⎯⎯⎯⎯⎯⎯[39m[1m[41m Failed Tests 1 [49m[22m[31m⎯⎯⎯⎯⎯⎯⎯[39m
2026-10-05T14:26:20.9685593Z 
2026-10-05T14:26:20.9692817Z [41m[1m FAIL [22m[49m __tests__/integration/team-distributed-soak.test.js[2m > [22mdistributed Agent Team production soak harness[2m > [22mproves every tracked source byte at the exact SHA
2026-10-05T14:26:20.9715250Z [31m[1mAssertionError[22m: Error: exact-SHA controlled source verification failed: docs/research/ide/evidence/gap-2026-10-05/onboarding-identity-windows/host-4/good.cmd: eol=crlf requires an explicit text attribute
2026-10-05T14:26:20.9732546Z     at sourceVerificationError (file:///home/runner/work/chainlesschain/chainlesschain/packages/cli/scripts/team-distributed-soak.mjs:560:17)
2026-10-05T14:26:20.9775201Z     at verifyExactSourceTree (file:///home/runner/work/chainlesschain/chainlesschain/packages/cli/scripts/team-distributed-soak.mjs:782:11)
2026-10-05T14:26:20.9851896Z     at main (file:///home/runner/work/chainlesschain/chainlesschain/packages/cli/scripts/team-distributed-soak.mjs:2902:27)
2026-10-05T14:26:20.9858197Z     at file:///home/runner/work/chainlesschain/chainlesschain/packages/cli/scripts/team-distributed-soak.mjs:2922:26
2026-10-05T14:26:20.9881855Z     at ModuleJob.run (node:internal/modules/esm/module_job:343:25)
2026-10-05T14:26:20.9882908Z     at async onImport.tracePromise.__proto__ (node:internal/modules/esm/loader:665:26)
2026-10-05T14:26:20.9884105Z     at async asyncRunEntryPointWithESMLoader (node:internal/modules/run_main:117:5)
2026-10-05T14:26:20.9884735Z 
2026-10-05T14:26:20.9885569Z : expected { status: 1, signal: null, …(4) } to match object { status: +0, signal: null }
2026-10-05T14:26:20.9886185Z (4 matching properties omitted from actual)[39m
2026-10-05T14:26:20.9886412Z 
2026-10-05T14:26:20.9886552Z [32m- Expected[39m
2026-10-05T14:26:20.9886812Z [31m+ Received[39m
2026-10-05T14:26:20.9886968Z 
2026-10-05T14:26:20.9887079Z [2m  {[22m
2026-10-05T14:26:20.9887344Z [2m    "signal": null,[22m
2026-10-05T14:26:20.9887631Z [32m-   "status": 0,[39m
2026-10-05T14:26:20.9887922Z [31m+   "status": 1,[39m
2026-10-05T14:26:20.9888167Z [2m  }[22m
2026-10-05T14:26:20.9888287Z 
2026-10-05T14:26:20.9888778Z [36m [2m❯[22m sourceVerificationError scripts/team-distributed-soak.mjs:[2m560:17[22m[39m
2026-10-05T14:26:21.0098205Z     [90m558|[39m
2026-10-05T14:26:21.0099520Z     [90m559|[39m [35mfunction[39m [34msourceVerificationError[39m(evidence) {
2026-10-05T14:26:21.0101213Z     [90m560|[39m   [35mconst[39m error [33m=[39m [35mnew[39m [33mError[39m(
2026-10-05T14:26:21.0102447Z     [90m   |[39m                 [31m^[39m
2026-10-05T14:26:21.0103979Z     [90m561|[39m     [32m`exact-SHA controlled source verification failed: [39m[36m${[39mevidence[33m.[39merrors
2026-10-05T14:26:21.0105549Z     [90m562|[39m       [33m.[39m[34mslice[39m([34m0[39m[33m,[39m [34m10[39m)
2026-10-05T14:26:21.0107175Z [90m [2m❯[22m verifyExactSourceTree scripts/team-distributed-soak.mjs:[2m782:11[22m[39m
2026-10-05T14:26:21.0108595Z [90m [2m❯[22m main scripts/team-distributed-soak.mjs:[2m2902:27[22m[39m
2026-10-05T14:26:21.0109188Z 
2026-10-05T14:26:21.0109977Z [90m [2m❯[22m scripts/team-distributed-soak.mjs:[2m2922:26[22m[39m
2026-10-05T14:26:21.0111631Z [90m [2m❯[22m __tests__/integration/team-distributed-soak.test.js:[2m644:9[22m[39m
2026-10-05T14:26:21.0112319Z 
2026-10-05T14:26:21.0112820Z [31m[2m⎯⎯⎯⎯⎯⎯⎯⎯⎯⎯⎯⎯⎯⎯⎯⎯⎯⎯⎯⎯⎯⎯⎯⎯[1/1]⎯[22m[39m
2026-10-05T14:26:21.0113192Z 
2026-10-05T14:26:21.0116101Z [2m Test Files [22m [1m[31m1 failed[39m[22m[2m | [22m[1m[32m21 passed[39m[22m[90m (22)[39m
2026-10-05T14:26:21.0117703Z [2m      Tests [22m [1m[31m1 failed[39m[22m[2m | [22m[1m[32m149 passed[39m[22m[90m (150)[39m
2026-10-05T14:26:21.0118797Z [2m   Start at [22m 14:22:14
2026-10-05T14:26:21.0120096Z [2m   Duration [22m 246.14s[2m (transform 5.04s, setup 402ms, import 11.31s, tests 293.92s, environment 3ms)[22m
2026-10-05T14:26:21.0122173Z 
2026-10-05T14:26:21.0638104Z JUNIT report written to /home/runner/work/chainlesschain/chainlesschain/packages/cli/test-results/integration-1.xml
2026-10-05T14:26:21.1257639Z ##[error]Process completed with exit code 1.
2026-10-05T14:26:21.1332478Z ##[group]Run actions/upload-artifact@v4
2026-10-05T14:26:21.1332821Z with:
2026-10-05T14:26:21.1333084Z   name: cli-ubuntu-latest-integration-1-results
2026-10-05T14:26:21.1333678Z   path: packages/cli/test-results/integration-1.xml
2026-10-05T14:26:21.1334007Z   if-no-files-found: error
2026-10-05T14:26:21.1334251Z   retention-days: 7
2026-10-05T14:26:21.1334462Z   compression-level: 6
2026-10-05T14:26:21.1334678Z   overwrite: false
2026-10-05T14:26:21.1334892Z   include-hidden-files: false
2026-10-05T14:26:21.1335130Z env:
2026-10-05T14:26:21.1335327Z   CC_SECURE_FS_WINDOWS_ACL_TIMEOUT_MS: 
2026-10-05T14:26:21.1335591Z ##[endgroup]
2026-10-05T14:26:21.3106555Z (node:7986) [DEP0040] DeprecationWarning: The `punycode` module is deprecated. Please use a userland alternative instead.
2026-10-05T14:26:21.3108019Z (Use `node --trace-deprecation ...` to show where the warning was created)
2026-10-05T14:26:21.3162618Z With the provided path, there will be 1 file uploaded
2026-10-05T14:26:21.3169758Z Artifact name is valid!
2026-10-05T14:26:21.3170931Z Root directory input is valid!
2026-10-05T14:26:21.5023519Z Beginning upload of artifact content to blob storage
2026-10-05T14:26:21.5245716Z (node:7986) [DEP0169] DeprecationWarning: `url.parse()` behavior is not standardized and prone to errors that have security implications. Use the WHATWG URL API instead. CVEs are not issued for `url.parse()` vulnerabilities.
2026-10-05T14:26:21.5498313Z Uploaded bytes 8988
2026-10-05T14:26:21.5654678Z Finished uploading artifact content to blob storage!
2026-10-05T14:26:21.5671412Z SHA256 digest of uploaded artifact zip is f7d1f73cbe758a8587b56db005fabffb7e6690c43bae1fc3004733b5d16d96eb
2026-10-05T14:26:21.5672438Z Finalizing artifact upload
2026-10-05T14:26:21.8000560Z Artifact cli-ubuntu-latest-integration-1-results.zip successfully finalized. Artifact ID 11351287902
2026-10-05T14:26:21.8002199Z Artifact cli-ubuntu-latest-integration-1-results has been successfully uploaded! Final size is 8988 bytes. Artifact ID is 11351287902
2026-10-05T14:26:21.8011991Z Artifact download URL: https://github.com/chainlesschain/chainlesschain/actions/runs/37322784169/artifacts/11351287902
2026-10-05T14:26:21.8212549Z Post job cleanup.
2026-10-05T14:26:21.9098111Z [command]/usr/bin/git version
2026-10-05T14:26:21.9146768Z git version 2.55.0
2026-10-05T14:26:21.9193825Z Temporarily overriding HOME='/home/runner/work/_temp/4f9c1eb5-9cd8-4781-a33c-b0653e70d4de' before making global git config changes
2026-10-05T14:26:21.9195590Z Adding repository directory to the temporary git global config as a safe directory
2026-10-05T14:26:21.9201265Z [command]/usr/bin/git config --global --add safe.directory /home/runner/work/chainlesschain/chainlesschain
2026-10-05T14:26:21.9245214Z [command]/usr/bin/git config --local --name-only --get-regexp core\.sshCommand
2026-10-05T14:26:21.9287500Z [command]/usr/bin/git submodule foreach --recursive sh -c "git config --local --name-only --get-regexp 'core\.sshCommand' && git config --local --unset-all 'core.sshCommand' || :"
2026-10-05T14:26:21.9598819Z [command]/usr/bin/git config --local --name-only --get-regexp http\.https\:\/\/github\.com\/\.extraheader
2026-10-05T14:26:21.9631610Z http.https://github.com/.extraheader
2026-10-05T14:26:21.9644681Z [command]/usr/bin/git config --local --unset-all http.https://github.com/.extraheader
2026-10-05T14:26:21.9693641Z [command]/usr/bin/git submodule foreach --recursive sh -c "git config --local --name-only --get-regexp 'http\.https\:\/\/github\.com\/\.extraheader' && git config --local --unset-all 'http.https://github.com/.extraheader' || :"
2026-10-05T14:26:21.9983032Z [command]/usr/bin/git config --local --name-only --get-regexp ^includeIf\.gitdir:
2026-10-05T14:26:22.0030660Z [command]/usr/bin/git submodule foreach --recursive git config --local --show-origin --name-only --get-regexp remote.origin.url
2026-10-05T14:26:22.0457240Z Cleaning up orphan processes
2026-10-05T14:26:22.0778653Z ##[warning]Node.js 20 is deprecated. The following actions target Node.js 20 but are being forced to run on Node.js 24: actions/upload-artifact@v4. For more information see: https://github.blog/changelog/2025-09-19-deprecation-of-node-20-on-github-actions-runners/
