To honour the JVM settings for this build a single-use Daemon process will be forked. For more on this, please refer to https://docs.gradle.org/8.7/userguide/gradle_daemon.html#sec:disabling_the_daemon in the Gradle documentation.
Daemon will be stopped at the end of the build 
Calculating task graph as configuration cache cannot be reused because JVM has changed.
> Task :initializeIntellijPlatformPlugin
> Task :patchPluginXml UP-TO-DATE
> Task :generateManifest UP-TO-DATE
> Task :checkKotlinGradlePluginConfigurationErrors
> Task :compileKotlin UP-TO-DATE
> Task :compileJava UP-TO-DATE
> Task :generatePluginMetadata UP-TO-DATE
> Task :processResources UP-TO-DATE
> Task :classes UP-TO-DATE
> Task :instrumentCode SKIPPED
> Task :jar UP-TO-DATE
> Task :composedJar UP-TO-DATE
> Task :prepareSandbox UP-TO-DATE
> Task :buildSearchableOptions UP-TO-DATE
> Task :prepareJarSearchableOptions UP-TO-DATE
> Task :jarSearchableOptions UP-TO-DATE
> Task :buildPlugin UP-TO-DATE
> Task :prepareSandbox_runIdeForUiTests
> Task :installUiJourneyPlugin

> Task :runIdeForUiTests
2026-10-05 18:13:43,535 [   1048]   WARN - c.i.o.u.r.overrides - Conflicting registry key definition for key kotlin.mpp.tests.force.gradle: it was defined by plugin org.jetbrains.kotlin but redefined by plugin org.jetbrains.kotlin. Consider adding overrides="true" for one of the plugins, see the documentation for com.intellij.openapi.util.registry.RegistryKeyBean.overrides for more details.
2026-10-05 18:13:44,458 [   1971]   WARN - #c.i.i.s.p.i.BundledSharedIndexProvider - Bundled shared index is not found at: C:\Users\longfa\.gradle\caches\transforms-4\dbb682d26f44c694592b06df4c7b2971\transformed\ideaIC-2024.2-win\jdk-shared-indexes
2026-10-05 18:13:48,506 [   6019]   WARN - #c.i.s.ComponentManagerImpl - `preload=NOT_HEADLESS` must be used only for core services (service=org.jetbrains.kotlin.idea.search.refIndex.KotlinCompilerReferenceIndexService, plugin=org.jetbrains.kotlin)
2026-10-05 18:13:48,506 [   6019]   WARN - #c.i.s.ComponentManagerImpl - `preload=TRUE` must be used only for core services (service=org.jetbrains.idea.maven.project.MavenProjectsManagerEx, plugin=org.jetbrains.idea.maven)
2026-10-05 18:13:48,507 [   6020]   WARN - #c.i.s.ComponentManagerImpl - `preload=TRUE` must be used only for core services (service=org.jetbrains.idea.maven.navigator.MavenProjectsNavigator, plugin=org.jetbrains.idea.maven)
2026-10-05 18:13:48,507 [   6020]   WARN - #c.i.s.ComponentManagerImpl - `preload=TRUE` must be used only for core services (service=org.jetbrains.idea.maven.tasks.MavenShortcutsManager, plugin=org.jetbrains.idea.maven)
2026-10-05 18:13:48,507 [   6020]   WARN - #c.i.s.ComponentManagerImpl - `preload=NOT_HEADLESS` must be used only for core services (service=com.jetbrains.rdserver.toolWindow.BackendServerToolWindowManager, plugin=com.jetbrains.codeWithMe)
2026-10-05 18:13:48,507 [   6020]   WARN - #c.i.s.ComponentManagerImpl - `preload=TRUE` must be used only for core services (service=com.intellij.cwm.plugin.users.BackendUserManager, plugin=com.jetbrains.codeWithMe)
2026-10-05 18:13:48,508 [   6021]   WARN - #c.i.s.ComponentManagerImpl - `preload=TRUE` must be used only for core services (service=com.intellij.cwm.plugin.ports.CwmPortForwardingToolWindowManager, plugin=com.jetbrains.codeWithMe)
2026-10-05 18:13:48,508 [   6021]   WARN - #c.i.s.ComponentManagerImpl - `preload=TRUE` must be used only for core services (service=com.intellij.cwm.plugin.users.BackendCWMUserFocusHost, plugin=com.jetbrains.codeWithMe)
2026-10-05 18:13:48,508 [   6021]   WARN - #c.i.s.ComponentManagerImpl - `preload=TRUE` must be used only for core services (service=com.intellij.cwm.plugin.following.FollowMeManagerService, plugin=com.jetbrains.codeWithMe)
2026-10-05 18:13:48,508 [   6021]   WARN - #c.i.s.ComponentManagerImpl - `preload=TRUE` must be used only for core services (service=com.intellij.cwm.plugin.following.BackendProjectViewSync, plugin=com.jetbrains.codeWithMe)
2026-10-05 18:13:48,508 [   6021]   WARN - #c.i.s.ComponentManagerImpl - `preload=TRUE` must be used only for core services (service=com.intellij.cwm.plugin.following.BackendFollowMeEditorsHost, plugin=com.jetbrains.codeWithMe)
2026-10-05 18:13:48,508 [   6021]   WARN - #c.i.s.ComponentManagerImpl - `preload=TRUE` must be used only for core services (service=com.intellij.cwm.plugin.following.BackendFollowMeDebuggerHost, plugin=com.jetbrains.codeWithMe)
2026-10-05 18:13:48,509 [   6022]   WARN - #c.i.s.ComponentManagerImpl - `preload=TRUE` must be used only for core services (service=com.intellij.cwm.plugin.following.FollowMeLookupSynchronizer, plugin=com.jetbrains.codeWithMe)
2026-10-05 18:13:50,539 [   8052]   WARN - #c.i.o.a.Application - issue detected: ide.script.launcher.used
2026-10-05 18:13:55,030 [  12543]   WARN - #o.j.p.g.j.IdeVersionedDataUpdater - Could not download new IDE versioned data for org.jetbrains.plugins.gradle.jvmcompat.GradleCompatibilitySupportUpdater
java.lang.IllegalArgumentException: 25
	at com.intellij.util.lang.JavaVersion.parse(JavaVersion.java:308)
	at org.jetbrains.plugins.gradle.jvmcompat.GradleJvmSupportMatrix$getCompatibilityRanges$1$javaRange$1.invoke(GradleJvmSupportMatrix.kt:44)
	at org.jetbrains.plugins.gradle.jvmcompat.GradleJvmSupportMatrix$getCompatibilityRanges$1$javaRange$1.invoke(GradleJvmSupportMatrix.kt:44)
	at org.jetbrains.plugins.gradle.jvmcompat.IdeVersionedDataParser$Companion.parseVersion(IdeVersionedDataParser.kt:21)
	at org.jetbrains.plugins.gradle.jvmcompat.IdeVersionedDataParser$Companion.parseRange(IdeVersionedDataParser.kt:31)
	at org.jetbrains.plugins.gradle.jvmcompat.GradleJvmSupportMatrix.getCompatibilityRanges(GradleJvmSupportMatrix.kt:44)
	at org.jetbrains.plugins.gradle.jvmcompat.GradleJvmSupportMatrix.applyState(GradleJvmSupportMatrix.kt:28)
	at org.jetbrains.plugins.gradle.jvmcompat.GradleJvmSupportMatrix.onStateChanged(GradleJvmSupportMatrix.kt:50)
	at org.jetbrains.plugins.gradle.jvmcompat.GradleJvmSupportMatrix.onStateChanged(GradleJvmSupportMatrix.kt:13)
	at org.jetbrains.plugins.gradle.jvmcompat.IdeVersionedDataStorage.setStateAsString(IdeVersionedDataStorage.kt:44)
	at org.jetbrains.plugins.gradle.jvmcompat.IdeVersionedDataUpdater.retrieveNewData(IdeVersionedDataUpdater.kt:43)
	at org.jetbrains.plugins.gradle.jvmcompat.IdeVersionedDataUpdater.checkForUpdates(IdeVersionedDataUpdater.kt:30)
	at org.jetbrains.plugins.gradle.service.project.GradleVersionUpdateStartupActivity$execute$2.invoke(GradleVersionUpdateStartupActivity.kt:22)
	at org.jetbrains.plugins.gradle.service.project.GradleVersionUpdateStartupActivity$execute$2.invoke(GradleVersionUpdateStartupActivity.kt:21)
	at com.intellij.openapi.progress.CoroutinesKt.blockingContextInner(coroutines.kt:339)
	at com.intellij.openapi.progress.CoroutinesKt$blockingContext$2.invokeSuspend(coroutines.kt:232)
	at com.intellij.openapi.progress.CoroutinesKt$blockingContext$2.invoke(coroutines.kt)
	at com.intellij.openapi.progress.CoroutinesKt$blockingContext$2.invoke(coroutines.kt)
	at kotlinx.coroutines.intrinsics.UndispatchedKt.startUndispatchedOrReturn(Undispatched.kt:62)
	at kotlinx.coroutines.CoroutineScopeKt.coroutineScope(CoroutineScope.kt:261)
	at com.intellij.openapi.progress.CoroutinesKt.blockingContext(coroutines.kt:231)
	at org.jetbrains.plugins.gradle.service.project.GradleVersionUpdateStartupActivity.execute(GradleVersionUpdateStartupActivity.kt:21)
	at com.intellij.ide.startup.impl.StartupManagerImplKt$launchActivity$1.invokeSuspend(StartupManagerImpl.kt:496)
	at kotlin.coroutines.jvm.internal.BaseContinuationImpl.resumeWith(ContinuationImpl.kt:33)
	at kotlinx.coroutines.DispatchedTask.run(DispatchedTask.kt:104)
	at kotlinx.coroutines.scheduling.CoroutineScheduler.runSafely(CoroutineScheduler.kt:608)
	at kotlinx.coroutines.scheduling.CoroutineScheduler$Worker.executeTask(CoroutineScheduler.kt:873)
	at kotlinx.coroutines.scheduling.CoroutineScheduler$Worker.runWorker(CoroutineScheduler.kt:763)
	at kotlinx.coroutines.scheduling.CoroutineScheduler$Worker.run(CoroutineScheduler.kt:750)
2026-10-05 18:14:27,473 [  44986]   WARN - #c.i.d.MemorySizeConfigurator - The IDE is not configured for using custom VM options (jb.vmOptionsFile=null)
java.io.IOException: The IDE is not configured for using custom VM options (jb.vmOptionsFile=null)
	at com.intellij.diagnostic.VMOptions.setOptions(VMOptions.java:202)
	at com.intellij.diagnostic.VMOptions.setOption(VMOptions.java:193)
	at com.intellij.diagnostic.VMOptions.setOption(VMOptions.java:175)
	at com.intellij.diagnostic.MemorySizeConfigurator.execute(MemorySizeConfigurator.kt:54)
	at com.intellij.ide.startup.impl.StartupManagerImplKt$launchActivity$1.invokeSuspend(StartupManagerImpl.kt:496)
	at kotlin.coroutines.jvm.internal.BaseContinuationImpl.resumeWith(ContinuationImpl.kt:33)
	at kotlinx.coroutines.DispatchedTask.run(DispatchedTask.kt:104)
	at kotlinx.coroutines.scheduling.CoroutineScheduler.runSafely(CoroutineScheduler.kt:608)
	at kotlinx.coroutines.scheduling.CoroutineScheduler$Worker.executeTask(CoroutineScheduler.kt:873)
	at kotlinx.coroutines.scheduling.CoroutineScheduler$Worker.runWorker(CoroutineScheduler.kt:763)
	at kotlinx.coroutines.scheduling.CoroutineScheduler$Worker.run(CoroutineScheduler.kt:750)
2026-10-05 18:15:06,265 [  83778]   WARN - #c.i.u.x.Binding - No accessors for org.jetbrains.kotlin.cli.common.arguments.InternalArgument. This means that state class cannot be serialized properly. Please see https://jb.gg/ij-psoc

FAILURE: Build failed with an exception.

* What went wrong:
Configuration cache problems found in this build.

12 problems were found storing the configuration cache, 8 of which seem unique.
- Task `:buildSearchableOptions` of type `org.jetbrains.intellij.platform.gradle.tasks.BuildSearchableOptionsTask`: invocation of 'Task.project' at execution time is unsupported.
  See https://docs.gradle.org/8.7/userguide/configuration_cache.html#config_cache:requirements:use_project_during_execution
- Task `:composedJar` of type `org.jetbrains.intellij.platform.gradle.tasks.ComposedJarTask`: invocation of 'Task.project' at execution time is unsupported.
  See https://docs.gradle.org/8.7/userguide/configuration_cache.html#config_cache:requirements:use_project_during_execution
- Task `:initializeIntellijPlatformPlugin` of type `org.jetbrains.intellij.platform.gradle.tasks.InitializeIntelliJPlatformPluginTask`: invocation of 'Task.project' at execution time is unsupported.
  See https://docs.gradle.org/8.7/userguide/configuration_cache.html#config_cache:requirements:use_project_during_execution
- Task `:prepareJarSearchableOptions` of type `org.jetbrains.intellij.platform.gradle.tasks.PrepareJarSearchableOptionsTask`: execution of task ':prepareJarSearchableOptions' caused invocation of 'Task.project' in other task at execution time which is unsupported.
  See https://docs.gradle.org/8.7/userguide/configuration_cache.html#config_cache:requirements:use_project_during_execution
- Task `:prepareSandbox_runIdeForUiTests` of type `org.jetbrains.intellij.platform.gradle.tasks.PrepareSandboxTask`: execution of task ':prepareSandbox_runIdeForUiTests' caused invocation of 'Task.project' in other task at execution time which is unsupported.
  See https://docs.gradle.org/8.7/userguide/configuration_cache.html#config_cache:requirements:use_project_during_execution
- Task `:prepareSandbox` of type `org.jetbrains.intellij.platform.gradle.tasks.PrepareSandboxTask`: execution of task ':prepareSandbox' caused invocation of 'Task.project' in other task at execution time which is unsupported.
  See https://docs.gradle.org/8.7/userguide/configuration_cache.html#config_cache:requirements:use_project_during_execution
- Task `:runIdeForUiTests` of type `org.jetbrains.intellij.platform.gradle.tasks.RunIdeTask`: cannot serialize Gradle script object references as these are not supported with the configuration cache.
  See https://docs.gradle.org/8.7/userguide/configuration_cache.html#config_cache:requirements:disallowed_types
- Task `:runIdeForUiTests` of type `org.jetbrains.intellij.platform.gradle.tasks.RunIdeTask`: invocation of 'Task.project' at execution time is unsupported.
  See https://docs.gradle.org/8.7/userguide/configuration_cache.html#config_cache:requirements:use_project_during_execution

See the complete report at file:///C:/code/chainlesschain/packages/jetbrains-plugin/build/reports/configuration-cache/bs98vkco71gtpvh41f3xm6g3x/d011jr4er1zfndz27bs4mkb/configuration-cache-report.html
> Invocation of 'Task.project' by task ':initializeIntellijPlatformPlugin' at execution time is unsupported.
> Invocation of 'Task.project' by task ':composedJar' at execution time is unsupported.
> Execution of task ':prepareSandbox' caused invocation of 'Task.project' by task ':composedJar' at execution time which is unsupported.
> Invocation of 'Task.project' by task ':buildSearchableOptions' at execution time is unsupported.
> Execution of task ':prepareJarSearchableOptions' caused invocation of 'Task.project' by task ':composedJar' at execution time which is unsupported.

* Try:
> Run with --stacktrace option to get the stack trace.
> Run with --info or --debug option to get more log output.
> Run with --scan to get full insights.
> Get more help at https://help.gradle.org.

BUILD FAILED in 2m 18s
18 actionable tasks: 5 executed, 13 up-to-date
Configuration cache entry discarded with 12 problems.
