2026-10-10T04:22:03.4689376Z Current runner version: '2.337.0'
2026-10-10T04:22:03.4715501Z ##[group]Runner Image Provisioner
2026-10-10T04:22:03.4716444Z Hosted Compute Agent
2026-10-10T04:22:03.4717056Z Version: 20261002.596
2026-10-10T04:22:03.4717709Z Commit: c3d12f3313a95f25162a1503be624f3b0617f8c0
2026-10-10T04:22:03.4718492Z Build Date: 2026-10-02T22:28:27Z
2026-10-10T04:22:03.4719171Z Worker ID: {7980e58c-4e8f-4d26-bb38-ff3e4bb42d01}
2026-10-10T04:22:03.4719876Z Region: northcentralus
2026-10-10T04:22:03.4720500Z Cloud: Azure
2026-10-10T04:22:03.4721069Z ##[endgroup]
2026-10-10T04:22:03.4723037Z ##[group]Operating System
2026-10-10T04:22:03.4723741Z Ubuntu
2026-10-10T04:22:03.4724264Z 24.04.5
2026-10-10T04:22:03.4724855Z LTS
2026-10-10T04:22:03.4725402Z ##[endgroup]
2026-10-10T04:22:03.4725988Z ##[group]Runner Image
2026-10-10T04:22:03.4726626Z Image: ubuntu-24.04
2026-10-10T04:22:03.4727193Z Version: 20261004.327.1
2026-10-10T04:22:03.4728537Z Included Software: https://github.com/actions/runner-images/blob/ubuntu24/20261004.327/images/ubuntu/Ubuntu2404-Readme.md
2026-10-10T04:22:03.4730159Z Image Release: https://github.com/actions/runner-images/releases/tag/ubuntu24%2F20261004.327
2026-10-10T04:22:03.4731168Z ##[endgroup]
2026-10-10T04:22:03.4732802Z ##[group]GITHUB_TOKEN Permissions
2026-10-10T04:22:03.4734749Z Contents: read
2026-10-10T04:22:03.4735357Z Metadata: read
2026-10-10T04:22:03.4736004Z ##[endgroup]
2026-10-10T04:22:03.4738092Z Secret source: Actions
2026-10-10T04:22:03.4739183Z Cache mode: write
2026-10-10T04:22:03.4739888Z Prepare workflow directory
2026-10-10T04:22:03.5532938Z Prepare all required actions
2026-10-10T04:22:03.5607342Z Getting action download info
2026-10-10T04:22:03.7793766Z Download action repository 'actions/checkout@v5' (SHA:fbc6f3992d24b796d5a048ff273f7fcc4a7b6c09)
2026-10-10T04:22:03.8623538Z Download action repository 'actions/setup-node@v5' (SHA:a0853c24544627f65ddf259abe73b1d18a591444)
2026-10-10T04:22:04.0087809Z Download action repository 'actions/download-artifact@v7' (SHA:37930b1c2abaa49bbe596cd826c3c89aef350131)
2026-10-10T04:22:04.4594577Z Download action repository 'actions/upload-artifact@v6' (SHA:b7c566a772e6b6bfb58ed0dc250532a479d7789f)
2026-10-10T04:22:04.6503517Z Complete job name: Scheduler kernel soak aggregate
2026-10-10T04:22:04.7263274Z ##[group]Run echo "::error::At least one scheduler soak platform failed or did not finish"
2026-10-10T04:22:04.7264601Z [36;1mecho "::error::At least one scheduler soak platform failed or did not finish"[0m
2026-10-10T04:22:04.7265431Z [36;1mexit 1[0m
2026-10-10T04:22:04.7518475Z shell: /usr/bin/bash --noprofile --norc -e -o pipefail {0}
2026-10-10T04:22:04.7519577Z env:
2026-10-10T04:22:04.7520059Z   CC_SCHEDULER_SOAK_MODE: smoke
2026-10-10T04:22:04.7520655Z   CC_SCHEDULER_SOAK_DURATION_SECONDS: 15
2026-10-10T04:22:04.7521278Z   CC_SCHEDULER_SOAK_LEASE_MS: 1000
2026-10-10T04:22:04.7522274Z   CC_SCHEDULER_SOAK_EXPECTED_SHA: 73f5a3550d87db724f0c539223e671fd3ea6d1e1
2026-10-10T04:22:04.7523096Z   CC_SCHEDULER_SOAK_SEED: 1592598566
2026-10-10T04:22:04.7523868Z   CC_SCHEDULER_SOAK_CAMPAIGN: p2-4-scheduler-long-soak-775d5667bc7b
2026-10-10T04:22:04.7524813Z   CC_SCHEDULER_SOAK_WORKFLOW_SHA: e028f074f6122cfb0945b9a9e3a2942586703b29
2026-10-10T04:22:04.7525692Z   CC_SCHEDULER_SOAK_MAX_RSS_GROWTH_MB: 128
2026-10-10T04:22:04.7526339Z   CC_SCHEDULER_SOAK_MAX_RESOURCE_GROWTH: 8
2026-10-10T04:22:04.7527299Z   CC_SCHEDULER_SOAK_CLEANUP_DEADLINE_MS: 10000
2026-10-10T04:22:04.7528406Z   CC_SCHEDULER_SOAK_CHECKPOINT_INTERVAL_SECONDS: 30
2026-10-10T04:22:04.7529064Z ##[endgroup]
2026-10-10T04:22:04.7739117Z ##[error]At least one scheduler soak platform failed or did not finish
2026-10-10T04:22:04.7753759Z ##[error]Process completed with exit code 1.
2026-10-10T04:22:04.8058614Z ##[group]Run actions/upload-artifact@v6
2026-10-10T04:22:04.8059323Z with:
2026-10-10T04:22:04.8060049Z   name: cli-scheduler-soak-aggregate-73f5a3550d87db724f0c539223e671fd3ea6d1e1-1
2026-10-10T04:22:04.8061082Z   path: /home/runner/work/_temp/cli-scheduler-soak-aggregate.json
2026-10-10T04:22:04.8062329Z   if-no-files-found: error
2026-10-10T04:22:04.8062859Z   retention-days: 90
2026-10-10T04:22:04.8063363Z   compression-level: 6
2026-10-10T04:22:04.8063895Z   overwrite: false
2026-10-10T04:22:04.8064395Z   include-hidden-files: false
2026-10-10T04:22:04.8064941Z env:
2026-10-10T04:22:04.8065384Z   CC_SCHEDULER_SOAK_MODE: smoke
2026-10-10T04:22:04.8065958Z   CC_SCHEDULER_SOAK_DURATION_SECONDS: 15
2026-10-10T04:22:04.8066570Z   CC_SCHEDULER_SOAK_LEASE_MS: 1000
2026-10-10T04:22:04.8067339Z   CC_SCHEDULER_SOAK_EXPECTED_SHA: 73f5a3550d87db724f0c539223e671fd3ea6d1e1
2026-10-10T04:22:04.8068293Z   CC_SCHEDULER_SOAK_SEED: 1592598566
2026-10-10T04:22:04.8069158Z   CC_SCHEDULER_SOAK_CAMPAIGN: p2-4-scheduler-long-soak-775d5667bc7b
2026-10-10T04:22:04.8070111Z   CC_SCHEDULER_SOAK_WORKFLOW_SHA: e028f074f6122cfb0945b9a9e3a2942586703b29
2026-10-10T04:22:04.8070934Z   CC_SCHEDULER_SOAK_MAX_RSS_GROWTH_MB: 128
2026-10-10T04:22:04.8071563Z   CC_SCHEDULER_SOAK_MAX_RESOURCE_GROWTH: 8
2026-10-10T04:22:04.8072541Z   CC_SCHEDULER_SOAK_CLEANUP_DEADLINE_MS: 10000
2026-10-10T04:22:04.8073248Z   CC_SCHEDULER_SOAK_CHECKPOINT_INTERVAL_SECONDS: 30
2026-10-10T04:22:04.8073902Z ##[endgroup]
2026-10-10T04:22:04.9754890Z ##[error]No files were found with the provided path: /home/runner/work/_temp/cli-scheduler-soak-aggregate.json. No artifacts will be uploaded.
2026-10-10T04:22:04.9983572Z Cleaning up orphan processes
